
	    Maude Reachability Logic Prover v0.2.9 -- Sep. 21st 2018

Set module to CHOICE
Loaded function varsat for validity
Declared variable(s):
       { M:MSet, N:Nat }
Added terminating state:
       [N:Nat] |  true
Added goal(s):
       [test-invariant-1 : {M&1:MSet} |  true  => [M&2:MSet] |  true]
Added goal(s):
       [test-invariant-2 : {N&1:Nat} |  true  => [N&2:Nat] |  true]
Started proof:
       [1     | {M&1:MSet} |  true  => [M&2:MSet] |  true]
       [2     | {N&1:Nat} |  true  => [N&2:Nat] |  true]
Split rule generated:
       [3     | {M&1:MSet} | (M&1:MSet = N:Nat /\ true) => [M&2:MSet] |  true]
       [4     | {M&1:MSet} | (M&1:MSet =/= N:Nat /\ true) => [M&2:MSet] | 
    true]
Split rule generated:
       [5     | {M&1:MSet} |  M&1:MSet =/= N':Nat  => [M&2:MSet] |  true]
Split rule generated:
       [6     | {M&1:MSet} |  M&1:MSet = N':Nat  => [M&2:MSet] |  true]
       [7     | {M&1:MSet} |  N':Nat = N':Nat  => [M&2:MSet] |  true]
Warning: split rule formulas have unsafe variable sharing
Notice: proof branch failed: [2     | {N&1:Nat} |  true  => [N&2:Nat] |  true]
Split rule generated:
        
Warning: split rule formulas have unsafe variable sharing
Notice: proof branch failed: [3     | {M&1:MSet} | (M&1:MSet = N:Nat /\ true)
    => [M&2:MSet] |  true]
Split rule generated:
        
Warning: split rule formulas have unsafe variable sharing
Notice: proof branch failed: [6     | {M&1:MSet} |  M&1:MSet = N':Nat  => [
    M&2:MSet] |  true]
Split rule generated:
        
Step Results:
       [15    | {&10:MSet} |  N'&11:Nat = N'&11:Nat  => [M&12:MSet] |  true]
Loaded function varsat for validty
Loaded function varsat for validty
Bye.
