==========================================
reduce in PSISING-MAUDEL-10-SITE : [2 < 0] ? spinUp : spinDown .
rewrites: 16 in 0ms cpu (0ms real) (~ rewrites/second)
result State: [0,1]
==========================================
reduce in PSISING-MAUDEL-10-SITE : init(0) .
rewrites: 62 in 0ms cpu (0ms real) (~ rewrites/second)
result Cells: < 0,0 > :: [1,0]
; < 0,1 > :: [1,0]
; < 0,2 > :: [1,0]
; < 0,3 > :: [1,0]
; < 0,4 > :: [1,0]
; < 0,5 > :: [1,0]
; < 0,6 > :: [1,0]
; < 0,7 > :: [1,0]
; < 0,8 > :: [1,0]
; < 0,9 > :: [1,0]
==========================================
search [1] in PSISING-MAUDEL-10-SITE : [init(0)] =>* {CS:Cells} .

Solution 1 (state 1)
states: 2  rewrites: 1228 in 0ms cpu (0ms real) (~ rewrites/second)
CS:Cells --> < 0,0 > :: [1 - e ^ -1/15,e ^ -1/15]
; < 0,1 > :: [1 - e ^ -1/15,e ^ -1/15]
; < 0,2 > :: [1 - e ^ -1/15,e ^ -1/15]
; < 0,3 > :: [1 - e ^ -1/15,e ^ -1/15]
; < 0,4 > :: [1 - e ^ -1/15,e ^ -1/15]
; < 0,5 > :: [1 - e ^ -1/15,e ^ -1/15]
; < 0,6 > :: [1 - e ^ -1/15,e ^ -1/15]
; < 0,7 > :: [1 - e ^ -1/15,e ^ -1/15]
; < 0,8 > :: [1 - e ^ -1/15,e ^ -1/15]
; < 0,9 > :: [1 - e ^ -1/15,e ^ -1/15]
==========================================
reduce in PSISING-MAUDEL-10-SITE : [init(0)] .
rewrites: 1217 in 1ms cpu (0ms real) (1217000 rewrites/second)
result Conf: [< 0,0 > :: [1,0] -> [1 - e ^ -1/15,e ^ -1/15]
; < 0,1 > :: [1,0] -> [1 - e ^ -1/15,e ^ -1/15]
; < 0,2 > :: [1,0] -> [1 - e ^ -1/15,e ^ -1/15]
; < 0,3 > :: [1,0] -> [1 - e ^ -1/15,e ^ -1/15]
; < 0,4 > :: [1,0] -> [1 - e ^ -1/15,e ^ -1/15]
; < 0,5 > :: [1,0] -> [1 - e ^ -1/15,e ^ -1/15]
; < 0,6 > :: [1,0] -> [1 - e ^ -1/15,e ^ -1/15]
; < 0,7 > :: [1,0] -> [1 - e ^ -1/15,e ^ -1/15]
; < 0,8 > :: [1,0] -> [1 - e ^ -1/15,e ^ -1/15]
; < 0,9 > :: [1,0] -> [1 - e ^ -1/15,e ^ -1/15]]
Bye.
