==========================================
search [1] in PSISING-MAUDEL : [init] =>* {CS:Cells} .

Solution 1 (state 1)
states: 2  rewrites: 627 in 0ms cpu (0ms real) (~ rewrites/second)
CS:Cells --> < 0,0 > :: dist(δ(0)[- e ^ (δ(0)[a] * δ(0)[b] * -1/30 + δ(0)[
    a] * δ(0)[k] * -1/30)] * ([0 = 1 + - δ(0)[a]] + [0 = -1 + - δ(0)[a]]) *
    [- δ(0)[a] * δ(0)[b] + - δ(0)[a] * δ(0)[k] ≤ 0] * [0 ≠ - δ(0)[a] *
    δ(0)[b] + - δ(0)[a] * δ(0)[k]])
; < 0,1 > :: dist(δ(0)[- e ^ (δ(0)[a] * δ(0)[b] * -1/30 + δ(0)[b] * δ(0)[
    c] * -1/30)] * ([0 = 1 + - δ(0)[b]] + [0 = -1 + - δ(0)[b]]) * [- δ(0)[b]
    * δ(0)[a] + - δ(0)[b] * δ(0)[c] ≤ 0] * [0 ≠ - δ(0)[b] * δ(0)[a] +
    - δ(0)[b] * δ(0)[c]])
; < 0,2 > :: dist(δ(0)[- e ^ (δ(0)[b] * δ(0)[c] * -1/30 + δ(0)[c] * δ(0)[
    d] * -1/30)] * ([0 = 1 + - δ(0)[c]] + [0 = -1 + - δ(0)[c]]) * [- δ(0)[c]
    * δ(0)[b] + - δ(0)[c] * δ(0)[d] ≤ 0] * [0 ≠ - δ(0)[c] * δ(0)[b] +
    - δ(0)[c] * δ(0)[d]])
; < 0,3 > :: dist(δ(0)[- e ^ (δ(0)[c] * δ(0)[d] * -1/30 + δ(0)[d] * δ(0)[
    f] * -1/30)] * ([0 = 1 + - δ(0)[d]] + [0 = -1 + - δ(0)[d]]) * [- δ(0)[d]
    * δ(0)[c] + - δ(0)[d] * δ(0)[f] ≤ 0] * [0 ≠ - δ(0)[d] * δ(0)[c] +
    - δ(0)[d] * δ(0)[f]])
; < 0,4 > :: dist(δ(0)[- e ^ (δ(0)[d] * δ(0)[f] * -1/30 + δ(0)[f] * δ(0)[
    g] * -1/30)] * ([0 = 1 + - δ(0)[f]] + [0 = -1 + - δ(0)[f]]) * [- δ(0)[f]
    * δ(0)[d] + - δ(0)[f] * δ(0)[g] ≤ 0] * [0 ≠ - δ(0)[f] * δ(0)[d] +
    - δ(0)[f] * δ(0)[g]])
; < 0,5 > :: dist(δ(0)[- e ^ (δ(0)[f] * δ(0)[g] * -1/30 + δ(0)[g] * δ(0)[
    h] * -1/30)] * ([0 = 1 + - δ(0)[g]] + [0 = -1 + - δ(0)[g]]) * [- δ(0)[g]
    * δ(0)[f] + - δ(0)[g] * δ(0)[h] ≤ 0] * [0 ≠ - δ(0)[g] * δ(0)[f] +
    - δ(0)[g] * δ(0)[h]])
; < 0,6 > :: dist(δ(0)[- e ^ (δ(0)[g] * δ(0)[h] * -1/30 + δ(0)[h] * δ(0)[
    i] * -1/30)] * ([0 = 1 + - δ(0)[h]] + [0 = -1 + - δ(0)[h]]) * [- δ(0)[h]
    * δ(0)[g] + - δ(0)[h] * δ(0)[i] ≤ 0] * [0 ≠ - δ(0)[h] * δ(0)[g] +
    - δ(0)[h] * δ(0)[i]])
; < 0,7 > :: dist(δ(0)[- e ^ (δ(0)[h] * δ(0)[i] * -1/30 + δ(0)[i] * δ(0)[
    j] * -1/30)] * ([0 = 1 + - δ(0)[i]] + [0 = -1 + - δ(0)[i]]) * [- δ(0)[i]
    * δ(0)[h] + - δ(0)[i] * δ(0)[j] ≤ 0] * [0 ≠ - δ(0)[i] * δ(0)[h] +
    - δ(0)[i] * δ(0)[j]])
; < 0,8 > :: dist(δ(0)[- e ^ (δ(0)[i] * δ(0)[j] * -1/30 + δ(0)[j] * δ(0)[
    k] * -1/30)] * ([0 = 1 + - δ(0)[j]] + [0 = -1 + - δ(0)[j]]) * [- δ(0)[j]
    * δ(0)[i] + - δ(0)[j] * δ(0)[k] ≤ 0] * [0 ≠ - δ(0)[j] * δ(0)[i] +
    - δ(0)[j] * δ(0)[k]])
; < 0,9 > :: dist(δ(0)[- e ^ (δ(0)[a] * δ(0)[k] * -1/30 + δ(0)[j] * δ(0)[
    k] * -1/30)] * ([0 = 1 + - δ(0)[k]] + [0 = -1 + - δ(0)[k]]) * [- δ(0)[k]
    * δ(0)[a] + - δ(0)[k] * δ(0)[j] ≤ 0] * [0 ≠ - δ(0)[k] * δ(0)[a] +
    - δ(0)[k] * δ(0)[j]])
Bye.
