==========================================
get variants in THERMOSTAT-COMFORTABLE : heat-rate(MODE, TMP) .

Variant #1
rewrites: 0
Nat: heat-rate(#1:Mode, #2:Nat)
MODE --> #1:Mode
TMP --> #2:Nat

Variant #2
rewrites: 6
NzNat: 1 + 1 + %1:Nat
MODE --> on
TMP --> %1:Nat

Variant #3
rewrites: 6
Nat: %1:Nat
MODE --> off
TMP --> 1 + 1 + 1 + %1:Nat

Variant #4
rewrites: 6
Nat: %1:Nat
MODE --> delay(on)
TMP --> 1 + %1:Nat

Variant #5
rewrites: 6
Nat: %1:Nat
MODE --> delay(off)
TMP --> 1 + %1:Nat

No more variants.
rewrites: 6
==========================================
search in THERMOSTAT-COMFORTABLE : {0,10 + 10,off} =>* C:Conf .

Solution 1 (state 0)
states: 1  rewrites: 18
C:Conf --> {0,1 + 1 + 1 + 1 + 1 + 1 + 1 + 1 + 1 + 1 + 1 + 1 + 1 + 1 + 1 + 1 + 1
    + 1 + 1 + 1,off}

Solution 2 (state 1)
states: 2  rewrites: 84
C:Conf --> < 1 + 1 + 1 + 1,1 + 1 + 1 + 1 + 1 + 1 + 1 + 1 + 1 + 1 + 1 + 1 + 1 +
    1 + 1 + 1 + 1 + 1 + 1 + 1,delay(on) >

Solution 3 (state 2)
states: 3  rewrites: 144
C:Conf --> {1 + 1 + 1 + 1,1 + 1 + 1 + 1 + 1 + 1 + 1 + 1 + 1 + 1 + 1 + 1 + 1 + 1
    + 1 + 1 + 1 + 1 + 1,delay(on)}

Solution 4 (state 3)
states: 4  rewrites: 145
C:Conf --> < 1 + 1 + 1,1 + 1 + 1 + 1 + 1 + 1 + 1 + 1 + 1 + 1 + 1 + 1 + 1 + 1 +
    1 + 1 + 1 + 1 + 1,delay(on) >

Solution 5 (state 4)
states: 5  rewrites: 147
C:Conf --> {1 + 1 + 1,1 + 1 + 1 + 1 + 1 + 1 + 1 + 1 + 1 + 1 + 1 + 1 + 1 + 1 + 1
    + 1 + 1 + 1,delay(on)}

Solution 6 (state 5)
states: 6  rewrites: 148
C:Conf --> < 1 + 1,1 + 1 + 1 + 1 + 1 + 1 + 1 + 1 + 1 + 1 + 1 + 1 + 1 + 1 + 1 +
    1 + 1 + 1,delay(on) >

Solution 7 (state 6)
states: 7  rewrites: 150
C:Conf --> {1 + 1,1 + 1 + 1 + 1 + 1 + 1 + 1 + 1 + 1 + 1 + 1 + 1 + 1 + 1 + 1 + 1
    + 1,delay(on)}

Solution 8 (state 7)
states: 8  rewrites: 151
C:Conf --> < 1,1 + 1 + 1 + 1 + 1 + 1 + 1 + 1 + 1 + 1 + 1 + 1 + 1 + 1 + 1 + 1 +
    1,delay(on) >

Solution 9 (state 8)
states: 9  rewrites: 153
C:Conf --> {1,1 + 1 + 1 + 1 + 1 + 1 + 1 + 1 + 1 + 1 + 1 + 1 + 1 + 1 + 1 + 1,
    delay(on)}

Solution 10 (state 9)
states: 10  rewrites: 154
C:Conf --> < 0,1 + 1 + 1 + 1 + 1 + 1 + 1 + 1 + 1 + 1 + 1 + 1 + 1 + 1 + 1 + 1,
    delay(on) >

Solution 11 (state 10)
states: 11  rewrites: 156
C:Conf --> {0,1 + 1 + 1 + 1 + 1 + 1 + 1 + 1 + 1 + 1 + 1 + 1 + 1 + 1 + 1,delay(
    on)}

Solution 12 (state 11)
states: 12  rewrites: 157
C:Conf --> < 0,1 + 1 + 1 + 1 + 1 + 1 + 1 + 1 + 1 + 1 + 1 + 1 + 1 + 1 + 1,on >

Solution 13 (state 12)
states: 13  rewrites: 161
C:Conf --> {0,1 + 1 + 1 + 1 + 1 + 1 + 1 + 1 + 1 + 1 + 1 + 1 + 1 + 1 + 1 + 1 +
    1,on}

Solution 14 (state 13)
states: 14  rewrites: 270
C:Conf --> < 0,1 + 1 + 1 + 1 + 1 + 1 + 1 + 1 + 1 + 1 + 1 + 1 + 1 + 1 + 1 + 1 +
    1,on >

Solution 15 (state 14)
states: 15  rewrites: 274
C:Conf --> {0,1 + 1 + 1 + 1 + 1 + 1 + 1 + 1 + 1 + 1 + 1 + 1 + 1 + 1 + 1 + 1 + 1
    + 1 + 1,on}

Solution 16 (state 15)
states: 16  rewrites: 387
C:Conf --> < 0,1 + 1 + 1 + 1 + 1 + 1 + 1 + 1 + 1 + 1 + 1 + 1 + 1 + 1 + 1 + 1 +
    1 + 1 + 1,on >

Solution 17 (state 16)
states: 17  rewrites: 391
C:Conf --> {0,1 + 1 + 1 + 1 + 1 + 1 + 1 + 1 + 1 + 1 + 1 + 1 + 1 + 1 + 1 + 1 + 1
    + 1 + 1 + 1 + 1,on}

Solution 18 (state 17)
states: 18  rewrites: 508
C:Conf --> < 0,1 + 1 + 1 + 1 + 1 + 1 + 1 + 1 + 1 + 1 + 1 + 1 + 1 + 1 + 1 + 1 +
    1 + 1 + 1 + 1 + 1,on >

Solution 19 (state 18)
states: 19  rewrites: 512
C:Conf --> {0,1 + 1 + 1 + 1 + 1 + 1 + 1 + 1 + 1 + 1 + 1 + 1 + 1 + 1 + 1 + 1 + 1
    + 1 + 1 + 1 + 1 + 1 + 1,on}

Solution 20 (state 19)
states: 20  rewrites: 633
C:Conf --> < 0,1 + 1 + 1 + 1 + 1 + 1 + 1 + 1 + 1 + 1 + 1 + 1 + 1 + 1 + 1 + 1 +
    1 + 1 + 1 + 1 + 1 + 1 + 1,on >

Solution 21 (state 20)
states: 21  rewrites: 637
C:Conf --> {0,1 + 1 + 1 + 1 + 1 + 1 + 1 + 1 + 1 + 1 + 1 + 1 + 1 + 1 + 1 + 1 + 1
    + 1 + 1 + 1 + 1 + 1 + 1 + 1 + 1,on}

Solution 22 (state 21)
states: 22  rewrites: 701
C:Conf --> < 1 + 1,1 + 1 + 1 + 1 + 1 + 1 + 1 + 1 + 1 + 1 + 1 + 1 + 1 + 1 + 1 +
    1 + 1 + 1 + 1 + 1 + 1 + 1 + 1 + 1 + 1,delay(off) >

Solution 23 (state 22)
states: 23  rewrites: 763
C:Conf --> {1 + 1,1 + 1 + 1 + 1 + 1 + 1 + 1 + 1 + 1 + 1 + 1 + 1 + 1 + 1 + 1 + 1
    + 1 + 1 + 1 + 1 + 1 + 1 + 1 + 1,delay(off)}

Solution 24 (state 23)
states: 24  rewrites: 764
C:Conf --> < 1,1 + 1 + 1 + 1 + 1 + 1 + 1 + 1 + 1 + 1 + 1 + 1 + 1 + 1 + 1 + 1 +
    1 + 1 + 1 + 1 + 1 + 1 + 1 + 1,delay(off) >

Solution 25 (state 24)
states: 25  rewrites: 766
C:Conf --> {1,1 + 1 + 1 + 1 + 1 + 1 + 1 + 1 + 1 + 1 + 1 + 1 + 1 + 1 + 1 + 1 + 1
    + 1 + 1 + 1 + 1 + 1 + 1,delay(off)}

Solution 26 (state 25)
states: 26  rewrites: 767
C:Conf --> < 0,1 + 1 + 1 + 1 + 1 + 1 + 1 + 1 + 1 + 1 + 1 + 1 + 1 + 1 + 1 + 1 +
    1 + 1 + 1 + 1 + 1 + 1 + 1,delay(off) >

Solution 27 (state 26)
states: 27  rewrites: 769
C:Conf --> {0,1 + 1 + 1 + 1 + 1 + 1 + 1 + 1 + 1 + 1 + 1 + 1 + 1 + 1 + 1 + 1 + 1
    + 1 + 1 + 1 + 1 + 1,delay(off)}

Solution 28 (state 27)
states: 28  rewrites: 770
C:Conf --> < 0,1 + 1 + 1 + 1 + 1 + 1 + 1 + 1 + 1 + 1 + 1 + 1 + 1 + 1 + 1 + 1 +
    1 + 1 + 1 + 1 + 1 + 1,off >

Solution 29 (state 28)
states: 29  rewrites: 772
C:Conf --> {0,1 + 1 + 1 + 1 + 1 + 1 + 1 + 1 + 1 + 1 + 1 + 1 + 1 + 1 + 1 + 1 + 1
    + 1 + 1,off}

Solution 30 (state 29)
states: 30  rewrites: 837
C:Conf --> < 1 + 1 + 1 + 1,1 + 1 + 1 + 1 + 1 + 1 + 1 + 1 + 1 + 1 + 1 + 1 + 1 +
    1 + 1 + 1 + 1 + 1 + 1,delay(on) >

Solution 31 (state 30)
states: 31  rewrites: 896
C:Conf --> {1 + 1 + 1 + 1,1 + 1 + 1 + 1 + 1 + 1 + 1 + 1 + 1 + 1 + 1 + 1 + 1 + 1
    + 1 + 1 + 1 + 1,delay(on)}

Solution 32 (state 31)
states: 32  rewrites: 897
C:Conf --> < 1 + 1 + 1,1 + 1 + 1 + 1 + 1 + 1 + 1 + 1 + 1 + 1 + 1 + 1 + 1 + 1 +
    1 + 1 + 1 + 1,delay(on) >

Solution 33 (state 32)
states: 33  rewrites: 899
C:Conf --> {1 + 1 + 1,1 + 1 + 1 + 1 + 1 + 1 + 1 + 1 + 1 + 1 + 1 + 1 + 1 + 1 + 1
    + 1 + 1,delay(on)}

Solution 34 (state 33)
states: 34  rewrites: 900
C:Conf --> < 1 + 1,1 + 1 + 1 + 1 + 1 + 1 + 1 + 1 + 1 + 1 + 1 + 1 + 1 + 1 + 1 +
    1 + 1,delay(on) >

Solution 35 (state 34)
states: 35  rewrites: 902
C:Conf --> {1 + 1,1 + 1 + 1 + 1 + 1 + 1 + 1 + 1 + 1 + 1 + 1 + 1 + 1 + 1 + 1 +
    1,delay(on)}

Solution 36 (state 35)
states: 36  rewrites: 903
C:Conf --> < 1,1 + 1 + 1 + 1 + 1 + 1 + 1 + 1 + 1 + 1 + 1 + 1 + 1 + 1 + 1 + 1,
    delay(on) >

Solution 37 (state 36)
states: 37  rewrites: 905
C:Conf --> {1,1 + 1 + 1 + 1 + 1 + 1 + 1 + 1 + 1 + 1 + 1 + 1 + 1 + 1 + 1,delay(
    on)}

Solution 38 (state 37)
states: 38  rewrites: 906
C:Conf --> < 0,1 + 1 + 1 + 1 + 1 + 1 + 1 + 1 + 1 + 1 + 1 + 1 + 1 + 1 + 1,delay(
    on) >

Solution 39 (state 38)
states: 39  rewrites: 908
C:Conf --> {0,1 + 1 + 1 + 1 + 1 + 1 + 1 + 1 + 1 + 1 + 1 + 1 + 1 + 1,delay(on)}

Solution 40 (state 39)
states: 40  rewrites: 909
C:Conf --> < 0,1 + 1 + 1 + 1 + 1 + 1 + 1 + 1 + 1 + 1 + 1 + 1 + 1 + 1,on >

Solution 41 (state 40)
states: 41  rewrites: 913
C:Conf --> {0,1 + 1 + 1 + 1 + 1 + 1 + 1 + 1 + 1 + 1 + 1 + 1 + 1 + 1 + 1 + 1,on}

Solution 42 (state 41)
states: 42  rewrites: 1020
C:Conf --> < 0,1 + 1 + 1 + 1 + 1 + 1 + 1 + 1 + 1 + 1 + 1 + 1 + 1 + 1 + 1 + 1,on
    >

Solution 43 (state 42)
states: 43  rewrites: 1024
C:Conf --> {0,1 + 1 + 1 + 1 + 1 + 1 + 1 + 1 + 1 + 1 + 1 + 1 + 1 + 1 + 1 + 1 + 1
    + 1,on}

Solution 44 (state 43)
states: 44  rewrites: 1135
C:Conf --> < 0,1 + 1 + 1 + 1 + 1 + 1 + 1 + 1 + 1 + 1 + 1 + 1 + 1 + 1 + 1 + 1 +
    1 + 1,on >

Solution 45 (state 44)
states: 45  rewrites: 1139
C:Conf --> {0,1 + 1 + 1 + 1 + 1 + 1 + 1 + 1 + 1 + 1 + 1 + 1 + 1 + 1 + 1 + 1 + 1
    + 1 + 1 + 1,on}

Solution 46 (state 45)
states: 46  rewrites: 1254
C:Conf --> < 0,1 + 1 + 1 + 1 + 1 + 1 + 1 + 1 + 1 + 1 + 1 + 1 + 1 + 1 + 1 + 1 +
    1 + 1 + 1 + 1,on >

Solution 47 (state 46)
states: 47  rewrites: 1258
C:Conf --> {0,1 + 1 + 1 + 1 + 1 + 1 + 1 + 1 + 1 + 1 + 1 + 1 + 1 + 1 + 1 + 1 + 1
    + 1 + 1 + 1 + 1 + 1,on}

Solution 48 (state 47)
states: 48  rewrites: 1377
C:Conf --> < 0,1 + 1 + 1 + 1 + 1 + 1 + 1 + 1 + 1 + 1 + 1 + 1 + 1 + 1 + 1 + 1 +
    1 + 1 + 1 + 1 + 1 + 1,on >

Solution 49 (state 48)
states: 49  rewrites: 1381
C:Conf --> {0,1 + 1 + 1 + 1 + 1 + 1 + 1 + 1 + 1 + 1 + 1 + 1 + 1 + 1 + 1 + 1 + 1
    + 1 + 1 + 1 + 1 + 1 + 1 + 1,on}

Solution 50 (state 49)
states: 50  rewrites: 1445
C:Conf --> < 1 + 1,1 + 1 + 1 + 1 + 1 + 1 + 1 + 1 + 1 + 1 + 1 + 1 + 1 + 1 + 1 +
    1 + 1 + 1 + 1 + 1 + 1 + 1 + 1 + 1,delay(off) >

Solution 51 (state 50)
states: 51  rewrites: 1507
C:Conf --> {1 + 1,1 + 1 + 1 + 1 + 1 + 1 + 1 + 1 + 1 + 1 + 1 + 1 + 1 + 1 + 1 + 1
    + 1 + 1 + 1 + 1 + 1 + 1 + 1,delay(off)}

Solution 52 (state 51)
states: 52  rewrites: 1508
C:Conf --> < 1,1 + 1 + 1 + 1 + 1 + 1 + 1 + 1 + 1 + 1 + 1 + 1 + 1 + 1 + 1 + 1 +
    1 + 1 + 1 + 1 + 1 + 1 + 1,delay(off) >

Solution 53 (state 52)
states: 53  rewrites: 1510
C:Conf --> {1,1 + 1 + 1 + 1 + 1 + 1 + 1 + 1 + 1 + 1 + 1 + 1 + 1 + 1 + 1 + 1 + 1
    + 1 + 1 + 1 + 1 + 1,delay(off)}

Solution 54 (state 53)
states: 54  rewrites: 1511
C:Conf --> < 0,1 + 1 + 1 + 1 + 1 + 1 + 1 + 1 + 1 + 1 + 1 + 1 + 1 + 1 + 1 + 1 +
    1 + 1 + 1 + 1 + 1 + 1,delay(off) >

Solution 55 (state 54)
states: 55  rewrites: 1513
C:Conf --> {0,1 + 1 + 1 + 1 + 1 + 1 + 1 + 1 + 1 + 1 + 1 + 1 + 1 + 1 + 1 + 1 + 1
    + 1 + 1 + 1 + 1,delay(off)}

Solution 56 (state 55)
states: 56  rewrites: 1514
C:Conf --> < 0,1 + 1 + 1 + 1 + 1 + 1 + 1 + 1 + 1 + 1 + 1 + 1 + 1 + 1 + 1 + 1 +
    1 + 1 + 1 + 1 + 1,off >

Solution 57 (state 56)
states: 57  rewrites: 1516
C:Conf --> {0,1 + 1 + 1 + 1 + 1 + 1 + 1 + 1 + 1 + 1 + 1 + 1 + 1 + 1 + 1 + 1 + 1
    + 1,off}

Solution 58 (state 57)
states: 58  rewrites: 1580
C:Conf --> < 1 + 1 + 1 + 1,1 + 1 + 1 + 1 + 1 + 1 + 1 + 1 + 1 + 1 + 1 + 1 + 1 +
    1 + 1 + 1 + 1 + 1,delay(on) >

Solution 59 (state 58)
states: 59  rewrites: 1638
C:Conf --> {1 + 1 + 1 + 1,1 + 1 + 1 + 1 + 1 + 1 + 1 + 1 + 1 + 1 + 1 + 1 + 1 + 1
    + 1 + 1 + 1,delay(on)}

Solution 60 (state 59)
states: 60  rewrites: 1639
C:Conf --> < 1 + 1 + 1,1 + 1 + 1 + 1 + 1 + 1 + 1 + 1 + 1 + 1 + 1 + 1 + 1 + 1 +
    1 + 1 + 1,delay(on) >

Solution 61 (state 60)
states: 61  rewrites: 1641
C:Conf --> {1 + 1 + 1,1 + 1 + 1 + 1 + 1 + 1 + 1 + 1 + 1 + 1 + 1 + 1 + 1 + 1 + 1
    + 1,delay(on)}

Solution 62 (state 61)
states: 62  rewrites: 1642
C:Conf --> < 1 + 1,1 + 1 + 1 + 1 + 1 + 1 + 1 + 1 + 1 + 1 + 1 + 1 + 1 + 1 + 1 +
    1,delay(on) >

Solution 63 (state 62)
states: 63  rewrites: 1644
C:Conf --> {1 + 1,1 + 1 + 1 + 1 + 1 + 1 + 1 + 1 + 1 + 1 + 1 + 1 + 1 + 1 + 1,
    delay(on)}

Solution 64 (state 63)
states: 64  rewrites: 1645
C:Conf --> < 1,1 + 1 + 1 + 1 + 1 + 1 + 1 + 1 + 1 + 1 + 1 + 1 + 1 + 1 + 1,delay(
    on) >

Solution 65 (state 64)
states: 65  rewrites: 1647
C:Conf --> {1,1 + 1 + 1 + 1 + 1 + 1 + 1 + 1 + 1 + 1 + 1 + 1 + 1 + 1,delay(on)}

Solution 66 (state 65)
states: 66  rewrites: 1648
C:Conf --> < 0,1 + 1 + 1 + 1 + 1 + 1 + 1 + 1 + 1 + 1 + 1 + 1 + 1 + 1,delay(on)
    >

Solution 67 (state 66)
states: 67  rewrites: 1650
C:Conf --> {0,1 + 1 + 1 + 1 + 1 + 1 + 1 + 1 + 1 + 1 + 1 + 1 + 1,delay(on)}

Solution 68 (state 67)
states: 68  rewrites: 1651
C:Conf --> < 0,1 + 1 + 1 + 1 + 1 + 1 + 1 + 1 + 1 + 1 + 1 + 1 + 1,on >

Solution 69 (state 68)
states: 69  rewrites: 1655
C:Conf --> {0,1 + 1 + 1 + 1 + 1 + 1 + 1 + 1 + 1 + 1 + 1 + 1 + 1 + 1 + 1,on}

No more solutions.
states: 69  rewrites: 1760
Bye.
