==========================================
reduce in META-NARROWING-INTERFACE : metaNarrow2(upModule('CYCLE, true), 'f[
    'a.PreState]) == ({'f['b.PreState],'State,none / rl 'f['a.PreState] => 'f[
    'b.PreState] [narrowing label('a2b)] .} || {'g['c.PreState],'State,none /
    rl 'f['a.PreState] => 'g['c.PreState] [narrowing label('a2c)] .}) .
rewrites: 1017
result Bool: true
==========================================
reduce in META-NARROWING-INTERFACE : metaNarrow2(upModule('CYCLE, true), 'f[
    'b.PreState]) == {'f['c.PreState],'State,none / rl 'f['b.PreState] => 'f[
    'c.PreState] [narrowing label('b2c)] .} .
rewrites: 849
result Bool: true
==========================================
reduce in META-NARROWING-INTERFACE : metaNarrow2(upModule('BOUNDED-CYCLE,
    true), '`{_`,_`}['1.Nat*,'1.Nat*]) == {'`{_`,_`}['0.Nat*,'1.NzNat*],'State,
    none / rl '`{_`,_`}['_:+_['1.NzNat*,'#1:Nat*,'#2:Nat*],'#3:Nat*] =>
    '`{_`,_`}['#1:Nat*,'#3:Nat*] [narrowing label('rm)] .} .
rewrites: 1874
result Bool: true
==========================================
reduce in META-NARROWING-INTERFACE : metaNarrow2(upModule('BOUNDED-CYCLE,
    true), '`{_`,_`}['N:Nat*,'_:+_['1.Nat*,'1.Nat*,'1.Nat*]]) == (((((({
    '`{_`,_`}['_:+_['1.NzNat*,'1.NzNat*,'1.NzNat*],'_:+_['1.NzNat*,'1.NzNat*,
    '1.NzNat*]],'State,
  'N:Nat* <- '1.NzNat* / rl '`{_`,_`}['#1:Nat*,'_:+_['1.NzNat*,'#1:Nat*,
    '#2:Nat*,'#3:Nat*]] => '`{_`,_`}['_:+_['#1:Nat*,'_:+_['1.NzNat*,'#3:Nat*]],
    '_:+_['#3:Nat*,'_:+_['1.NzNat*,'_:+_['#1:Nat*,'#2:Nat*]]]] [narrowing
    label('add)] .} || {'`{_`,_`}['_:+_['1.NzNat*,'1.NzNat*,'1.NzNat*],'_:+_[
    '1.NzNat*,'1.NzNat*,'1.NzNat*]],'State,
  'N:Nat* <- '_:+_['1.NzNat*,'1.NzNat*] / rl '`{_`,_`}['#1:Nat*,'_:+_[
    '1.NzNat*,'#1:Nat*,'#2:Nat*,'#3:Nat*]] => '`{_`,_`}['_:+_['#1:Nat*,'_:+_[
    '1.NzNat*,'#3:Nat*]],'_:+_['#3:Nat*,'_:+_['1.NzNat*,'_:+_['#1:Nat*,
    '#2:Nat*]]]] [narrowing label('add)] .}) || {'`{_`,_`}['_:+_['1.NzNat*,
    '1.NzNat*,'1.NzNat*],'_:+_['1.NzNat*,'1.NzNat*,'1.NzNat*]],'State,
  'N:Nat* <- '0.Nat* / rl '`{_`,_`}['#1:Nat*,'_:+_['1.NzNat*,'#1:Nat*,'#2:Nat*,
    '#3:Nat*]] => '`{_`,_`}['_:+_['#1:Nat*,'_:+_['1.NzNat*,'#3:Nat*]],'_:+_[
    '#3:Nat*,'_:+_['1.NzNat*,'_:+_['#1:Nat*,'#2:Nat*]]]] [narrowing label(
    'add)] .}) || {'`{_`,_`}['_:+_['1.NzNat*,'1.NzNat*],'_:+_['1.NzNat*,
    '1.NzNat*,'1.NzNat*]],'State,
  'N:Nat* <- '1.NzNat* / rl '`{_`,_`}['#1:Nat*,'_:+_['1.NzNat*,'#1:Nat*,
    '#2:Nat*,'#3:Nat*]] => '`{_`,_`}['_:+_['#1:Nat*,'_:+_['1.NzNat*,'#3:Nat*]],
    '_:+_['#3:Nat*,'_:+_['1.NzNat*,'_:+_['#1:Nat*,'#2:Nat*]]]] [narrowing
    label('add)] .}) || {'`{_`,_`}['_:+_['1.NzNat*,'1.NzNat*],'_:+_['1.NzNat*,
    '1.NzNat*,'1.NzNat*]],'State,
  'N:Nat* <- '0.Nat* / rl '`{_`,_`}['#1:Nat*,'_:+_['1.NzNat*,'#1:Nat*,'#2:Nat*,
    '#3:Nat*]] => '`{_`,_`}['_:+_['#1:Nat*,'_:+_['1.NzNat*,'#3:Nat*]],'_:+_[
    '#3:Nat*,'_:+_['1.NzNat*,'_:+_['#1:Nat*,'#2:Nat*]]]] [narrowing label(
    'add)] .}) || {'`{_`,_`}['1.NzNat*,'_:+_['1.NzNat*,'1.NzNat*,'1.NzNat*]],
    'State,
  'N:Nat* <- '0.Nat* / rl '`{_`,_`}['#1:Nat*,'_:+_['1.NzNat*,'#1:Nat*,'#2:Nat*,
    '#3:Nat*]] => '`{_`,_`}['_:+_['#1:Nat*,'_:+_['1.NzNat*,'#3:Nat*]],'_:+_[
    '#3:Nat*,'_:+_['1.NzNat*,'_:+_['#1:Nat*,'#2:Nat*]]]] [narrowing label(
    'add)] .}) || {'`{_`,_`}['#1:Nat*,'_:+_['1.NzNat*,'1.NzNat*,'1.NzNat*]],
    'State,
  'N:Nat* <- '_:+_['1.NzNat*,'#1:Nat*,'#2:Nat*] / rl '`{_`,_`}['_:+_['1.NzNat*,
    '#1:Nat*,'#2:Nat*],'#3:Nat*] => '`{_`,_`}['#1:Nat*,'#3:Nat*] [narrowing
    label('rm)] .}) .
rewrites: 5539
result Bool: true
==========================================
reduce in META-NARROWING-INTERFACE : metaNarrow2(upModule('BOUNDED-CYCLE,
    true), '`{_`,_`}['N:Nat*,'M:Nat*]) == ({'`{_`,_`}['#1:Nat*,'M:Nat*],'State,
  'N:Nat* <- '_:+_['1.NzNat*,'#1:Nat*,'#2:Nat*] / rl '`{_`,_`}['_:+_['1.NzNat*,
    '#1:Nat*,'#2:Nat*],'#3:Nat*] => '`{_`,_`}['#1:Nat*,'#3:Nat*] [narrowing
    label('rm)] .} || {'`{_`,_`}['_:+_['1.NzNat*,'N:Nat*,'#3:Nat*],'_:+_[
    '1.NzNat*,'N:Nat*,'#2:Nat*,'#3:Nat*]],'State,
  'M:Nat* <- '_:+_['1.NzNat*,'N:Nat*,'#2:Nat*,'#3:Nat*] / rl '`{_`,_`}[
    '#1:Nat*,'_:+_['1.NzNat*,'#1:Nat*,'#2:Nat*,'#3:Nat*]] => '`{_`,_`}['_:+_[
    '#1:Nat*,'_:+_['1.NzNat*,'#3:Nat*]],'_:+_['#3:Nat*,'_:+_['1.NzNat*,'_:+_[
    '#1:Nat*,'#2:Nat*]]]] [narrowing label('add)] .}) .
rewrites: 2461
result Bool: true
==========================================
reduce in META-NARROWING-INTERFACE : allNarrowSteps(upModule('EXT-CYCLE, true),
    'f['a.PreState], 0) == allNarrowSteps(upModule('EXT-CYCLE, true), 'f[
    'a.PreState]) .
rewrites: 104
result Bool: true
==========================================
reduce in META-NARROWING-INTERFACE : allNarrowSteps(upModule('EXT-CYCLE, true),
    'f['a.PreState], 0) == ({'f['b.PreState],'State,none / rl 'f['a.PreState]
    => 'f['b.PreState] [narrowing label('a2b)] .} || {'g['c.PreState],'State,
    none / rl 'f['a.PreState] => 'g['c.PreState] [narrowing label('a2c)] .
rl 'g['a.PreState] => 'g['c.PreState] [narrowing label('a2c)] .}) .
rewrites: 53
result Bool: true
==========================================
reduce in META-NARROWING-INTERFACE : allNarrowSteps(upModule('EXT-CYCLE, true),
    'f['a.PreState], 1) == {'g['c.PreState],'State,none / rl 'f['a.PreState] =>
    'g['c.PreState] [narrowing label('a2c)] .
rl 'g['a.PreState] => 'g['c.PreState] [narrowing label('a2c)] .} .
rewrites: 29
result Bool: true
==========================================
reduce in META-NARROWING-INTERFACE : allNarrowSteps(upModule('EXT-CYCLE, true),
    'f['a.PreState], 2) == (empty).StepResultSet .
rewrites: 5
result Bool: true
==========================================
reduce in META-NARROWING-INTERFACE : allNarrowSteps(upModule('EXT-CYCLE, true),
    'f['c.PreState], 0) == {'f['a.PreState],'State,none / rl 'f['c.PreState] =>
    'f['a.PreState] [narrowing label('c2a)] .
rl 'g['c.PreState] => 'g['a.PreState] [narrowing label('c2a)] .} .
rewrites: 29
result Bool: true
==========================================
reduce in META-NARROWING-INTERFACE : allNarrowSteps(upModule('EXT-CYCLE, true),
    'g['b.PreState], 0) == (empty).StepResultSet .
rewrites: 5
result Bool: true
==========================================
reduce in META-NARROWING-INTERFACE : allNarrowSteps(upModule('EXT-CYCLE, true),
    'g['a.PreState], 0) == {'g['c.PreState],'State,none / rl 'f['a.PreState] =>
    'g['c.PreState] [narrowing label('a2c)] .
rl 'g['a.PreState] => 'g['c.PreState] [narrowing label('a2c)] .} .
rewrites: 29
result Bool: true
Bye.
