==========================================
reduce in EQFORM-TEST : ('_*_['Y:Nat,'X:Nat] ?= '_+_['1.Nat,'X:Nat] /\
    'true.Bool != '_<_['Y:Nat,'Z:Nat]) << (
  'Y:Nat <- '3.Nat) == ('_*_['3.Nat,'X:Nat] ?= '_+_['1.Nat,'X:Nat] /\
    'true.Bool != '_<_['3.Nat,'Z:Nat]) .
rewrites: 33
result Bool: true
==========================================
reduce in EQFORM-TEST : ('true.Bool != '_<_['Y:Nat,'Z:Nat] \/ '_*_['Y:Nat,
    'X:Nat] != '_+_['1.Nat,'X:Nat]) << (
  'X:Nat <- '7.Nat) == ('true.Bool != '_<_['Y:Nat,'Z:Nat] \/ '_*_['Y:Nat,
    '7.Nat] != '_+_['1.Nat,'7.Nat]) .
rewrites: 36
result Bool: true
==========================================
reduce in EQFORM-TEST : f1 :: Form .
rewrites: 14
result Bool: true
==========================================
reduce in EQFORM-TEST : f2 :: Form .
rewrites: 21
result Bool: true
==========================================
reduce in EQFORM-TEST : ff .
rewrites: 0
result FalseLit: ff
==========================================
reduce in EQFORM-TEST : tt .
rewrites: 0
result TrueLit: tt
==========================================
reduce in EQFORM-TEST : F:Form .
rewrites: 0
result Form: F:Form
==========================================
reduce in EQFORM-TEST : F:Form .
rewrites: 0
result Form: F:Form
==========================================
reduce in EQFORM-TEST : nnf(f1) .
rewrites: 118
result EqForm: 'F:Foo ?= 'f['bar.Bar] \/ 'B:Bar != 'foo.Foo \/ 'W:Wop !=
    'bar.Bar \/ 'f['H:Baz] ?= 'f['f['I:Wop]] /\ 'H:Baz != 'f['I:Wop]
==========================================
reduce in EQFORM-TEST : nnf(f2) .
rewrites: 142
result EqForm: 'U:Stu != 'W:Roc /\ 'F:Foo ?= 'f['bar.Bar] \/ 'B:Bar != 'foo.Foo
    \/ 'W:Wop != 'bar.Bar \/ 'f['H:Baz] ?= 'f['f['I:Wop]] /\ 'H:Baz != 'f[
    'I:Wop]
==========================================
reduce in EQFORM-TEST : nef(f1) .
rewrites: 120
result EqForm: 'F:Foo ?= 'f['bar.Bar] \/ 'B:Bar != 'foo.Foo \/ 'W:Wop !=
    'bar.Bar \/ 'f['H:Baz] ?= 'f['f['I:Wop]] /\ 'H:Baz != 'f['I:Wop]
==========================================
reduce in EQFORM-TEST : nef(f2) .
rewrites: 144
result EqForm: 'U:Stu != 'W:Roc /\ 'F:Foo ?= 'f['bar.Bar] \/ 'B:Bar != 'foo.Foo
    \/ 'W:Wop != 'bar.Bar \/ 'f['H:Baz] ?= 'f['f['I:Wop]] /\ 'H:Baz != 'f[
    'I:Wop]
==========================================
reduce in EQFORM-TEST : cnf(f1) .
rewrites: 635
result EqForm: ('F:Foo ?= 'f['bar.Bar] \/ 'f['H:Baz] ?= 'f['f['I:Wop]] \/
    'B:Bar != 'foo.Foo \/ 'W:Wop != 'bar.Bar) /\ 'F:Foo ?= 'f['bar.Bar] \/
    'B:Bar != 'foo.Foo \/ 'H:Baz != 'f['I:Wop] \/ 'W:Wop != 'bar.Bar
==========================================
reduce in EQFORM-TEST : cnf(f2) .
rewrites: 705
result EqForm: 'U:Stu != 'W:Roc /\ ('F:Foo ?= 'f['bar.Bar] \/ 'f['H:Baz] ?= 'f[
    'f['I:Wop]] \/ 'B:Bar != 'foo.Foo \/ 'W:Wop != 'bar.Bar) /\ 'F:Foo ?= 'f[
    'bar.Bar] \/ 'B:Bar != 'foo.Foo \/ 'H:Baz != 'f['I:Wop] \/ 'W:Wop !=
    'bar.Bar
==========================================
reduce in EQFORM-TEST : dnf(f1) .
rewrites: 245
result EqForm: 'F:Foo ?= 'f['bar.Bar] \/ 'B:Bar != 'foo.Foo \/ 'W:Wop !=
    'bar.Bar \/ 'f['H:Baz] ?= 'f['f['I:Wop]] /\ 'H:Baz != 'f['I:Wop]
==========================================
reduce in EQFORM-TEST : dnf(f2) .
rewrites: 553
result EqForm: ('F:Foo ?= 'f['bar.Bar] /\ 'U:Stu != 'W:Roc) \/ ('B:Bar !=
    'foo.Foo /\ 'U:Stu != 'W:Roc) \/ ('U:Stu != 'W:Roc /\ 'W:Wop != 'bar.Bar)
    \/ 'f['H:Baz] ?= 'f['f['I:Wop]] /\ 'H:Baz != 'f['I:Wop] /\ 'U:Stu != 'W:Roc
==========================================
reduce in EQFORM-TEST : wellFormed(upModule('EQFORM-TEST-MODULE), f1) .
rewrites: 127
result Bool: true
==========================================
reduce in EQFORM-TEST : wellFormed(upModule('EQFORM-TEST-MODULE), f2) .
rewrites: 159
result Bool: true
==========================================
reduce in EQFORM-TEST : wellFormed(upModule('EQFORM-TEST-MODULE), f1 /\ '0.Term
    ?= 'T:BadSort) .
rewrites: 30
result Bool: false
==========================================
reduce in EQFORM-TEST : normalize(upModule('NAT), '0.Nat ?= 's_['s_['0.Nat]]) .
rewrites: 13
result PosEqLit: '0.Zero ?= 's_^2['0.Zero]
==========================================
reduce in EQFORM-TEST : normalize(upModule('EQFORM-TEST-MODULE), f1) .
rewrites: 105
result Form: ~ ('B:Bar ?= 'foo.Foo /\ 'F:Foo != 'f['bar.Bar]) \/ ~ ('W:Wop ?=
    'bar.Bar /\ 'H:Baz ?= 'f['I:Wop] \/ 'f['H:Baz] != 'f['f['I:Wop]])
==========================================
reduce in EQFORM-TEST : normalize(upModule('EQFORM-TEST-MODULE), f2) .
rewrites: 134
result Form: ~ 'U:Stu ?= 'W:Roc /\ ~ ('B:Bar ?= 'foo.Foo /\ 'F:Foo != 'f[
    'bar.Bar]) \/ ~ ('W:Wop ?= 'bar.Bar /\ 'H:Baz ?= 'f['I:Wop] \/ 'f['H:Baz]
    != 'f['f['I:Wop]])
==========================================
reduce in EQFORM-TEST : vars('0.Nat ?= 's_['s_['X:Nat]]) .
rewrites: 11
result Variable: 'X:Nat
==========================================
reduce in EQFORM-TEST : vars(f1) .
rewrites: 100
result NeQidSet: 'B:Bar ; 'F:Foo ; 'H:Baz ; 'I:Wop ; 'W:Wop
==========================================
reduce in EQFORM-TEST : vars(f2) .
rewrites: 127
result NeQidSet: 'B:Bar ; 'F:Foo ; 'H:Baz ; 'I:Wop ; 'U:Stu ; 'W:Roc ; 'W:Wop
==========================================
reduce in EQFORM-TEST : toUnifProb(a /\ c /\ e) .
rewrites: 7
result UnificationProblem: 'B:Bar =? 'foo.Foo /\ 'H:Baz =? 'f['I:Wop] /\ 'U:Stu
    =? 'W:Roc
Bye.
