Warning: sort declarations for operator resolveNames failed preregularity check
    on 6 out of 38 sort tuples. First such tuple is (Type).
==========================================
reduce in TEST-STRUCTURED-NAME : prime(X) .
rewrites: 33
result Sort: X':Sort
==========================================
reduce in TEST-STRUCTURED-NAME : prime(3, X) .
rewrites: 36
result Sort: X''':Sort
==========================================
reduce in TEST-STRUCTURED-NAME : prime(3, F{X}) .
rewrites: 71
result Sort: F''':Sort{X''':Sort}
==========================================
reduce in TEST-STRUCTURED-NAME : prime(3, 'F{X}) .
rewrites: 39
result Sort: 'F{X''':Sort}
==========================================
reduce in TEST-STRUCTURED-NAME : prime(X, X) .
rewrites: 39
result Sort: X':Sort
==========================================
reduce in TEST-STRUCTURED-NAME : prime(X, Y) .
rewrites: 45
result Sort: Y:Sort
==========================================
reduce in TEST-STRUCTURED-NAME : prime(X, F{X}) .
rewrites: 48
result Sort: F:Sort{X':Sort}
==========================================
reduce in TEST-STRUCTURED-NAME : prime(X, 'F{X}) .
rewrites: 42
result Sort: 'F{X':Sort}
==========================================
reduce in TEST-STRUCTURED-NAME : prime(2, X, F{X}) .
rewrites: 49
result Sort: F:Sort{X'':Sort}
==========================================
reduce in TEST-STRUCTURED-NAME : prime(Y, F{X}) .
rewrites: 54
result Sort: F:Sort{X:Sort}
==========================================
reduce in TEST-STRUCTURED-NAME : prime(X, F{F{X}}) .
rewrites: 51
result Sort: F:Sort{F:Sort{X':Sort}}
==========================================
reduce in TEST-STRUCTURED-NAME : prime(X, F{(F{X}) (F{X})}) .
rewrites: 57
result Sort: F:Sort{(F:Sort{X':Sort}) (F:Sort{X':Sort})}
==========================================
reduce in TEST-STRUCTURED-NAME : prime(F, F{(F{X}) (F{X})}) .
rewrites: 57
result Sort: F':Sort{(F':Sort{X:Sort}) (F':Sort{X:Sort})}
Bye.
