==========================================
erewrite in TEST : <> createInterpreter(interpreterManager, me) < me : User |
    state: 1 > .
rewrites: 5
result Configuration: <> < me : User | state: 4 > showingModule(me,
    interpreter(0), fmod 'BAR is
  including 'FOO .
  sorts none .
  none
  none
  none
  none
endfm)
Bye.
