==========================================
reduce in BAKERY-NARROWING-GRAPH : wellFormed(#M, init(0)) .
rewrites: 5
result Bool: true
==========================================
reduce in BAKERY-NARROWING-GRAPH : wellFormed(#M, init(1)) .
rewrites: 5
result Bool: true
==========================================
reduce in BAKERY-NARROWING-GRAPH : wellFormed(#M, init(2)) .
rewrites: 5
result Bool: true
==========================================
reduce in BAKERY-NARROWING-GRAPH : wellFormed(#M, init(3)) .
rewrites: 5
result Bool: true
==========================================
reduce in BAKERY-NARROWING-GRAPH : wellFormed(#M, init(4)) .
rewrites: 5
result Bool: true
==========================================
reduce in BAKERY-NARROWING-GRAPH : step(state(init(0))) .
rewrites: 23
result Transition: < label(rl '_;_;_['N:Name,'M:Name,'__['PS:ProcSet,'`[_`][
    'idle.ModeIdle]]] => '_;_;_['__['s.Name,'N:Name],'M:Name,'__['PS:ProcSet,
    '`[_`]['wait['N:Name]]]] [narrowing label('wake)] ., none),state('_;_;_[
    's.Name,'0.Name,'__['`[_`]['idle.ModeIdle],'`[_`]['wait['0.Name]]]]) >
==========================================
reduce in BAKERY-NARROWING-GRAPH : step(state(init(1))) .
rewrites: 24
result Transition: < label(rl '_;_;_['N:Name,'M:Name,'__['PS:ProcSet,'`[_`][
    'idle.ModeIdle]]] => '_;_;_['__['s.Name,'N:Name],'M:Name,'__['PS:ProcSet,
    '`[_`]['wait['N:Name]]]] [narrowing label('wake)] ., 
  'X:Name <- '@1:Name),state('_;_;_['__['s.Name,'@1:Name],'@1:Name,'__['`[_`][
    'idle.ModeIdle],'`[_`]['wait['@1:Name]]]]) >
==========================================
reduce in BAKERY-NARROWING-GRAPH : step(state(init(2))) .
rewrites: 42
result NeTransitionSet: < label(rl '_;_;_['N:Name,'M:Name,'__['PS:ProcSet,
    '`[_`]['idle.ModeIdle]]] => '_;_;_['__['s.Name,'N:Name],'M:Name,'__[
    'PS:ProcSet,'`[_`]['wait['N:Name]]]] [narrowing label('wake)] ., 
  'PWS:ProcWaitSet <- '@3:ProcWaitSet ; 
  'X:Name <- '@1:Name ; 
  'Y:Name <- '@2:Name),state('_;_;_['__['s.Name,'@1:Name],'@2:Name,'__[
    '@3:ProcWaitSet,'`[_`]['wait['@1:Name]]]]) >,< label(rl '_;_;_['N:Name,
    'M:Name,'__['PS:ProcSet,'`[_`]['wait['M:Name]]]] => '_;_;_['N:Name,'M:Name,
    '__['PS:ProcSet,'`[_`]['crit['M:Name]]]] [narrowing label('crit)] ., 
  'PWS:ProcWaitSet <- '__['@3:ProcWaitSet,'`[_`]['wait['@2:Name]]] ; 
  'X:Name <- '@1:Name ; 
  'Y:Name <- '@2:Name),state('_;_;_['@1:Name,'@2:Name,'__['@3:ProcWaitSet,
    '`[_`]['idle.ModeIdle],'`[_`]['crit['@2:Name]]]]) >
==========================================
reduce in BAKERY-NARROWING-GRAPH : step(state(init(3))) .
rewrites: 57
result NeTransitionSet: < label(rl '_;_;_['N:Name,'M:Name,'__['PS:ProcSet,
    '`[_`]['idle.ModeIdle]]] => '_;_;_['__['s.Name,'N:Name],'M:Name,'__[
    'PS:ProcSet,'`[_`]['wait['N:Name]]]] [narrowing label('wake)] ., 
  'PWS:ProcWaitSet <- '@2:ProcWaitSet ; 
  'X:Name <- '@3:Name ; 
  'Y:Name <- '@1:Name),state('_;_;_['__['s.Name,'s.Name,'@3:Name],'@1:Name,'__[
    '@2:ProcWaitSet,'`[_`]['idle.ModeIdle],'`[_`]['crit['__['s.Name,
    '@3:Name]]],'`[_`]['wait['__['s.Name,'@3:Name]]]]]) >,< label(rl '_;_;_[
    'N:Name,'M:Name,'__['PS:ProcSet,'`[_`]['crit['M:Name]]]] => '_;_;_['N:Name,
    '__['s.Name,'M:Name],'__['PS:ProcSet,'`[_`]['idle.ModeIdle]]] [narrowing
    label('exit)] ., 
  'PWS:ProcWaitSet <- '@1:ProcWaitSet ; 
  'X:Name <- '@2:Name ; 
  'Y:Name <- '__['s.Name,'@2:Name]),state('_;_;_['__['s.Name,'@2:Name],'__[
    's.Name,'s.Name,'@2:Name],'__['@1:ProcWaitSet,'`[_`]['idle.ModeIdle],
    '`[_`]['idle.ModeIdle],'`[_`]['idle.ModeIdle]]]) >,< label(rl '_;_;_[
    'N:Name,'M:Name,'__['PS:ProcSet,'`[_`]['wait['M:Name]]]] => '_;_;_['N:Name,
    'M:Name,'__['PS:ProcSet,'`[_`]['crit['M:Name]]]] [narrowing label('crit)]
    ., 
  'PWS:ProcWaitSet <- '__['@2:ProcWaitSet,'`[_`]['wait['@1:Name]]] ; 
  'X:Name <- '@3:Name ; 
  'Y:Name <- '@1:Name),state('_;_;_['__['s.Name,'@3:Name],'@1:Name,'__[
    '@2:ProcWaitSet,'`[_`]['idle.ModeIdle],'`[_`]['idle.ModeIdle],'`[_`]['crit[
    '@1:Name]],'`[_`]['crit['__['s.Name,'@3:Name]]]]]) >
==========================================
reduce in BAKERY-NARROWING-GRAPH : fold(state('_;_;_['__['s.Name,'@1:Name],'__[
    's.Name,'@1:Name],'__['`[_`]['idle.ModeIdle],'`[_`]['idle.ModeIdle]]]),
    state('_;_;_['X:Name,'Y:Name,'__['`[_`]['idle.ModeIdle],'`[_`][
    'idle.ModeIdle]]])) .
rewrites: 3
result Fold: fold(
  'X:Name <- '__['s.Name,'@1:Name] ; 
  'Y:Name <- '__['s.Name,'@1:Name])
==========================================
reduce in BAKERY-NARROWING-GRAPH : fold(state(init(1)), state(init(2))) .
rewrites: 9
result Fold: fold(
  'PWS:ProcWaitSet <- '`[_`]['idle.ModeIdle] ; 
  'X:Name <- 'X:Name ; 
  'Y:Name <- 'X:Name)
==========================================
reduce in BAKERY-NARROWING-GRAPH : fold(state(init(1)), state(init(4))) .
rewrites: 9
result Fold: fold(
  'X:Name <- 'X:Name ; 
  'Y:Name <- 'X:Name)
==========================================
reduce in BAKERY-NARROWING-GRAPH : not fold(state(init(4)), state(init(3))) ::
    Fold .
rewrites: 11
result Bool: true
==========================================
reduce in BAKERY-NARROWING-GRAPH : bfs(state(init(0)), 0) .
rewrites: 9
result FoldedLabeledGraph?: .LabeledGraph
| 0 |-> state('_;_;_['0.Name,'0.Name,'__['`[_`]['idle.ModeIdle],'`[_`][
    'idle.ModeIdle]]])
| 1
| (0).Zero
==========================================
reduce in BAKERY-NARROWING-GRAPH : bfs(state(init(1)), 0) .
rewrites: 10
result FoldedLabeledGraph?: .LabeledGraph
| 0 |-> state('_;_;_['X:Name,'X:Name,'__['`[_`]['idle.ModeIdle],'`[_`][
    'idle.ModeIdle]]])
| 1
| (0).Zero
==========================================
reduce in BAKERY-NARROWING-GRAPH : bfs(state(init(2)), 0) .
rewrites: 10
result FoldedLabeledGraph?: .LabeledGraph
| 0 |-> state('_;_;_['X:Name,'Y:Name,'__['`[_`]['idle.ModeIdle],
    'PWS:ProcWaitSet]])
| 1
| (0).Zero
==========================================
reduce in BAKERY-NARROWING-GRAPH : bfs(state(init(3)), 0) .
rewrites: 10
result FoldedLabeledGraph?: .LabeledGraph
| 0 |-> state('_;_;_['__['s.Name,'X:Name],'Y:Name,'__['`[_`]['crit['__['s.Name,
    'X:Name]]],'`[_`]['idle.ModeIdle],'`[_`]['idle.ModeIdle],
    'PWS:ProcWaitSet]])
| 1
| (0).Zero
==========================================
reduce in BAKERY-NARROWING-GRAPH : bfs(state(init(0)), 2) .
rewrites: 157
result FoldedLabeledGraph?: (0 -[label(rl '_;_;_['N:Name,'M:Name,'__['PS:ProcSet,'`[_`][
    'idle.ModeIdle]]] => '_;_;_['__['s.Name,'N:Name],'M:Name,'__['PS:ProcSet,
    '`[_`]['wait['N:Name]]]] [narrowing label('wake)] ., none)]-> 2
2 -[label(rl '_;_;_['N:Name,'M:Name,'__['PS:ProcSet,'`[_`]['idle.ModeIdle]]] =>
    '_;_;_['__['s.Name,'N:Name],'M:Name,'__['PS:ProcSet,'`[_`]['wait[
    'N:Name]]]] [narrowing label('wake)] ., none)]-> 4
2 -[label(rl '_;_;_['N:Name,'M:Name,'__['PS:ProcSet,'`[_`]['wait['M:Name]]]] =>
    '_;_;_['N:Name,'M:Name,'__['PS:ProcSet,'`[_`]['crit['M:Name]]]] [narrowing
    label('crit)] ., none)]-> 6)
| 0 |-> state('_;_;_['0.Name,'0.Name,'__['`[_`]['idle.ModeIdle],'`[_`][
    'idle.ModeIdle]]])
2 |-> state('_;_;_['s.Name,'0.Name,'__['`[_`]['idle.ModeIdle],'`[_`]['wait[
    '0.Name]]]])
4 |-> state('_;_;_['__['s.Name,'s.Name],'0.Name,'__['`[_`]['wait['0.Name]],
    '`[_`]['wait['s.Name]]]])
6 |-> state('_;_;_['s.Name,'0.Name,'__['`[_`]['idle.ModeIdle],'`[_`]['crit[
    '0.Name]]]])
| 7
| 4 ; 6
==========================================
reduce in BAKERY-NARROWING-GRAPH : bfs(state(init(1)), 2) .
rewrites: 158
result FoldedLabeledGraph?: (0 -[label(rl '_;_;_['N:Name,'M:Name,'__['PS:ProcSet,'`[_`][
    'idle.ModeIdle]]] => '_;_;_['__['s.Name,'N:Name],'M:Name,'__['PS:ProcSet,
    '`[_`]['wait['N:Name]]]] [narrowing label('wake)] ., 
  'X:Name <- '@1:Name)]-> 2
2 -[label(rl '_;_;_['N:Name,'M:Name,'__['PS:ProcSet,'`[_`]['idle.ModeIdle]]] =>
    '_;_;_['__['s.Name,'N:Name],'M:Name,'__['PS:ProcSet,'`[_`]['wait[
    'N:Name]]]] [narrowing label('wake)] ., 
  '@1:Name <- '@1:Name)]-> 4
2 -[label(rl '_;_;_['N:Name,'M:Name,'__['PS:ProcSet,'`[_`]['wait['M:Name]]]] =>
    '_;_;_['N:Name,'M:Name,'__['PS:ProcSet,'`[_`]['crit['M:Name]]]] [narrowing
    label('crit)] ., 
  '@1:Name <- '@1:Name)]-> 6)
| 0 |-> state('_;_;_['X:Name,'X:Name,'__['`[_`]['idle.ModeIdle],'`[_`][
    'idle.ModeIdle]]])
2 |-> state('_;_;_['__['s.Name,'@1:Name],'@1:Name,'__['`[_`]['idle.ModeIdle],
    '`[_`]['wait['@1:Name]]]])
4 |-> state('_;_;_['__['s.Name,'s.Name,'@1:Name],'@1:Name,'__['`[_`]['wait[
    '@1:Name]],'`[_`]['wait['__['s.Name,'@1:Name]]]]])
6 |-> state('_;_;_['__['s.Name,'@1:Name],'@1:Name,'__['`[_`]['idle.ModeIdle],
    '`[_`]['crit['@1:Name]]]])
| 7
| 4 ; 6
==========================================
reduce in BAKERY-NARROWING-GRAPH : bfs(state(init(2)), 2) .
rewrites: 433
result FoldedLabeledGraph?: (0 -[label(rl '_;_;_['N:Name,'M:Name,'__['PS:ProcSet,'`[_`][
    'idle.ModeIdle]]] => '_;_;_['__['s.Name,'N:Name],'M:Name,'__['PS:ProcSet,
    '`[_`]['wait['N:Name]]]] [narrowing label('wake)] ., 
  'PWS:ProcWaitSet <- '@3:ProcWaitSet ; 
  'X:Name <- '@1:Name ; 
  'Y:Name <- '@2:Name)]-> 2
0 -[label(rl '_;_;_['N:Name,'M:Name,'__['PS:ProcSet,'`[_`]['wait['M:Name]]]] =>
    '_;_;_['N:Name,'M:Name,'__['PS:ProcSet,'`[_`]['crit['M:Name]]]] [narrowing
    label('crit)] ., 
  'PWS:ProcWaitSet <- '__['@3:ProcWaitSet,'`[_`]['wait['@2:Name]]] ; 
  'X:Name <- '@1:Name ; 
  'Y:Name <- '@2:Name)]-> 4
2 -[label(rl '_;_;_['N:Name,'M:Name,'__['PS:ProcSet,'`[_`]['idle.ModeIdle]]] =>
    '_;_;_['__['s.Name,'N:Name],'M:Name,'__['PS:ProcSet,'`[_`]['wait[
    'N:Name]]]] [narrowing label('wake)] ., 
  '@1:Name <- '@2:Name ; 
  '@2:Name <- '@1:Name ; 
  '@3:ProcWaitSet <- '__['@3:ProcWaitSet,'`[_`]['idle.ModeIdle]])]-> 2[fold(
  '@1:Name <- '__['s.Name,'@2:Name] ; 
  '@2:Name <- '@1:Name ; 
  '@3:ProcWaitSet <- '__['@3:ProcWaitSet,'`[_`]['wait['@2:Name]]])]
2 -[label(rl '_;_;_['N:Name,'M:Name,'__['PS:ProcSet,'`[_`]['wait['M:Name]]]] =>
    '_;_;_['N:Name,'M:Name,'__['PS:ProcSet,'`[_`]['crit['M:Name]]]] [narrowing
    label('crit)] ., 
  '@1:Name <- '@1:Name ; 
  '@2:Name <- '@1:Name ; 
  '@3:ProcWaitSet <- '@2:ProcWaitSet)]-> 14
2 -[label(rl '_;_;_['N:Name,'M:Name,'__['PS:ProcSet,'`[_`]['wait['M:Name]]]] =>
    '_;_;_['N:Name,'M:Name,'__['PS:ProcSet,'`[_`]['crit['M:Name]]]] [narrowing
    label('crit)] ., 
  '@1:Name <- '@2:Name ; 
  '@2:Name <- '@1:Name ; 
  '@3:ProcWaitSet <- '__['@3:ProcWaitSet,'`[_`]['wait['@1:Name]]])]-> 6[fold(
  '@1:Name <- '@2:Name ; 
  '@2:Name <- '@1:Name ; 
  '@3:ProcWaitSet <- '@3:ProcWaitSet)]
4 -[label(rl '_;_;_['N:Name,'M:Name,'__['PS:ProcSet,'`[_`]['idle.ModeIdle]]] =>
    '_;_;_['__['s.Name,'N:Name],'M:Name,'__['PS:ProcSet,'`[_`]['wait[
    'N:Name]]]] [narrowing label('wake)] ., 
  '@1:Name <- '@1:Name ; 
  '@2:Name <- '@2:Name ; 
  '@3:ProcWaitSet <- '@3:ProcWaitSet)]-> 6
4 -[label(rl '_;_;_['N:Name,'M:Name,'__['PS:ProcSet,'`[_`]['crit['M:Name]]]] =>
    '_;_;_['N:Name,'__['s.Name,'M:Name],'__['PS:ProcSet,'`[_`][
    'idle.ModeIdle]]] [narrowing label('exit)] ., 
  '@1:Name <- '@1:Name ; 
  '@2:Name <- '@2:Name ; 
  '@3:ProcWaitSet <- '@3:ProcWaitSet)]-> (0).Zero[fold(
  'PWS:ProcWaitSet <- '__['@3:ProcWaitSet,'`[_`]['idle.ModeIdle]] ; 
  'X:Name <- '@1:Name ; 
  'Y:Name <- '__['s.Name,'@2:Name])]
4 -[label(rl '_;_;_['N:Name,'M:Name,'__['PS:ProcSet,'`[_`]['wait['M:Name]]]] =>
    '_;_;_['N:Name,'M:Name,'__['PS:ProcSet,'`[_`]['crit['M:Name]]]] [narrowing
    label('crit)] ., 
  '@1:Name <- '@1:Name ; 
  '@2:Name <- '@2:Name ; 
  '@3:ProcWaitSet <- '__['@3:ProcWaitSet,'`[_`]['wait['@2:Name]]])]-> 10)
| 0 |-> state('_;_;_['X:Name,'Y:Name,'__['`[_`]['idle.ModeIdle],
    'PWS:ProcWaitSet]])
2 |-> state('_;_;_['__['s.Name,'@1:Name],'@2:Name,'__['@3:ProcWaitSet,'`[_`][
    'wait['@1:Name]]]])
4 |-> state('_;_;_['@1:Name,'@2:Name,'__['@3:ProcWaitSet,'`[_`][
    'idle.ModeIdle],'`[_`]['crit['@2:Name]]]])
6 |-> state('_;_;_['__['s.Name,'@1:Name],'@2:Name,'__['@3:ProcWaitSet,'`[_`][
    'crit['@2:Name]],'`[_`]['wait['@1:Name]]]])
10 |-> state('_;_;_['@1:Name,'@2:Name,'__['@3:ProcWaitSet,'`[_`][
    'idle.ModeIdle],'`[_`]['crit['@2:Name]],'`[_`]['crit['@2:Name]]]])
14 |-> state('_;_;_['__['s.Name,'@1:Name],'@1:Name,'__['@2:ProcWaitSet,'`[_`][
    'crit['@1:Name]]]])
| 17
| 6 ; 10 ; 14
==========================================
reduce in BAKERY-NARROWING-GRAPH : bfs(state(init(3)), 2) .
rewrites: 789
result FoldedLabeledGraph?: (0 -[label(rl '_;_;_['N:Name,'M:Name,'__['PS:ProcSet,'`[_`][
    'idle.ModeIdle]]] => '_;_;_['__['s.Name,'N:Name],'M:Name,'__['PS:ProcSet,
    '`[_`]['wait['N:Name]]]] [narrowing label('wake)] ., 
  'PWS:ProcWaitSet <- '@2:ProcWaitSet ; 
  'X:Name <- '@3:Name ; 
  'Y:Name <- '@1:Name)]-> 2
0 -[label(rl '_;_;_['N:Name,'M:Name,'__['PS:ProcSet,'`[_`]['crit['M:Name]]]] =>
    '_;_;_['N:Name,'__['s.Name,'M:Name],'__['PS:ProcSet,'`[_`][
    'idle.ModeIdle]]] [narrowing label('exit)] ., 
  'PWS:ProcWaitSet <- '@1:ProcWaitSet ; 
  'X:Name <- '@2:Name ; 
  'Y:Name <- '__['s.Name,'@2:Name])]-> 4
0 -[label(rl '_;_;_['N:Name,'M:Name,'__['PS:ProcSet,'`[_`]['wait['M:Name]]]] =>
    '_;_;_['N:Name,'M:Name,'__['PS:ProcSet,'`[_`]['crit['M:Name]]]] [narrowing
    label('crit)] ., 
  'PWS:ProcWaitSet <- '__['@2:ProcWaitSet,'`[_`]['wait['@1:Name]]] ; 
  'X:Name <- '@3:Name ; 
  'Y:Name <- '@1:Name)]-> 6
2 -[label(rl '_;_;_['N:Name,'M:Name,'__['PS:ProcSet,'`[_`]['idle.ModeIdle]]] =>
    '_;_;_['__['s.Name,'N:Name],'M:Name,'__['PS:ProcSet,'`[_`]['wait[
    'N:Name]]]] [narrowing label('wake)] ., 
  '@1:Name <- '@1:Name ; 
  '@2:ProcWaitSet <- '@2:ProcWaitSet ; 
  '@3:Name <- '@3:Name)]-> 18
2 -[label(rl '_;_;_['N:Name,'M:Name,'__['PS:ProcSet,'`[_`]['crit['M:Name]]]] =>
    '_;_;_['N:Name,'__['s.Name,'M:Name],'__['PS:ProcSet,'`[_`][
    'idle.ModeIdle]]] [narrowing label('exit)] ., 
  '@1:Name <- '__['s.Name,'@2:Name] ; 
  '@2:ProcWaitSet <- '@1:ProcWaitSet ; 
  '@3:Name <- '@2:Name)]-> 8[fold(
  '@1:Name <- '@2:Name ; 
  '@2:ProcWaitSet <- '@1:ProcWaitSet)]
2 -[label(rl '_;_;_['N:Name,'M:Name,'__['PS:ProcSet,'`[_`]['wait['M:Name]]]] =>
    '_;_;_['N:Name,'M:Name,'__['PS:ProcSet,'`[_`]['crit['M:Name]]]] [narrowing
    label('crit)] ., 
  '@1:Name <- '@1:Name ; 
  '@2:ProcWaitSet <- '__['@2:ProcWaitSet,'`[_`]['wait['@1:Name]]] ; 
  '@3:Name <- '@3:Name)]-> 12
2 -[label(rl '_;_;_['N:Name,'M:Name,'__['PS:ProcSet,'`[_`]['wait['M:Name]]]] =>
    '_;_;_['N:Name,'M:Name,'__['PS:ProcSet,'`[_`]['crit['M:Name]]]] [narrowing
    label('crit)] ., 
  '@1:Name <- '__['s.Name,'@2:Name] ; 
  '@2:ProcWaitSet <- '@1:ProcWaitSet ; 
  '@3:Name <- '@2:Name)]-> 24
4 -[label(rl '_;_;_['N:Name,'M:Name,'__['PS:ProcSet,'`[_`]['idle.ModeIdle]]] =>
    '_;_;_['__['s.Name,'N:Name],'M:Name,'__['PS:ProcSet,'`[_`]['wait[
    'N:Name]]]] [narrowing label('wake)] ., 
  '@1:ProcWaitSet <- '@2:ProcWaitSet ; 
  '@2:Name <- '@1:Name)]-> 8
4 -[label(rl '_;_;_['N:Name,'M:Name,'__['PS:ProcSet,'`[_`]['wait['M:Name]]]] =>
    '_;_;_['N:Name,'M:Name,'__['PS:ProcSet,'`[_`]['crit['M:Name]]]] [narrowing
    label('crit)] ., 
  '@1:ProcWaitSet <- '__['@2:ProcWaitSet,'`[_`]['wait['__['s.Name,'s.Name,
    '@1:Name]]]] ; 
  '@2:Name <- '@1:Name)]-> 10
6 -[label(rl '_;_;_['N:Name,'M:Name,'__['PS:ProcSet,'`[_`]['idle.ModeIdle]]] =>
    '_;_;_['__['s.Name,'N:Name],'M:Name,'__['PS:ProcSet,'`[_`]['wait[
    'N:Name]]]] [narrowing label('wake)] ., 
  '@1:Name <- '@1:Name ; 
  '@2:ProcWaitSet <- '@2:ProcWaitSet ; 
  '@3:Name <- '@3:Name)]-> 12
6 -[label(rl '_;_;_['N:Name,'M:Name,'__['PS:ProcSet,'`[_`]['crit['M:Name]]]] =>
    '_;_;_['N:Name,'__['s.Name,'M:Name],'__['PS:ProcSet,'`[_`][
    'idle.ModeIdle]]] [narrowing label('exit)] ., 
  '@1:Name <- '@1:Name ; 
  '@2:ProcWaitSet <- '@2:ProcWaitSet ; 
  '@3:Name <- '@3:Name)]-> (0).Zero[fold(
  'PWS:ProcWaitSet <- '__['@2:ProcWaitSet,'`[_`]['idle.ModeIdle]] ; 
  'X:Name <- '@3:Name ; 
  'Y:Name <- '__['s.Name,'@1:Name])]
6 -[label(rl '_;_;_['N:Name,'M:Name,'__['PS:ProcSet,'`[_`]['wait['M:Name]]]] =>
    '_;_;_['N:Name,'M:Name,'__['PS:ProcSet,'`[_`]['crit['M:Name]]]] [narrowing
    label('crit)] ., 
  '@1:Name <- '@1:Name ; 
  '@2:ProcWaitSet <- '__['@2:ProcWaitSet,'`[_`]['wait['@1:Name]]] ; 
  '@3:Name <- '@3:Name)]-> 16)
| 0 |-> state('_;_;_['__['s.Name,'X:Name],'Y:Name,'__['`[_`]['crit['__['s.Name,
    'X:Name]]],'`[_`]['idle.ModeIdle],'`[_`]['idle.ModeIdle],
    'PWS:ProcWaitSet]])
2 |-> state('_;_;_['__['s.Name,'s.Name,'@3:Name],'@1:Name,'__['@2:ProcWaitSet,
    '`[_`]['idle.ModeIdle],'`[_`]['crit['__['s.Name,'@3:Name]]],'`[_`]['wait[
    '__['s.Name,'@3:Name]]]]])
4 |-> state('_;_;_['__['s.Name,'@2:Name],'__['s.Name,'s.Name,'@2:Name],'__[
    '@1:ProcWaitSet,'`[_`]['idle.ModeIdle],'`[_`]['idle.ModeIdle],'`[_`][
    'idle.ModeIdle]]])
6 |-> state('_;_;_['__['s.Name,'@3:Name],'@1:Name,'__['@2:ProcWaitSet,'`[_`][
    'idle.ModeIdle],'`[_`]['idle.ModeIdle],'`[_`]['crit['@1:Name]],'`[_`][
    'crit['__['s.Name,'@3:Name]]]]])
8 |-> state('_;_;_['__['s.Name,'s.Name,'@1:Name],'__['s.Name,'s.Name,'@1:Name],
    '__['@2:ProcWaitSet,'`[_`]['idle.ModeIdle],'`[_`]['idle.ModeIdle],'`[_`][
    'wait['__['s.Name,'@1:Name]]]]])
10 |-> state('_;_;_['__['s.Name,'@1:Name],'__['s.Name,'s.Name,'@1:Name],'__[
    '@2:ProcWaitSet,'`[_`]['idle.ModeIdle],'`[_`]['idle.ModeIdle],'`[_`][
    'idle.ModeIdle],'`[_`]['crit['__['s.Name,'s.Name,'@1:Name]]]]])
12 |-> state('_;_;_['__['s.Name,'s.Name,'@3:Name],'@1:Name,'__['@2:ProcWaitSet,
    '`[_`]['idle.ModeIdle],'`[_`]['crit['@1:Name]],'`[_`]['crit['__['s.Name,
    '@3:Name]]],'`[_`]['wait['__['s.Name,'@3:Name]]]]])
16 |-> state('_;_;_['__['s.Name,'@3:Name],'@1:Name,'__['@2:ProcWaitSet,'`[_`][
    'idle.ModeIdle],'`[_`]['idle.ModeIdle],'`[_`]['crit['@1:Name]],'`[_`][
    'crit['@1:Name]],'`[_`]['crit['__['s.Name,'@3:Name]]]]])
18 |-> state('_;_;_['__['s.Name,'s.Name,'s.Name,'@3:Name],'@1:Name,'__[
    '@2:ProcWaitSet,'`[_`]['crit['__['s.Name,'@3:Name]]],'`[_`]['wait['__[
    's.Name,'@3:Name]]],'`[_`]['wait['__['s.Name,'s.Name,'@3:Name]]]]])
24 |-> state('_;_;_['__['s.Name,'s.Name,'@2:Name],'__['s.Name,'@2:Name],'__[
    '@1:ProcWaitSet,'`[_`]['idle.ModeIdle],'`[_`]['crit['__['s.Name,
    '@2:Name]]],'`[_`]['crit['__['s.Name,'@2:Name]]]]])
| 25
| 8 ; 10 ; 12 ; 16 ; 18 ; 24
==========================================
reduce in BAKERY-NARROWING-GRAPH : bfs(state(init(1))) .
rewrites: 446
result FoldedLabeledGraph: (0 -[label(rl '_;_;_['N:Name,'M:Name,'__['PS:ProcSet,'`[_`][
    'idle.ModeIdle]]] => '_;_;_['__['s.Name,'N:Name],'M:Name,'__['PS:ProcSet,
    '`[_`]['wait['N:Name]]]] [narrowing label('wake)] ., 
  'X:Name <- '@1:Name)]-> 2
2 -[label(rl '_;_;_['N:Name,'M:Name,'__['PS:ProcSet,'`[_`]['idle.ModeIdle]]] =>
    '_;_;_['__['s.Name,'N:Name],'M:Name,'__['PS:ProcSet,'`[_`]['wait[
    'N:Name]]]] [narrowing label('wake)] ., 
  '@1:Name <- '@1:Name)]-> 4
2 -[label(rl '_;_;_['N:Name,'M:Name,'__['PS:ProcSet,'`[_`]['wait['M:Name]]]] =>
    '_;_;_['N:Name,'M:Name,'__['PS:ProcSet,'`[_`]['crit['M:Name]]]] [narrowing
    label('crit)] ., 
  '@1:Name <- '@1:Name)]-> 6
4 -[label(rl '_;_;_['N:Name,'M:Name,'__['PS:ProcSet,'`[_`]['wait['M:Name]]]] =>
    '_;_;_['N:Name,'M:Name,'__['PS:ProcSet,'`[_`]['crit['M:Name]]]] [narrowing
    label('crit)] ., 
  '@1:Name <- '@1:Name)]-> 8
6 -[label(rl '_;_;_['N:Name,'M:Name,'__['PS:ProcSet,'`[_`]['idle.ModeIdle]]] =>
    '_;_;_['__['s.Name,'N:Name],'M:Name,'__['PS:ProcSet,'`[_`]['wait[
    'N:Name]]]] [narrowing label('wake)] ., 
  '@1:Name <- '@1:Name)]-> 8
6 -[label(rl '_;_;_['N:Name,'M:Name,'__['PS:ProcSet,'`[_`]['crit['M:Name]]]] =>
    '_;_;_['N:Name,'__['s.Name,'M:Name],'__['PS:ProcSet,'`[_`][
    'idle.ModeIdle]]] [narrowing label('exit)] ., 
  '@1:Name <- '@1:Name)]-> (0).Zero[fold(
  'X:Name <- '__['s.Name,'@1:Name])]
8 -[label(rl '_;_;_['N:Name,'M:Name,'__['PS:ProcSet,'`[_`]['crit['M:Name]]]] =>
    '_;_;_['N:Name,'__['s.Name,'M:Name],'__['PS:ProcSet,'`[_`][
    'idle.ModeIdle]]] [narrowing label('exit)] ., 
  '@1:Name <- '@1:Name)]-> 2[fold(
  '@1:Name <- '__['s.Name,'@1:Name])])
| 0 |-> state('_;_;_['X:Name,'X:Name,'__['`[_`]['idle.ModeIdle],'`[_`][
    'idle.ModeIdle]]])
2 |-> state('_;_;_['__['s.Name,'@1:Name],'@1:Name,'__['`[_`]['idle.ModeIdle],
    '`[_`]['wait['@1:Name]]]])
4 |-> state('_;_;_['__['s.Name,'s.Name,'@1:Name],'@1:Name,'__['`[_`]['wait[
    '@1:Name]],'`[_`]['wait['__['s.Name,'@1:Name]]]]])
6 |-> state('_;_;_['__['s.Name,'@1:Name],'@1:Name,'__['`[_`]['idle.ModeIdle],
    '`[_`]['crit['@1:Name]]]])
8 |-> state('_;_;_['__['s.Name,'s.Name,'@1:Name],'@1:Name,'__['`[_`]['crit[
    '@1:Name]],'`[_`]['wait['__['s.Name,'@1:Name]]]]])
| 15
==========================================
reduce in BAKERY-NARROWING-GRAPH : bfs(state(init(4)), 10) .
rewrites: 1533
result FoldedLabeledGraph?: (0 -[label(rl '_;_;_['N:Name,'M:Name,'__['PS:ProcSet,'`[_`][
    'idle.ModeIdle]]] => '_;_;_['__['s.Name,'N:Name],'M:Name,'__['PS:ProcSet,
    '`[_`]['wait['N:Name]]]] [narrowing label('wake)] ., 
  'X:Name <- '@1:Name ; 
  'Y:Name <- '@2:Name)]-> 2
2 -[label(rl '_;_;_['N:Name,'M:Name,'__['PS:ProcSet,'`[_`]['idle.ModeIdle]]] =>
    '_;_;_['__['s.Name,'N:Name],'M:Name,'__['PS:ProcSet,'`[_`]['wait[
    'N:Name]]]] [narrowing label('wake)] ., 
  '@1:Name <- '@2:Name ; 
  '@2:Name <- '@1:Name)]-> 4
2 -[label(rl '_;_;_['N:Name,'M:Name,'__['PS:ProcSet,'`[_`]['wait['M:Name]]]] =>
    '_;_;_['N:Name,'M:Name,'__['PS:ProcSet,'`[_`]['crit['M:Name]]]] [narrowing
    label('crit)] ., 
  '@1:Name <- '@1:Name ; 
  '@2:Name <- '@1:Name)]-> 6
4 -[label(rl '_;_;_['N:Name,'M:Name,'__['PS:ProcSet,'`[_`]['wait['M:Name]]]] =>
    '_;_;_['N:Name,'M:Name,'__['PS:ProcSet,'`[_`]['crit['M:Name]]]] [narrowing
    label('crit)] ., 
  '@1:Name <- '@1:Name ; 
  '@2:Name <- '@1:Name)]-> 8
4 -[label(rl '_;_;_['N:Name,'M:Name,'__['PS:ProcSet,'`[_`]['wait['M:Name]]]] =>
    '_;_;_['N:Name,'M:Name,'__['PS:ProcSet,'`[_`]['crit['M:Name]]]] [narrowing
    label('crit)] ., 
  '@1:Name <- '__['s.Name,'@1:Name] ; 
  '@2:Name <- '@1:Name)]-> 14
6 -[label(rl '_;_;_['N:Name,'M:Name,'__['PS:ProcSet,'`[_`]['idle.ModeIdle]]] =>
    '_;_;_['__['s.Name,'N:Name],'M:Name,'__['PS:ProcSet,'`[_`]['wait[
    'N:Name]]]] [narrowing label('wake)] ., 
  '@1:Name <- '@1:Name)]-> 8
6 -[label(rl '_;_;_['N:Name,'M:Name,'__['PS:ProcSet,'`[_`]['crit['M:Name]]]] =>
    '_;_;_['N:Name,'__['s.Name,'M:Name],'__['PS:ProcSet,'`[_`][
    'idle.ModeIdle]]] [narrowing label('exit)] ., 
  '@1:Name <- '@1:Name)]-> (0).Zero[fold(
  'X:Name <- '__['s.Name,'@1:Name] ; 
  'Y:Name <- '__['s.Name,'@1:Name])]
8 -[label(rl '_;_;_['N:Name,'M:Name,'__['PS:ProcSet,'`[_`]['crit['M:Name]]]] =>
    '_;_;_['N:Name,'__['s.Name,'M:Name],'__['PS:ProcSet,'`[_`][
    'idle.ModeIdle]]] [narrowing label('exit)] ., 
  '@1:Name <- '@1:Name)]-> 2[fold(
  '@1:Name <- '__['s.Name,'@1:Name] ; 
  '@2:Name <- '__['s.Name,'@1:Name])]
14 -[label(rl '_;_;_['N:Name,'M:Name,'__['PS:ProcSet,'`[_`]['crit['M:Name]]]]
    => '_;_;_['N:Name,'__['s.Name,'M:Name],'__['PS:ProcSet,'`[_`][
    'idle.ModeIdle]]] [narrowing label('exit)] ., 
  '@1:Name <- '@1:Name)]-> 18
18 -[label(rl '_;_;_['N:Name,'M:Name,'__['PS:ProcSet,'`[_`]['idle.ModeIdle]]]
    => '_;_;_['__['s.Name,'N:Name],'M:Name,'__['PS:ProcSet,'`[_`]['wait[
    'N:Name]]]] [narrowing label('wake)] ., 
  '@1:Name <- '@1:Name)]-> 20
20 -[label(rl '_;_;_['N:Name,'M:Name,'__['PS:ProcSet,'`[_`]['wait['M:Name]]]]
    => '_;_;_['N:Name,'M:Name,'__['PS:ProcSet,'`[_`]['crit['M:Name]]]] [
    narrowing label('crit)] ., 
  '@1:Name <- '@1:Name)]-> 22
22 -[label(rl '_;_;_['N:Name,'M:Name,'__['PS:ProcSet,'`[_`]['crit['M:Name]]]]
    => '_;_;_['N:Name,'__['s.Name,'M:Name],'__['PS:ProcSet,'`[_`][
    'idle.ModeIdle]]] [narrowing label('exit)] ., 
  '@1:Name <- '@1:Name)]-> 24
24 -[label(rl '_;_;_['N:Name,'M:Name,'__['PS:ProcSet,'`[_`]['idle.ModeIdle]]]
    => '_;_;_['__['s.Name,'N:Name],'M:Name,'__['PS:ProcSet,'`[_`]['wait[
    'N:Name]]]] [narrowing label('wake)] ., 
  '@1:Name <- '@1:Name)]-> 26
26 -[label(rl '_;_;_['N:Name,'M:Name,'__['PS:ProcSet,'`[_`]['wait['M:Name]]]]
    => '_;_;_['N:Name,'M:Name,'__['PS:ProcSet,'`[_`]['crit['M:Name]]]] [
    narrowing label('crit)] ., 
  '@1:Name <- '@1:Name)]-> 28
28 -[label(rl '_;_;_['N:Name,'M:Name,'__['PS:ProcSet,'`[_`]['crit['M:Name]]]]
    => '_;_;_['N:Name,'__['s.Name,'M:Name],'__['PS:ProcSet,'`[_`][
    'idle.ModeIdle]]] [narrowing label('exit)] ., 
  '@1:Name <- '@1:Name)]-> 30)
| 0 |-> state('_;_;_['X:Name,'Y:Name,'__['`[_`]['idle.ModeIdle],'`[_`][
    'idle.ModeIdle]]])
2 |-> state('_;_;_['__['s.Name,'@1:Name],'@2:Name,'__['`[_`]['idle.ModeIdle],
    '`[_`]['wait['@1:Name]]]])
4 |-> state('_;_;_['__['s.Name,'s.Name,'@2:Name],'@1:Name,'__['`[_`]['wait[
    '@2:Name]],'`[_`]['wait['__['s.Name,'@2:Name]]]]])
6 |-> state('_;_;_['__['s.Name,'@1:Name],'@1:Name,'__['`[_`]['idle.ModeIdle],
    '`[_`]['crit['@1:Name]]]])
8 |-> state('_;_;_['__['s.Name,'s.Name,'@1:Name],'@1:Name,'__['`[_`]['crit[
    '@1:Name]],'`[_`]['wait['__['s.Name,'@1:Name]]]]])
14 |-> state('_;_;_['__['s.Name,'s.Name,'@1:Name],'__['s.Name,'@1:Name],'__[
    '`[_`]['crit['__['s.Name,'@1:Name]]],'`[_`]['wait['@1:Name]]]])
18 |-> state('_;_;_['__['s.Name,'s.Name,'@1:Name],'__['s.Name,'s.Name,
    '@1:Name],'__['`[_`]['idle.ModeIdle],'`[_`]['wait['@1:Name]]]])
20 |-> state('_;_;_['__['s.Name,'s.Name,'s.Name,'@1:Name],'__['s.Name,'s.Name,
    '@1:Name],'__['`[_`]['wait['@1:Name]],'`[_`]['wait['__['s.Name,'s.Name,
    '@1:Name]]]]])
22 |-> state('_;_;_['__['s.Name,'s.Name,'s.Name,'@1:Name],'__['s.Name,'s.Name,
    '@1:Name],'__['`[_`]['crit['__['s.Name,'s.Name,'@1:Name]]],'`[_`]['wait[
    '@1:Name]]]])
24 |-> state('_;_;_['__['s.Name,'s.Name,'s.Name,'@1:Name],'__['s.Name,'s.Name,
    's.Name,'@1:Name],'__['`[_`]['idle.ModeIdle],'`[_`]['wait['@1:Name]]]])
26 |-> state('_;_;_['__['s.Name,'s.Name,'s.Name,'s.Name,'@1:Name],'__['s.Name,
    's.Name,'s.Name,'@1:Name],'__['`[_`]['wait['@1:Name]],'`[_`]['wait['__[
    's.Name,'s.Name,'s.Name,'@1:Name]]]]])
28 |-> state('_;_;_['__['s.Name,'s.Name,'s.Name,'s.Name,'@1:Name],'__['s.Name,
    's.Name,'s.Name,'@1:Name],'__['`[_`]['crit['__['s.Name,'s.Name,'s.Name,
    '@1:Name]]],'`[_`]['wait['@1:Name]]]])
30 |-> state('_;_;_['__['s.Name,'s.Name,'s.Name,'s.Name,'@1:Name],'__['s.Name,
    's.Name,'s.Name,'s.Name,'@1:Name],'__['`[_`]['idle.ModeIdle],'`[_`]['wait[
    '@1:Name]]]])
| 31
| 30
==========================================
reduce in BAKERY-FVP-CTOR-NARROWING-GRAPH : wellFormed(#M, init(0)) .
rewrites: 4
result Bool: true
==========================================
reduce in BAKERY-FVP-CTOR-NARROWING-GRAPH : wellFormed(#M, init(1)) .
rewrites: 3
result Bool: true
==========================================
reduce in BAKERY-FVP-CTOR-NARROWING-GRAPH : wellFormed(#M, init(2)) .
rewrites: 3
result Bool: true
==========================================
reduce in BAKERY-FVP-CTOR-NARROWING-GRAPH : wellFormed(#M, init(3)) .
rewrites: 3
result Bool: true
==========================================
reduce in BAKERY-FVP-CTOR-NARROWING-GRAPH : wellFormed(#M, init(4)) .
rewrites: 3
result Bool: true
==========================================
reduce in BAKERY-FVP-CTOR-NARROWING-GRAPH : wellFormed(#M, init(5)) .
rewrites: 3
result Bool: true
==========================================
reduce in BAKERY-FVP-CTOR-NARROWING-GRAPH : wellFormed(#M, init(6)) .
rewrites: 3
result Bool: true
==========================================
reduce in BAKERY-FVP-CTOR-NARROWING-GRAPH : wellFormed(#M, init(7)) .
rewrites: 3
result Bool: true
==========================================
reduce in BAKERY-FVP-CTOR-NARROWING-GRAPH : wellFormed(#M, init(8)) .
rewrites: 3
result Bool: true
==========================================
reduce in BAKERY-FVP-CTOR-NARROWING-GRAPH : wellFormed(#M, init(9)) .
rewrites: 3
result Bool: true
==========================================
reduce in BAKERY-FVP-CTOR-NARROWING-GRAPH : step(states(0)) .
rewrites: 71
result NeTransitionSet: < label(rl '<_`,_`,_`,_>['P:Mode,'0.Zero>,'wait.NcMode,
    'Y:Nat>] => '<_`,_`,_`,_>['P:Mode,'0.Zero>,'crit.Mode,'Y:Nat>] [narrowing
    label('p2_wait)] .
rl '<_`,_`,_`,_>['P:Mode,'_+_['V1:Nat>,'V2:NzNat>],'wait.NcMode,'V1:Nat>] =>
    '<_`,_`,_`,_>['P:Mode,'_+_['V1:Nat>,'V2:NzNat>],'crit.Mode,'V1:Nat>] [
    narrowing label('p2_wait)] ., none),state('<_`,_`,_`,_>['sleep.NcMode,'_+_[
    '1.NzNat>,'1.NzNat>,'1.NzNat>],'crit.Mode,'_+_['1.NzNat>,'1.NzNat>]]) >,<
    label(rl '<_`,_`,_`,_>['sleep.NcMode,'X:Nat>,'Q:Mode,'Y:Nat>] =>
    '<_`,_`,_`,_>['wait.NcMode,'_+_['1.NzNat>,'Y:Nat>],'Q:Mode,'Y:Nat>] [
    narrowing label('p1_sleep)] ., none),state('<_`,_`,_`,_>['wait.NcMode,'_+_[
    '1.NzNat>,'1.NzNat>,'1.NzNat>],'wait.NcMode,'_+_['1.NzNat>,'1.NzNat>]]) >
==========================================
reduce in BAKERY-FVP-CTOR-NARROWING-GRAPH : step(states(1)) .
rewrites: 227
result NeTransitionSet: < label(rl '<_`,_`,_`,_>['P:Mode,'0.Zero>,'wait.NcMode,
    'Y:Nat>] => '<_`,_`,_`,_>['P:Mode,'0.Zero>,'crit.Mode,'Y:Nat>] [narrowing
    label('p2_wait)] .
rl '<_`,_`,_`,_>['P:Mode,'_+_['V1:Nat>,'V2:NzNat>],'wait.NcMode,'V1:Nat>] =>
    '<_`,_`,_`,_>['P:Mode,'_+_['V1:Nat>,'V2:NzNat>],'crit.Mode,'V1:Nat>] [
    narrowing label('p2_wait)] ., 
  'PNC:NcMode <- '@1:NcMode ; 
  'QC:Mode <- 'wait.NcMode ; 
  'X1:Nat> <- '0.Zero> ; 
  'X2:Nat> <- '@2:Nat>),state('<_`,_`,_`,_>['@1:NcMode,'0.Zero>,'crit.Mode,
    '@2:Nat>]) >,< label(rl '<_`,_`,_`,_>['P:Mode,'0.Zero>,'wait.NcMode,
    'Y:Nat>] => '<_`,_`,_`,_>['P:Mode,'0.Zero>,'crit.Mode,'Y:Nat>] [narrowing
    label('p2_wait)] .
rl '<_`,_`,_`,_>['P:Mode,'_+_['V1:Nat>,'V2:NzNat>],'wait.NcMode,'V1:Nat>] =>
    '<_`,_`,_`,_>['P:Mode,'_+_['V1:Nat>,'V2:NzNat>],'crit.Mode,'V1:Nat>] [
    narrowing label('p2_wait)] ., 
  'PNC:NcMode <- '@1:NcMode ; 
  'QC:Mode <- 'wait.NcMode ; 
  'X1:Nat> <- '_+_['@2:Nat>,'@3:NzNat>] ; 
  'X2:Nat> <- '@2:Nat>),state('<_`,_`,_`,_>['@1:NcMode,'_+_['@2:Nat>,
    '@3:NzNat>],'crit.Mode,'@2:Nat>]) >,< label(rl '<_`,_`,_`,_>['wait.NcMode,
    'V1:Nat>,'Q:Mode,'_+_['V1:Nat>,'V2:Nat>]] => '<_`,_`,_`,_>['crit.Mode,
    'V1:Nat>,'Q:Mode,'_+_['V1:Nat>,'V2:Nat>]] [narrowing label('p1_wait)] .
rl '<_`,_`,_`,_>['wait.NcMode,'X:Nat>,'Q:Mode,'0.Zero>] => '<_`,_`,_`,_>[
    'crit.Mode,'X:Nat>,'Q:Mode,'0.Zero>] [narrowing label('p1_wait)] ., 
  'PNC:NcMode <- 'wait.NcMode ; 
  'QC:Mode <- '@1:Mode ; 
  'X1:Nat> <- '@2:Nat> ; 
  'X2:Nat> <- '_+_['@2:Nat>,'@3:Nat>]),state('<_`,_`,_`,_>['crit.Mode,'@2:Nat>,
    '@1:Mode,'_+_['@2:Nat>,'@3:Nat>]]) >,< label(rl '<_`,_`,_`,_>['wait.NcMode,
    'V1:Nat>,'Q:Mode,'_+_['V1:Nat>,'V2:Nat>]] => '<_`,_`,_`,_>['crit.Mode,
    'V1:Nat>,'Q:Mode,'_+_['V1:Nat>,'V2:Nat>]] [narrowing label('p1_wait)] .
rl '<_`,_`,_`,_>['wait.NcMode,'X:Nat>,'Q:Mode,'0.Zero>] => '<_`,_`,_`,_>[
    'crit.Mode,'X:Nat>,'Q:Mode,'0.Zero>] [narrowing label('p1_wait)] ., 
  'PNC:NcMode <- 'wait.NcMode ; 
  'QC:Mode <- '@2:Mode ; 
  'X1:Nat> <- '@1:Nat> ; 
  'X2:Nat> <- '0.Zero>),state('<_`,_`,_`,_>['crit.Mode,'@1:Nat>,'@2:Mode,
    '0.Zero>]) >,< label(rl '<_`,_`,_`,_>['P:Mode,'X:Nat>,'crit.Mode,'Y:Nat>]
    => '<_`,_`,_`,_>['P:Mode,'X:Nat>,'sleep.NcMode,'0.Zero>] [narrowing label(
    'p2_crit)] ., 
  'PNC:NcMode <- '@1:NcMode ; 
  'QC:Mode <- 'crit.Mode ; 
  'X1:Nat> <- '@2:Nat> ; 
  'X2:Nat> <- '@3:Nat>),state('<_`,_`,_`,_>['@1:NcMode,'@2:Nat>,'sleep.NcMode,
    '0.Zero>]) >,< label(rl '<_`,_`,_`,_>['P:Mode,'X:Nat>,'sleep.NcMode,
    'Y:Nat>] => '<_`,_`,_`,_>['P:Mode,'X:Nat>,'wait.NcMode,'_+_['1.NzNat>,
    'X:Nat>]] [narrowing label('p2_sleep)] ., 
  'PNC:NcMode <- '@1:NcMode ; 
  'QC:Mode <- 'sleep.NcMode ; 
  'X1:Nat> <- '@2:Nat> ; 
  'X2:Nat> <- '@3:Nat>),state('<_`,_`,_`,_>['@1:NcMode,'@2:Nat>,'wait.NcMode,
    '_+_['1.NzNat>,'@2:Nat>]]) >,< label(rl '<_`,_`,_`,_>['sleep.NcMode,
    'X:Nat>,'Q:Mode,'Y:Nat>] => '<_`,_`,_`,_>['wait.NcMode,'_+_['1.NzNat>,
    'Y:Nat>],'Q:Mode,'Y:Nat>] [narrowing label('p1_sleep)] ., 
  'PNC:NcMode <- 'sleep.NcMode ; 
  'QC:Mode <- '@2:Mode ; 
  'X1:Nat> <- '@1:Nat> ; 
  'X2:Nat> <- '@3:Nat>),state('<_`,_`,_`,_>['wait.NcMode,'_+_['1.NzNat>,
    '@3:Nat>],'@2:Mode,'@3:Nat>]) >
==========================================
reduce in BAKERY-FVP-CTOR-NARROWING-GRAPH : step(states(2)) .
rewrites: 227
result NeTransitionSet: < label(rl '<_`,_`,_`,_>['P:Mode,'0.Zero>,'wait.NcMode,
    'Y:Nat>] => '<_`,_`,_`,_>['P:Mode,'0.Zero>,'crit.Mode,'Y:Nat>] [narrowing
    label('p2_wait)] .
rl '<_`,_`,_`,_>['P:Mode,'_+_['V1:Nat>,'V2:NzNat>],'wait.NcMode,'V1:Nat>] =>
    '<_`,_`,_`,_>['P:Mode,'_+_['V1:Nat>,'V2:NzNat>],'crit.Mode,'V1:Nat>] [
    narrowing label('p2_wait)] ., 
  'PC:Mode <- '@1:Mode ; 
  'QNC:NcMode <- 'wait.NcMode ; 
  'Y1:Nat> <- '0.Zero> ; 
  'Y2:Nat> <- '@2:Nat>),state('<_`,_`,_`,_>['@1:Mode,'0.Zero>,'crit.Mode,
    '@2:Nat>]) >,< label(rl '<_`,_`,_`,_>['P:Mode,'0.Zero>,'wait.NcMode,
    'Y:Nat>] => '<_`,_`,_`,_>['P:Mode,'0.Zero>,'crit.Mode,'Y:Nat>] [narrowing
    label('p2_wait)] .
rl '<_`,_`,_`,_>['P:Mode,'_+_['V1:Nat>,'V2:NzNat>],'wait.NcMode,'V1:Nat>] =>
    '<_`,_`,_`,_>['P:Mode,'_+_['V1:Nat>,'V2:NzNat>],'crit.Mode,'V1:Nat>] [
    narrowing label('p2_wait)] ., 
  'PC:Mode <- '@1:Mode ; 
  'QNC:NcMode <- 'wait.NcMode ; 
  'Y1:Nat> <- '_+_['@2:Nat>,'@3:NzNat>] ; 
  'Y2:Nat> <- '@2:Nat>),state('<_`,_`,_`,_>['@1:Mode,'_+_['@2:Nat>,'@3:NzNat>],
    'crit.Mode,'@2:Nat>]) >,< label(rl '<_`,_`,_`,_>['wait.NcMode,'V1:Nat>,
    'Q:Mode,'_+_['V1:Nat>,'V2:Nat>]] => '<_`,_`,_`,_>['crit.Mode,'V1:Nat>,
    'Q:Mode,'_+_['V1:Nat>,'V2:Nat>]] [narrowing label('p1_wait)] .
rl '<_`,_`,_`,_>['wait.NcMode,'X:Nat>,'Q:Mode,'0.Zero>] => '<_`,_`,_`,_>[
    'crit.Mode,'X:Nat>,'Q:Mode,'0.Zero>] [narrowing label('p1_wait)] ., 
  'PC:Mode <- 'wait.NcMode ; 
  'QNC:NcMode <- '@1:NcMode ; 
  'Y1:Nat> <- '@2:Nat> ; 
  'Y2:Nat> <- '_+_['@2:Nat>,'@3:Nat>]),state('<_`,_`,_`,_>['crit.Mode,'@2:Nat>,
    '@1:NcMode,'_+_['@2:Nat>,'@3:Nat>]]) >,< label(rl '<_`,_`,_`,_>[
    'wait.NcMode,'V1:Nat>,'Q:Mode,'_+_['V1:Nat>,'V2:Nat>]] => '<_`,_`,_`,_>[
    'crit.Mode,'V1:Nat>,'Q:Mode,'_+_['V1:Nat>,'V2:Nat>]] [narrowing label(
    'p1_wait)] .
rl '<_`,_`,_`,_>['wait.NcMode,'X:Nat>,'Q:Mode,'0.Zero>] => '<_`,_`,_`,_>[
    'crit.Mode,'X:Nat>,'Q:Mode,'0.Zero>] [narrowing label('p1_wait)] ., 
  'PC:Mode <- 'wait.NcMode ; 
  'QNC:NcMode <- '@2:NcMode ; 
  'Y1:Nat> <- '@1:Nat> ; 
  'Y2:Nat> <- '0.Zero>),state('<_`,_`,_`,_>['crit.Mode,'@1:Nat>,'@2:NcMode,
    '0.Zero>]) >,< label(rl '<_`,_`,_`,_>['P:Mode,'X:Nat>,'sleep.NcMode,
    'Y:Nat>] => '<_`,_`,_`,_>['P:Mode,'X:Nat>,'wait.NcMode,'_+_['1.NzNat>,
    'X:Nat>]] [narrowing label('p2_sleep)] ., 
  'PC:Mode <- '@1:Mode ; 
  'QNC:NcMode <- 'sleep.NcMode ; 
  'Y1:Nat> <- '@2:Nat> ; 
  'Y2:Nat> <- '@3:Nat>),state('<_`,_`,_`,_>['@1:Mode,'@2:Nat>,'wait.NcMode,
    '_+_['1.NzNat>,'@2:Nat>]]) >,< label(rl '<_`,_`,_`,_>['crit.Mode,'X:Nat>,
    'Q:Mode,'Y:Nat>] => '<_`,_`,_`,_>['sleep.NcMode,'0.Zero>,'Q:Mode,'Y:Nat>] [
    narrowing label('p1_crit)] ., 
  'PC:Mode <- 'crit.Mode ; 
  'QNC:NcMode <- '@2:NcMode ; 
  'Y1:Nat> <- '@1:Nat> ; 
  'Y2:Nat> <- '@3:Nat>),state('<_`,_`,_`,_>['sleep.NcMode,'0.Zero>,'@2:NcMode,
    '@3:Nat>]) >,< label(rl '<_`,_`,_`,_>['sleep.NcMode,'X:Nat>,'Q:Mode,
    'Y:Nat>] => '<_`,_`,_`,_>['wait.NcMode,'_+_['1.NzNat>,'Y:Nat>],'Q:Mode,
    'Y:Nat>] [narrowing label('p1_sleep)] ., 
  'PC:Mode <- 'sleep.NcMode ; 
  'QNC:NcMode <- '@2:NcMode ; 
  'Y1:Nat> <- '@1:Nat> ; 
  'Y2:Nat> <- '@3:Nat>),state('<_`,_`,_`,_>['wait.NcMode,'_+_['1.NzNat>,
    '@3:Nat>],'@2:NcMode,'@3:Nat>]) >
==========================================
reduce in BAKERY-FVP-CTOR-NARROWING-GRAPH : step(states(3)) .
rewrites: 71
result NeTransitionSet: < label(rl '<_`,_`,_`,_>['P:Mode,'X:Nat>,'sleep.NcMode,
    'Y:Nat>] => '<_`,_`,_`,_>['P:Mode,'X:Nat>,'wait.NcMode,'_+_['1.NzNat>,
    'X:Nat>]] [narrowing label('p2_sleep)] ., 
  'X0:Nat> <- '@1:Nat>),state('<_`,_`,_`,_>['sleep.NcMode,'@1:Nat>,
    'wait.NcMode,'_+_['1.NzNat>,'@1:Nat>]]) >,< label(rl '<_`,_`,_`,_>[
    'sleep.NcMode,'X:Nat>,'Q:Mode,'Y:Nat>] => '<_`,_`,_`,_>['wait.NcMode,'_+_[
    '1.NzNat>,'Y:Nat>],'Q:Mode,'Y:Nat>] [narrowing label('p1_sleep)] ., 
  'X0:Nat> <- '@1:Nat>),state('<_`,_`,_`,_>['wait.NcMode,'_+_['1.NzNat>,
    '@1:Nat>],'sleep.NcMode,'@1:Nat>]) >
==========================================
reduce in BAKERY-FVP-CTOR-NARROWING-GRAPH : states(3) <= states(1 ; 2) .
rewrites: 12
result Bool: true
==========================================
reduce in BAKERY-FVP-CTOR-NARROWING-GRAPH : states(1) <= states(1 ; 2) .
rewrites: 13
result Bool: true
==========================================
reduce in BAKERY-FVP-CTOR-NARROWING-GRAPH : states(2) <= states(1) .
rewrites: 7
result [Bool]: state('<_`,_`,_`,_>['PC:Mode,'Y1:Nat>,'QNC:NcMode,'Y2:Nat>]) <=
    state('<_`,_`,_`,_>['PNC:NcMode,'X1:Nat>,'QC:Mode,'X2:Nat>])
==========================================
reduce in BAKERY-FVP-CTOR-NARROWING-GRAPH : leastSort(#M, '_+_['1.Zero>,
    '@3:Nat>]) .
rewrites: 2
result Sort: 'NzNat>
==========================================
reduce in BAKERY-FVP-CTOR-NARROWING-GRAPH : state('wait.NcMode) <= state(
    'PC:Mode) .
rewrites: 5
result Bool: true
==========================================
reduce in BAKERY-FVP-CTOR-NARROWING-GRAPH : state('_+_['1.Zero>,'@3:Nat>]) <=
    state('Y1:NzNat>) .
rewrites: 5
result Bool: true
==========================================
reduce in BAKERY-FVP-CTOR-NARROWING-GRAPH : state('@2:NcMode) <= state(
    'QNC:NcMode) .
rewrites: 5
result Bool: true
==========================================
reduce in BAKERY-FVP-CTOR-NARROWING-GRAPH : state('@3:Nat>) <= state('Y2:Nat>)
    .
rewrites: 5
result Bool: true
==========================================
reduce in BAKERY-FVP-CTOR-NARROWING-GRAPH : state('<_`,_`,_`,_>['wait.NcMode,
    '_+_['1.Zero>,'@3:Nat>],'@2:NcMode,'@3:Nat>]) <= state('<_`,_`,_`,_>[
    'PC:Mode,'Y1:NzNat>,'QNC:NcMode,'Y2:Nat>]) .
rewrites: 5
result Bool: true
==========================================
reduce in BAKERY-FVP-CTOR-NARROWING-GRAPH : state('sleep.NcMode) <= state(
    'PNC:NcMode) .
rewrites: 5
result Bool: true
==========================================
reduce in BAKERY-FVP-CTOR-NARROWING-GRAPH : state('0.Zero>) <= state('X1:Nat>)
    .
rewrites: 5
result Bool: true
==========================================
reduce in BAKERY-FVP-CTOR-NARROWING-GRAPH : state('@2:NcMode) <= state(
    'QC:Mode) .
rewrites: 5
result Bool: true
==========================================
reduce in BAKERY-FVP-CTOR-NARROWING-GRAPH : state('@3:Nat>) <= state(
    'X2:NzNat>) .
rewrites: 3
result [Bool]: state('@3:Nat>) <= state('X2:NzNat>)
==========================================
reduce in BAKERY-FVP-CTOR-NARROWING-GRAPH : state('<_`,_`,_`,_>['sleep.NcMode,
    '0.Zero>,'@2:NcMode,'@3:Nat>]) <= state('<_`,_`,_`,_>['PNC:NcMode,'X1:Nat>,
    'QC:Mode,'X2:NzNat>]) .
rewrites: 3
result [Bool]: state('<_`,_`,_`,_>['sleep.NcMode,'0.Zero>,'@2:NcMode,'@3:Nat>])
    <= state('<_`,_`,_`,_>['PNC:NcMode,'X1:Nat>,'QC:Mode,'X2:NzNat>])
==========================================
reduce in BAKERY-FVP-CTOR-NARROWING-GRAPH : state('<_`,_`,_`,_>['sleep.NcMode,
    '0.Zero>,'@2:NcMode,'@3:Nat>]) <= (state('<_`,_`,_`,_>['PC:Mode,'Y1:NzNat>,
    'QNC:NcMode,'Y2:Nat>]) ; state('<_`,_`,_`,_>['PNC:NcMode,'X1:Nat>,'QC:Mode,
    'X2:NzNat>]) ; state('<_`,_`,_`,_>['sleep.NcMode,'0.Zero>,'sleep.NcMode,
    '0.Zero>])) .
rewrites: 9
result [Bool]: state('<_`,_`,_`,_>['sleep.NcMode,'0.Zero>,'@2:NcMode,'@3:Nat>])
    <= (state('<_`,_`,_`,_>['PC:Mode,'Y1:NzNat>,'QNC:NcMode,'Y2:Nat>]) ; state(
    '<_`,_`,_`,_>['PNC:NcMode,'X1:Nat>,'QC:Mode,'X2:NzNat>]) ; state(
    '<_`,_`,_`,_>['sleep.NcMode,'0.Zero>,'sleep.NcMode,'0.Zero>]))
==========================================
reduce in BAKERY-FVP-CTOR-NARROWING-GRAPH : intersect(state('@2:NzNat>), state(
    '@3:Zero>)) .
rewrites: 56
result Bool: false
==========================================
reduce in BAKERY-FVP-CTOR-NARROWING-GRAPH : intersect(state('@2:NzNat>), state(
    '@3:Nat>)) .
rewrites: 6
result Bool: true
==========================================
reduce in BAKERY-FVP-CTOR-NARROWING-GRAPH : intersect(state('<_`,_`,_`,_>[
    '@1:Mode,'0.Zero>,'crit.Mode,'@2:Nat>]), state('<_`,_`,_`,_>['@1:Mode,'_+_[
    '@2:Nat>,'@3:NzNat>],'crit.Mode,'@2:Nat>])) .
rewrites: 167
result Bool: false
==========================================
reduce in BAKERY-FVP-CTOR-NARROWING-GRAPH : bfs(states(1)) .
rewrites: 939
result FoldedLabeledGraph: (0 -[label(rl '<_`,_`,_`,_>['P:Mode,'0.Zero>,'wait.NcMode,
    'Y:Nat>] => '<_`,_`,_`,_>['P:Mode,'0.Zero>,'crit.Mode,'Y:Nat>] [narrowing
    label('p2_wait)] .
rl '<_`,_`,_`,_>['P:Mode,'_+_['V1:Nat>,'V2:NzNat>],'wait.NcMode,'V1:Nat>] =>
    '<_`,_`,_`,_>['P:Mode,'_+_['V1:Nat>,'V2:NzNat>],'crit.Mode,'V1:Nat>] [
    narrowing label('p2_wait)] ., 
  'PNC:NcMode <- '@1:NcMode ; 
  'QC:Mode <- 'wait.NcMode ; 
  'X1:Nat> <- '0.Zero> ; 
  'X2:Nat> <- '@2:Nat>)]-> (0).Zero[fold(
  'PNC:NcMode <- '@1:NcMode ; 
  'QC:Mode <- 'crit.Mode ; 
  'X1:Nat> <- '0.Zero> ; 
  'X2:Nat> <- '@2:Nat>)]
0 -[label(rl '<_`,_`,_`,_>['P:Mode,'0.Zero>,'wait.NcMode,'Y:Nat>] =>
    '<_`,_`,_`,_>['P:Mode,'0.Zero>,'crit.Mode,'Y:Nat>] [narrowing label(
    'p2_wait)] .
rl '<_`,_`,_`,_>['P:Mode,'_+_['V1:Nat>,'V2:NzNat>],'wait.NcMode,'V1:Nat>] =>
    '<_`,_`,_`,_>['P:Mode,'_+_['V1:Nat>,'V2:NzNat>],'crit.Mode,'V1:Nat>] [
    narrowing label('p2_wait)] ., 
  'PNC:NcMode <- '@1:NcMode ; 
  'QC:Mode <- 'wait.NcMode ; 
  'X1:Nat> <- '_+_['@2:Nat>,'@3:NzNat>] ; 
  'X2:Nat> <- '@2:Nat>)]-> (0).Zero[fold(
  'PNC:NcMode <- '@1:NcMode ; 
  'QC:Mode <- 'crit.Mode ; 
  'X1:Nat> <- '_+_['@2:Nat>,'@3:NzNat>] ; 
  'X2:Nat> <- '@2:Nat>)]
0 -[label(rl '<_`,_`,_`,_>['wait.NcMode,'V1:Nat>,'Q:Mode,'_+_['V1:Nat>,
    'V2:Nat>]] => '<_`,_`,_`,_>['crit.Mode,'V1:Nat>,'Q:Mode,'_+_['V1:Nat>,
    'V2:Nat>]] [narrowing label('p1_wait)] .
rl '<_`,_`,_`,_>['wait.NcMode,'X:Nat>,'Q:Mode,'0.Zero>] => '<_`,_`,_`,_>[
    'crit.Mode,'X:Nat>,'Q:Mode,'0.Zero>] [narrowing label('p1_wait)] ., 
  'PNC:NcMode <- 'wait.NcMode ; 
  'QC:Mode <- '@1:Mode ; 
  'X1:Nat> <- '@2:Nat> ; 
  'X2:Nat> <- '_+_['@2:Nat>,'@3:Nat>])]-> 6
0 -[label(rl '<_`,_`,_`,_>['wait.NcMode,'V1:Nat>,'Q:Mode,'_+_['V1:Nat>,
    'V2:Nat>]] => '<_`,_`,_`,_>['crit.Mode,'V1:Nat>,'Q:Mode,'_+_['V1:Nat>,
    'V2:Nat>]] [narrowing label('p1_wait)] .
rl '<_`,_`,_`,_>['wait.NcMode,'X:Nat>,'Q:Mode,'0.Zero>] => '<_`,_`,_`,_>[
    'crit.Mode,'X:Nat>,'Q:Mode,'0.Zero>] [narrowing label('p1_wait)] ., 
  'PNC:NcMode <- 'wait.NcMode ; 
  'QC:Mode <- '@2:Mode ; 
  'X1:Nat> <- '@1:Nat> ; 
  'X2:Nat> <- '0.Zero>)]-> 8
0 -[label(rl '<_`,_`,_`,_>['P:Mode,'X:Nat>,'crit.Mode,'Y:Nat>] =>
    '<_`,_`,_`,_>['P:Mode,'X:Nat>,'sleep.NcMode,'0.Zero>] [narrowing label(
    'p2_crit)] ., 
  'PNC:NcMode <- '@1:NcMode ; 
  'QC:Mode <- 'crit.Mode ; 
  'X1:Nat> <- '@2:Nat> ; 
  'X2:Nat> <- '@3:Nat>)]-> (0).Zero[fold(
  'PNC:NcMode <- '@1:NcMode ; 
  'QC:Mode <- 'sleep.NcMode ; 
  'X1:Nat> <- '@2:Nat> ; 
  'X2:Nat> <- '0.Zero>)]
0 -[label(rl '<_`,_`,_`,_>['P:Mode,'X:Nat>,'sleep.NcMode,'Y:Nat>] =>
    '<_`,_`,_`,_>['P:Mode,'X:Nat>,'wait.NcMode,'_+_['1.NzNat>,'X:Nat>]] [
    narrowing label('p2_sleep)] ., 
  'PNC:NcMode <- '@1:NcMode ; 
  'QC:Mode <- 'sleep.NcMode ; 
  'X1:Nat> <- '@2:Nat> ; 
  'X2:Nat> <- '@3:Nat>)]-> (0).Zero[fold(
  'PNC:NcMode <- '@1:NcMode ; 
  'QC:Mode <- 'wait.NcMode ; 
  'X1:Nat> <- '@2:Nat> ; 
  'X2:Nat> <- '_+_['1.NzNat>,'@2:Nat>])]
0 -[label(rl '<_`,_`,_`,_>['sleep.NcMode,'X:Nat>,'Q:Mode,'Y:Nat>] =>
    '<_`,_`,_`,_>['wait.NcMode,'_+_['1.NzNat>,'Y:Nat>],'Q:Mode,'Y:Nat>] [
    narrowing label('p1_sleep)] ., 
  'PNC:NcMode <- 'sleep.NcMode ; 
  'QC:Mode <- '@2:Mode ; 
  'X1:Nat> <- '@1:Nat> ; 
  'X2:Nat> <- '@3:Nat>)]-> (0).Zero[fold(
  'PNC:NcMode <- 'wait.NcMode ; 
  'QC:Mode <- '@2:Mode ; 
  'X1:Nat> <- '_+_['1.NzNat>,'@3:Nat>] ; 
  'X2:Nat> <- '@3:Nat>)]
6 -[label(rl '<_`,_`,_`,_>['P:Mode,'0.Zero>,'wait.NcMode,'Y:Nat>] =>
    '<_`,_`,_`,_>['P:Mode,'0.Zero>,'crit.Mode,'Y:Nat>] [narrowing label(
    'p2_wait)] .
rl '<_`,_`,_`,_>['P:Mode,'_+_['V1:Nat>,'V2:NzNat>],'wait.NcMode,'V1:Nat>] =>
    '<_`,_`,_`,_>['P:Mode,'_+_['V1:Nat>,'V2:NzNat>],'crit.Mode,'V1:Nat>] [
    narrowing label('p2_wait)] ., 
  '@1:Mode <- 'wait.NcMode ; 
  '@2:Nat> <- '0.Zero> ; 
  '@3:Nat> <- '@1:Nat>)]-> 6[fold(
  '@1:Mode <- 'crit.Mode ; 
  '@2:Nat> <- '0.Zero> ; 
  '@3:Nat> <- '@1:Nat>)]
6 -[label(rl '<_`,_`,_`,_>['P:Mode,'X:Nat>,'crit.Mode,'Y:Nat>] =>
    '<_`,_`,_`,_>['P:Mode,'X:Nat>,'sleep.NcMode,'0.Zero>] [narrowing label(
    'p2_crit)] ., 
  '@1:Mode <- 'crit.Mode ; 
  '@2:Nat> <- '@1:Nat> ; 
  '@3:Nat> <- '@2:Nat>)]-> 8[fold(
  '@1:Nat> <- '@1:Nat> ; 
  '@2:Mode <- 'sleep.NcMode)]
6 -[label(rl '<_`,_`,_`,_>['P:Mode,'X:Nat>,'sleep.NcMode,'Y:Nat>] =>
    '<_`,_`,_`,_>['P:Mode,'X:Nat>,'wait.NcMode,'_+_['1.NzNat>,'X:Nat>]] [
    narrowing label('p2_sleep)] ., 
  '@1:Mode <- 'sleep.NcMode ; 
  '@2:Nat> <- '@1:Nat> ; 
  '@3:Nat> <- '@2:Nat>)]-> 6[fold(
  '@1:Mode <- 'wait.NcMode ; 
  '@2:Nat> <- '@1:Nat> ; 
  '@3:Nat> <- '1.NzNat>)]
6 -[label(rl '<_`,_`,_`,_>['crit.Mode,'X:Nat>,'Q:Mode,'Y:Nat>] =>
    '<_`,_`,_`,_>['sleep.NcMode,'0.Zero>,'Q:Mode,'Y:Nat>] [narrowing label(
    'p1_crit)] ., 
  '@1:Mode <- '@1:Mode ; 
  '@2:Nat> <- '@2:Nat> ; 
  '@3:Nat> <- '@3:Nat>)]-> (0).Zero[fold(
  'PNC:NcMode <- 'sleep.NcMode ; 
  'QC:Mode <- '@1:Mode ; 
  'X1:Nat> <- '0.Zero> ; 
  'X2:Nat> <- '_+_['@2:Nat>,'@3:Nat>])]
8 -[label(rl '<_`,_`,_`,_>['P:Mode,'0.Zero>,'wait.NcMode,'Y:Nat>] =>
    '<_`,_`,_`,_>['P:Mode,'0.Zero>,'crit.Mode,'Y:Nat>] [narrowing label(
    'p2_wait)] .
rl '<_`,_`,_`,_>['P:Mode,'_+_['V1:Nat>,'V2:NzNat>],'wait.NcMode,'V1:Nat>] =>
    '<_`,_`,_`,_>['P:Mode,'_+_['V1:Nat>,'V2:NzNat>],'crit.Mode,'V1:Nat>] [
    narrowing label('p2_wait)] ., 
  '@1:Nat> <- '0.Zero> ; 
  '@2:Mode <- 'wait.NcMode)]-> 6[fold(
  '@1:Mode <- 'crit.Mode ; 
  '@2:Nat> <- '0.Zero> ; 
  '@3:Nat> <- '0.Zero>)]
8 -[label(rl '<_`,_`,_`,_>['P:Mode,'0.Zero>,'wait.NcMode,'Y:Nat>] =>
    '<_`,_`,_`,_>['P:Mode,'0.Zero>,'crit.Mode,'Y:Nat>] [narrowing label(
    'p2_wait)] .
rl '<_`,_`,_`,_>['P:Mode,'_+_['V1:Nat>,'V2:NzNat>],'wait.NcMode,'V1:Nat>] =>
    '<_`,_`,_`,_>['P:Mode,'_+_['V1:Nat>,'V2:NzNat>],'crit.Mode,'V1:Nat>] [
    narrowing label('p2_wait)] ., 
  '@1:Nat> <- '@1:NzNat> ; 
  '@2:Mode <- 'wait.NcMode)]-> 8[fold(
  '@1:Nat> <- '@1:NzNat> ; 
  '@2:Mode <- 'crit.Mode)]
8 -[label(rl '<_`,_`,_`,_>['P:Mode,'X:Nat>,'crit.Mode,'Y:Nat>] =>
    '<_`,_`,_`,_>['P:Mode,'X:Nat>,'sleep.NcMode,'0.Zero>] [narrowing label(
    'p2_crit)] ., 
  '@1:Nat> <- '@1:Nat> ; 
  '@2:Mode <- 'crit.Mode)]-> 8[fold(
  '@1:Nat> <- '@1:Nat> ; 
  '@2:Mode <- 'sleep.NcMode)]
8 -[label(rl '<_`,_`,_`,_>['P:Mode,'X:Nat>,'sleep.NcMode,'Y:Nat>] =>
    '<_`,_`,_`,_>['P:Mode,'X:Nat>,'wait.NcMode,'_+_['1.NzNat>,'X:Nat>]] [
    narrowing label('p2_sleep)] ., 
  '@1:Nat> <- '@1:Nat> ; 
  '@2:Mode <- 'sleep.NcMode)]-> 6[fold(
  '@1:Mode <- 'wait.NcMode ; 
  '@2:Nat> <- '@1:Nat> ; 
  '@3:Nat> <- '1.NzNat>)]
8 -[label(rl '<_`,_`,_`,_>['crit.Mode,'X:Nat>,'Q:Mode,'Y:Nat>] =>
    '<_`,_`,_`,_>['sleep.NcMode,'0.Zero>,'Q:Mode,'Y:Nat>] [narrowing label(
    'p1_crit)] ., 
  '@1:Nat> <- '@1:Nat> ; 
  '@2:Mode <- '@2:Mode)]-> (0).Zero[fold(
  'PNC:NcMode <- 'sleep.NcMode ; 
  'QC:Mode <- '@2:Mode ; 
  'X1:Nat> <- '0.Zero> ; 
  'X2:Nat> <- '0.Zero>)])
| 0 |-> state('<_`,_`,_`,_>['PNC:NcMode,'X1:Nat>,'QC:Mode,'X2:Nat>])
6 |-> state('<_`,_`,_`,_>['crit.Mode,'@2:Nat>,'@1:Mode,'_+_['@2:Nat>,
    '@3:Nat>]])
8 |-> state('<_`,_`,_`,_>['crit.Mode,'@1:Nat>,'@2:Mode,'0.Zero>])
| 33
==========================================
reduce in BAKERY-FVP-CTOR-NARROWING-GRAPH : bfs(states(2)) .
rewrites: 936
result FoldedLabeledGraph: (0 -[label(rl '<_`,_`,_`,_>['P:Mode,'0.Zero>,'wait.NcMode,
    'Y:Nat>] => '<_`,_`,_`,_>['P:Mode,'0.Zero>,'crit.Mode,'Y:Nat>] [narrowing
    label('p2_wait)] .
rl '<_`,_`,_`,_>['P:Mode,'_+_['V1:Nat>,'V2:NzNat>],'wait.NcMode,'V1:Nat>] =>
    '<_`,_`,_`,_>['P:Mode,'_+_['V1:Nat>,'V2:NzNat>],'crit.Mode,'V1:Nat>] [
    narrowing label('p2_wait)] ., 
  'PC:Mode <- '@1:Mode ; 
  'QNC:NcMode <- 'wait.NcMode ; 
  'Y1:Nat> <- '0.Zero> ; 
  'Y2:Nat> <- '@2:Nat>)]-> 2
0 -[label(rl '<_`,_`,_`,_>['P:Mode,'0.Zero>,'wait.NcMode,'Y:Nat>] =>
    '<_`,_`,_`,_>['P:Mode,'0.Zero>,'crit.Mode,'Y:Nat>] [narrowing label(
    'p2_wait)] .
rl '<_`,_`,_`,_>['P:Mode,'_+_['V1:Nat>,'V2:NzNat>],'wait.NcMode,'V1:Nat>] =>
    '<_`,_`,_`,_>['P:Mode,'_+_['V1:Nat>,'V2:NzNat>],'crit.Mode,'V1:Nat>] [
    narrowing label('p2_wait)] ., 
  'PC:Mode <- '@1:Mode ; 
  'QNC:NcMode <- 'wait.NcMode ; 
  'Y1:Nat> <- '_+_['@2:Nat>,'@3:NzNat>] ; 
  'Y2:Nat> <- '@2:Nat>)]-> 4
0 -[label(rl '<_`,_`,_`,_>['wait.NcMode,'V1:Nat>,'Q:Mode,'_+_['V1:Nat>,
    'V2:Nat>]] => '<_`,_`,_`,_>['crit.Mode,'V1:Nat>,'Q:Mode,'_+_['V1:Nat>,
    'V2:Nat>]] [narrowing label('p1_wait)] .
rl '<_`,_`,_`,_>['wait.NcMode,'X:Nat>,'Q:Mode,'0.Zero>] => '<_`,_`,_`,_>[
    'crit.Mode,'X:Nat>,'Q:Mode,'0.Zero>] [narrowing label('p1_wait)] ., 
  'PC:Mode <- 'wait.NcMode ; 
  'QNC:NcMode <- '@1:NcMode ; 
  'Y1:Nat> <- '@2:Nat> ; 
  'Y2:Nat> <- '_+_['@2:Nat>,'@3:Nat>])]-> (0).Zero[fold(
  'PC:Mode <- 'crit.Mode ; 
  'QNC:NcMode <- '@1:NcMode ; 
  'Y1:Nat> <- '@2:Nat> ; 
  'Y2:Nat> <- '_+_['@2:Nat>,'@3:Nat>])]
0 -[label(rl '<_`,_`,_`,_>['wait.NcMode,'V1:Nat>,'Q:Mode,'_+_['V1:Nat>,
    'V2:Nat>]] => '<_`,_`,_`,_>['crit.Mode,'V1:Nat>,'Q:Mode,'_+_['V1:Nat>,
    'V2:Nat>]] [narrowing label('p1_wait)] .
rl '<_`,_`,_`,_>['wait.NcMode,'X:Nat>,'Q:Mode,'0.Zero>] => '<_`,_`,_`,_>[
    'crit.Mode,'X:Nat>,'Q:Mode,'0.Zero>] [narrowing label('p1_wait)] ., 
  'PC:Mode <- 'wait.NcMode ; 
  'QNC:NcMode <- '@2:NcMode ; 
  'Y1:Nat> <- '@1:Nat> ; 
  'Y2:Nat> <- '0.Zero>)]-> (0).Zero[fold(
  'PC:Mode <- 'crit.Mode ; 
  'QNC:NcMode <- '@2:NcMode ; 
  'Y1:Nat> <- '@1:Nat> ; 
  'Y2:Nat> <- '0.Zero>)]
0 -[label(rl '<_`,_`,_`,_>['P:Mode,'X:Nat>,'sleep.NcMode,'Y:Nat>] =>
    '<_`,_`,_`,_>['P:Mode,'X:Nat>,'wait.NcMode,'_+_['1.NzNat>,'X:Nat>]] [
    narrowing label('p2_sleep)] ., 
  'PC:Mode <- '@1:Mode ; 
  'QNC:NcMode <- 'sleep.NcMode ; 
  'Y1:Nat> <- '@2:Nat> ; 
  'Y2:Nat> <- '@3:Nat>)]-> (0).Zero[fold(
  'PC:Mode <- '@1:Mode ; 
  'QNC:NcMode <- 'wait.NcMode ; 
  'Y1:Nat> <- '@2:Nat> ; 
  'Y2:Nat> <- '_+_['1.NzNat>,'@2:Nat>])]
0 -[label(rl '<_`,_`,_`,_>['crit.Mode,'X:Nat>,'Q:Mode,'Y:Nat>] =>
    '<_`,_`,_`,_>['sleep.NcMode,'0.Zero>,'Q:Mode,'Y:Nat>] [narrowing label(
    'p1_crit)] ., 
  'PC:Mode <- 'crit.Mode ; 
  'QNC:NcMode <- '@2:NcMode ; 
  'Y1:Nat> <- '@1:Nat> ; 
  'Y2:Nat> <- '@3:Nat>)]-> (0).Zero[fold(
  'PC:Mode <- 'sleep.NcMode ; 
  'QNC:NcMode <- '@2:NcMode ; 
  'Y1:Nat> <- '0.Zero> ; 
  'Y2:Nat> <- '@3:Nat>)]
0 -[label(rl '<_`,_`,_`,_>['sleep.NcMode,'X:Nat>,'Q:Mode,'Y:Nat>] =>
    '<_`,_`,_`,_>['wait.NcMode,'_+_['1.NzNat>,'Y:Nat>],'Q:Mode,'Y:Nat>] [
    narrowing label('p1_sleep)] ., 
  'PC:Mode <- 'sleep.NcMode ; 
  'QNC:NcMode <- '@2:NcMode ; 
  'Y1:Nat> <- '@1:Nat> ; 
  'Y2:Nat> <- '@3:Nat>)]-> (0).Zero[fold(
  'PC:Mode <- 'wait.NcMode ; 
  'QNC:NcMode <- '@2:NcMode ; 
  'Y1:Nat> <- '_+_['1.NzNat>,'@3:Nat>] ; 
  'Y2:Nat> <- '@3:Nat>)]
2 -[label(rl '<_`,_`,_`,_>['wait.NcMode,'V1:Nat>,'Q:Mode,'_+_['V1:Nat>,
    'V2:Nat>]] => '<_`,_`,_`,_>['crit.Mode,'V1:Nat>,'Q:Mode,'_+_['V1:Nat>,
    'V2:Nat>]] [narrowing label('p1_wait)] .
rl '<_`,_`,_`,_>['wait.NcMode,'X:Nat>,'Q:Mode,'0.Zero>] => '<_`,_`,_`,_>[
    'crit.Mode,'X:Nat>,'Q:Mode,'0.Zero>] [narrowing label('p1_wait)] ., 
  '@1:Mode <- 'wait.NcMode ; 
  '@2:Nat> <- '0.Zero>)]-> 2[fold(
  '@1:Mode <- 'crit.Mode ; 
  '@2:Nat> <- '0.Zero>)]
2 -[label(rl '<_`,_`,_`,_>['wait.NcMode,'V1:Nat>,'Q:Mode,'_+_['V1:Nat>,
    'V2:Nat>]] => '<_`,_`,_`,_>['crit.Mode,'V1:Nat>,'Q:Mode,'_+_['V1:Nat>,
    'V2:Nat>]] [narrowing label('p1_wait)] .
rl '<_`,_`,_`,_>['wait.NcMode,'X:Nat>,'Q:Mode,'0.Zero>] => '<_`,_`,_`,_>[
    'crit.Mode,'X:Nat>,'Q:Mode,'0.Zero>] [narrowing label('p1_wait)] ., 
  '@1:Mode <- 'wait.NcMode ; 
  '@2:Nat> <- '@1:Nat>)]-> 2[fold(
  '@1:Mode <- 'crit.Mode ; 
  '@2:Nat> <- '@1:Nat>)]
2 -[label(rl '<_`,_`,_`,_>['P:Mode,'X:Nat>,'crit.Mode,'Y:Nat>] =>
    '<_`,_`,_`,_>['P:Mode,'X:Nat>,'sleep.NcMode,'0.Zero>] [narrowing label(
    'p2_crit)] ., 
  '@1:Mode <- '@1:Mode ; 
  '@2:Nat> <- '@2:Nat>)]-> (0).Zero[fold(
  'PC:Mode <- '@1:Mode ; 
  'QNC:NcMode <- 'sleep.NcMode ; 
  'Y1:Nat> <- '0.Zero> ; 
  'Y2:Nat> <- '0.Zero>)]
2 -[label(rl '<_`,_`,_`,_>['crit.Mode,'X:Nat>,'Q:Mode,'Y:Nat>] =>
    '<_`,_`,_`,_>['sleep.NcMode,'0.Zero>,'Q:Mode,'Y:Nat>] [narrowing label(
    'p1_crit)] ., 
  '@1:Mode <- 'crit.Mode ; 
  '@2:Nat> <- '@1:Nat>)]-> 2[fold(
  '@1:Mode <- 'sleep.NcMode ; 
  '@2:Nat> <- '@1:Nat>)]
2 -[label(rl '<_`,_`,_`,_>['sleep.NcMode,'X:Nat>,'Q:Mode,'Y:Nat>] =>
    '<_`,_`,_`,_>['wait.NcMode,'_+_['1.NzNat>,'Y:Nat>],'Q:Mode,'Y:Nat>] [
    narrowing label('p1_sleep)] ., 
  '@1:Mode <- 'sleep.NcMode ; 
  '@2:Nat> <- '@1:Nat>)]-> 4[fold(
  '@1:Mode <- 'wait.NcMode ; 
  '@2:Nat> <- '@1:Nat> ; 
  '@3:NzNat> <- '1.NzNat>)]
4 -[label(rl '<_`,_`,_`,_>['wait.NcMode,'V1:Nat>,'Q:Mode,'_+_['V1:Nat>,
    'V2:Nat>]] => '<_`,_`,_`,_>['crit.Mode,'V1:Nat>,'Q:Mode,'_+_['V1:Nat>,
    'V2:Nat>]] [narrowing label('p1_wait)] .
rl '<_`,_`,_`,_>['wait.NcMode,'X:Nat>,'Q:Mode,'0.Zero>] => '<_`,_`,_`,_>[
    'crit.Mode,'X:Nat>,'Q:Mode,'0.Zero>] [narrowing label('p1_wait)] ., 
  '@1:Mode <- 'wait.NcMode ; 
  '@2:Nat> <- '0.Zero> ; 
  '@3:NzNat> <- '@1:NzNat>)]-> 4[fold(
  '@1:Mode <- 'crit.Mode ; 
  '@2:Nat> <- '0.Zero> ; 
  '@3:NzNat> <- '@1:NzNat>)]
4 -[label(rl '<_`,_`,_`,_>['P:Mode,'X:Nat>,'crit.Mode,'Y:Nat>] =>
    '<_`,_`,_`,_>['P:Mode,'X:Nat>,'sleep.NcMode,'0.Zero>] [narrowing label(
    'p2_crit)] ., 
  '@1:Mode <- '@1:Mode ; 
  '@2:Nat> <- '@2:Nat> ; 
  '@3:NzNat> <- '@3:NzNat>)]-> (0).Zero[fold(
  'PC:Mode <- '@1:Mode ; 
  'QNC:NcMode <- 'sleep.NcMode ; 
  'Y1:Nat> <- '_+_['@2:Nat>,'@3:NzNat>] ; 
  'Y2:Nat> <- '0.Zero>)]
4 -[label(rl '<_`,_`,_`,_>['crit.Mode,'X:Nat>,'Q:Mode,'Y:Nat>] =>
    '<_`,_`,_`,_>['sleep.NcMode,'0.Zero>,'Q:Mode,'Y:Nat>] [narrowing label(
    'p1_crit)] ., 
  '@1:Mode <- 'crit.Mode ; 
  '@2:Nat> <- '@1:Nat> ; 
  '@3:NzNat> <- '@2:NzNat>)]-> 2[fold(
  '@1:Mode <- 'sleep.NcMode ; 
  '@2:Nat> <- '@1:Nat>)]
4 -[label(rl '<_`,_`,_`,_>['sleep.NcMode,'X:Nat>,'Q:Mode,'Y:Nat>] =>
    '<_`,_`,_`,_>['wait.NcMode,'_+_['1.NzNat>,'Y:Nat>],'Q:Mode,'Y:Nat>] [
    narrowing label('p1_sleep)] ., 
  '@1:Mode <- 'sleep.NcMode ; 
  '@2:Nat> <- '@1:Nat> ; 
  '@3:NzNat> <- '@2:NzNat>)]-> 4[fold(
  '@1:Mode <- 'wait.NcMode ; 
  '@2:Nat> <- '@1:Nat> ; 
  '@3:NzNat> <- '1.NzNat>)])
| 0 |-> state('<_`,_`,_`,_>['PC:Mode,'Y1:Nat>,'QNC:NcMode,'Y2:Nat>])
2 |-> state('<_`,_`,_`,_>['@1:Mode,'0.Zero>,'crit.Mode,'@2:Nat>])
4 |-> state('<_`,_`,_`,_>['@1:Mode,'_+_['@2:Nat>,'@3:NzNat>],'crit.Mode,
    '@2:Nat>])
| 33
==========================================
reduce in BAKERY-FVP-CTOR-NARROWING-GRAPH : bfs(states(3)) .
rewrites: 4820
result FoldedLabeledGraph: (0 -[label(rl '<_`,_`,_`,_>['P:Mode,'X:Nat>,'sleep.NcMode,
    'Y:Nat>] => '<_`,_`,_`,_>['P:Mode,'X:Nat>,'wait.NcMode,'_+_['1.NzNat>,
    'X:Nat>]] [narrowing label('p2_sleep)] ., 
  'X0:Nat> <- '@1:Nat>)]-> 2
0 -[label(rl '<_`,_`,_`,_>['sleep.NcMode,'X:Nat>,'Q:Mode,'Y:Nat>] =>
    '<_`,_`,_`,_>['wait.NcMode,'_+_['1.NzNat>,'Y:Nat>],'Q:Mode,'Y:Nat>] [
    narrowing label('p1_sleep)] ., 
  'X0:Nat> <- '@1:Nat>)]-> 4
2 -[label(rl '<_`,_`,_`,_>['P:Mode,'0.Zero>,'wait.NcMode,'Y:Nat>] =>
    '<_`,_`,_`,_>['P:Mode,'0.Zero>,'crit.Mode,'Y:Nat>] [narrowing label(
    'p2_wait)] .
rl '<_`,_`,_`,_>['P:Mode,'_+_['V1:Nat>,'V2:NzNat>],'wait.NcMode,'V1:Nat>] =>
    '<_`,_`,_`,_>['P:Mode,'_+_['V1:Nat>,'V2:NzNat>],'crit.Mode,'V1:Nat>] [
    narrowing label('p2_wait)] ., 
  '@1:Nat> <- '0.Zero>)]-> 6
2 -[label(rl '<_`,_`,_`,_>['sleep.NcMode,'X:Nat>,'Q:Mode,'Y:Nat>] =>
    '<_`,_`,_`,_>['wait.NcMode,'_+_['1.NzNat>,'Y:Nat>],'Q:Mode,'Y:Nat>] [
    narrowing label('p1_sleep)] ., 
  '@1:Nat> <- '@1:Nat>)]-> 8
4 -[label(rl '<_`,_`,_`,_>['wait.NcMode,'V1:Nat>,'Q:Mode,'_+_['V1:Nat>,
    'V2:Nat>]] => '<_`,_`,_`,_>['crit.Mode,'V1:Nat>,'Q:Mode,'_+_['V1:Nat>,
    'V2:Nat>]] [narrowing label('p1_wait)] .
rl '<_`,_`,_`,_>['wait.NcMode,'X:Nat>,'Q:Mode,'0.Zero>] => '<_`,_`,_`,_>[
    'crit.Mode,'X:Nat>,'Q:Mode,'0.Zero>] [narrowing label('p1_wait)] ., 
  '@1:Nat> <- '0.Zero>)]-> 10
4 -[label(rl '<_`,_`,_`,_>['P:Mode,'X:Nat>,'sleep.NcMode,'Y:Nat>] =>
    '<_`,_`,_`,_>['P:Mode,'X:Nat>,'wait.NcMode,'_+_['1.NzNat>,'X:Nat>]] [
    narrowing label('p2_sleep)] ., 
  '@1:Nat> <- '@1:Nat>)]-> 12
6 -[label(rl '<_`,_`,_`,_>['P:Mode,'X:Nat>,'crit.Mode,'Y:Nat>] =>
    '<_`,_`,_`,_>['P:Mode,'X:Nat>,'sleep.NcMode,'0.Zero>] [narrowing label(
    'p2_crit)] ., none)]-> (0).Zero[fold(
  'X0:Nat> <- '0.Zero>)]
6 -[label(rl '<_`,_`,_`,_>['sleep.NcMode,'X:Nat>,'Q:Mode,'Y:Nat>] =>
    '<_`,_`,_`,_>['wait.NcMode,'_+_['1.NzNat>,'Y:Nat>],'Q:Mode,'Y:Nat>] [
    narrowing label('p1_sleep)] ., none)]-> 20
8 -[label(rl '<_`,_`,_`,_>['P:Mode,'0.Zero>,'wait.NcMode,'Y:Nat>] =>
    '<_`,_`,_`,_>['P:Mode,'0.Zero>,'crit.Mode,'Y:Nat>] [narrowing label(
    'p2_wait)] .
rl '<_`,_`,_`,_>['P:Mode,'_+_['V1:Nat>,'V2:NzNat>],'wait.NcMode,'V1:Nat>] =>
    '<_`,_`,_`,_>['P:Mode,'_+_['V1:Nat>,'V2:NzNat>],'crit.Mode,'V1:Nat>] [
    narrowing label('p2_wait)] ., 
  '@1:Nat> <- '@1:Nat>)]-> 24
10 -[label(rl '<_`,_`,_`,_>['P:Mode,'X:Nat>,'sleep.NcMode,'Y:Nat>] =>
    '<_`,_`,_`,_>['P:Mode,'X:Nat>,'wait.NcMode,'_+_['1.NzNat>,'X:Nat>]] [
    narrowing label('p2_sleep)] ., none)]-> 14
10 -[label(rl '<_`,_`,_`,_>['crit.Mode,'X:Nat>,'Q:Mode,'Y:Nat>] =>
    '<_`,_`,_`,_>['sleep.NcMode,'0.Zero>,'Q:Mode,'Y:Nat>] [narrowing label(
    'p1_crit)] ., none)]-> (0).Zero[fold(
  'X0:Nat> <- '0.Zero>)]
12 -[label(rl '<_`,_`,_`,_>['wait.NcMode,'V1:Nat>,'Q:Mode,'_+_['V1:Nat>,
    'V2:Nat>]] => '<_`,_`,_`,_>['crit.Mode,'V1:Nat>,'Q:Mode,'_+_['V1:Nat>,
    'V2:Nat>]] [narrowing label('p1_wait)] .
rl '<_`,_`,_`,_>['wait.NcMode,'X:Nat>,'Q:Mode,'0.Zero>] => '<_`,_`,_`,_>[
    'crit.Mode,'X:Nat>,'Q:Mode,'0.Zero>] [narrowing label('p1_wait)] ., 
  '@1:Nat> <- '@1:Nat>)]-> 22
14 -[label(rl '<_`,_`,_`,_>['crit.Mode,'X:Nat>,'Q:Mode,'Y:Nat>] =>
    '<_`,_`,_`,_>['sleep.NcMode,'0.Zero>,'Q:Mode,'Y:Nat>] [narrowing label(
    'p1_crit)] ., none)]-> 26
20 -[label(rl '<_`,_`,_`,_>['P:Mode,'X:Nat>,'crit.Mode,'Y:Nat>] =>
    '<_`,_`,_`,_>['P:Mode,'X:Nat>,'sleep.NcMode,'0.Zero>] [narrowing label(
    'p2_crit)] ., none)]-> 30
22 -[label(rl '<_`,_`,_`,_>['crit.Mode,'X:Nat>,'Q:Mode,'Y:Nat>] =>
    '<_`,_`,_`,_>['sleep.NcMode,'0.Zero>,'Q:Mode,'Y:Nat>] [narrowing label(
    'p1_crit)] ., 
  '@1:Nat> <- '@1:Nat>)]-> 28
24 -[label(rl '<_`,_`,_`,_>['P:Mode,'X:Nat>,'crit.Mode,'Y:Nat>] =>
    '<_`,_`,_`,_>['P:Mode,'X:Nat>,'sleep.NcMode,'0.Zero>] [narrowing label(
    'p2_crit)] ., 
  '@1:Nat> <- '@1:Nat>)]-> 32
26 -[label(rl '<_`,_`,_`,_>['P:Mode,'0.Zero>,'wait.NcMode,'Y:Nat>] =>
    '<_`,_`,_`,_>['P:Mode,'0.Zero>,'crit.Mode,'Y:Nat>] [narrowing label(
    'p2_wait)] .
rl '<_`,_`,_`,_>['P:Mode,'_+_['V1:Nat>,'V2:NzNat>],'wait.NcMode,'V1:Nat>] =>
    '<_`,_`,_`,_>['P:Mode,'_+_['V1:Nat>,'V2:NzNat>],'crit.Mode,'V1:Nat>] [
    narrowing label('p2_wait)] ., none)]-> 34
26 -[label(rl '<_`,_`,_`,_>['sleep.NcMode,'X:Nat>,'Q:Mode,'Y:Nat>] =>
    '<_`,_`,_`,_>['wait.NcMode,'_+_['1.NzNat>,'Y:Nat>],'Q:Mode,'Y:Nat>] [
    narrowing label('p1_sleep)] ., none)]-> 8[fold(
  '@1:Nat> <- '1.NzNat>)]
28 -[label(rl '<_`,_`,_`,_>['P:Mode,'0.Zero>,'wait.NcMode,'Y:Nat>] =>
    '<_`,_`,_`,_>['P:Mode,'0.Zero>,'crit.Mode,'Y:Nat>] [narrowing label(
    'p2_wait)] .
rl '<_`,_`,_`,_>['P:Mode,'_+_['V1:Nat>,'V2:NzNat>],'wait.NcMode,'V1:Nat>] =>
    '<_`,_`,_`,_>['P:Mode,'_+_['V1:Nat>,'V2:NzNat>],'crit.Mode,'V1:Nat>] [
    narrowing label('p2_wait)] ., 
  '@1:Nat> <- '@1:Nat>)]-> 38
28 -[label(rl '<_`,_`,_`,_>['sleep.NcMode,'X:Nat>,'Q:Mode,'Y:Nat>] =>
    '<_`,_`,_`,_>['wait.NcMode,'_+_['1.NzNat>,'Y:Nat>],'Q:Mode,'Y:Nat>] [
    narrowing label('p1_sleep)] ., 
  '@1:Nat> <- '@1:Nat>)]-> 8[fold(
  '@1:Nat> <- '_+_['1.NzNat>,'@1:Nat>])]
30 -[label(rl '<_`,_`,_`,_>['wait.NcMode,'V1:Nat>,'Q:Mode,'_+_['V1:Nat>,
    'V2:Nat>]] => '<_`,_`,_`,_>['crit.Mode,'V1:Nat>,'Q:Mode,'_+_['V1:Nat>,
    'V2:Nat>]] [narrowing label('p1_wait)] .
rl '<_`,_`,_`,_>['wait.NcMode,'X:Nat>,'Q:Mode,'0.Zero>] => '<_`,_`,_`,_>[
    'crit.Mode,'X:Nat>,'Q:Mode,'0.Zero>] [narrowing label('p1_wait)] .,
    none)]-> 42
30 -[label(rl '<_`,_`,_`,_>['P:Mode,'X:Nat>,'sleep.NcMode,'Y:Nat>] =>
    '<_`,_`,_`,_>['P:Mode,'X:Nat>,'wait.NcMode,'_+_['1.NzNat>,'X:Nat>]] [
    narrowing label('p2_sleep)] ., none)]-> 12[fold(
  '@1:Nat> <- '1.NzNat>)]
32 -[label(rl '<_`,_`,_`,_>['wait.NcMode,'V1:Nat>,'Q:Mode,'_+_['V1:Nat>,
    'V2:Nat>]] => '<_`,_`,_`,_>['crit.Mode,'V1:Nat>,'Q:Mode,'_+_['V1:Nat>,
    'V2:Nat>]] [narrowing label('p1_wait)] .
rl '<_`,_`,_`,_>['wait.NcMode,'X:Nat>,'Q:Mode,'0.Zero>] => '<_`,_`,_`,_>[
    'crit.Mode,'X:Nat>,'Q:Mode,'0.Zero>] [narrowing label('p1_wait)] ., 
  '@1:Nat> <- '@1:Nat>)]-> 46
32 -[label(rl '<_`,_`,_`,_>['P:Mode,'X:Nat>,'sleep.NcMode,'Y:Nat>] =>
    '<_`,_`,_`,_>['P:Mode,'X:Nat>,'wait.NcMode,'_+_['1.NzNat>,'X:Nat>]] [
    narrowing label('p2_sleep)] ., 
  '@1:Nat> <- '@1:Nat>)]-> 12[fold(
  '@1:Nat> <- '_+_['1.NzNat>,'@1:Nat>])]
34 -[label(rl '<_`,_`,_`,_>['P:Mode,'X:Nat>,'crit.Mode,'Y:Nat>] =>
    '<_`,_`,_`,_>['P:Mode,'X:Nat>,'sleep.NcMode,'0.Zero>] [narrowing label(
    'p2_crit)] ., none)]-> (0).Zero[fold(
  'X0:Nat> <- '0.Zero>)]
34 -[label(rl '<_`,_`,_`,_>['sleep.NcMode,'X:Nat>,'Q:Mode,'Y:Nat>] =>
    '<_`,_`,_`,_>['wait.NcMode,'_+_['1.NzNat>,'Y:Nat>],'Q:Mode,'Y:Nat>] [
    narrowing label('p1_sleep)] ., none)]-> 24[fold(
  '@1:Nat> <- '1.NzNat>)]
38 -[label(rl '<_`,_`,_`,_>['P:Mode,'X:Nat>,'crit.Mode,'Y:Nat>] =>
    '<_`,_`,_`,_>['P:Mode,'X:Nat>,'sleep.NcMode,'0.Zero>] [narrowing label(
    'p2_crit)] ., 
  '@1:Nat> <- '@1:Nat>)]-> (0).Zero[fold(
  'X0:Nat> <- '0.Zero>)]
38 -[label(rl '<_`,_`,_`,_>['sleep.NcMode,'X:Nat>,'Q:Mode,'Y:Nat>] =>
    '<_`,_`,_`,_>['wait.NcMode,'_+_['1.NzNat>,'Y:Nat>],'Q:Mode,'Y:Nat>] [
    narrowing label('p1_sleep)] ., 
  '@1:Nat> <- '@1:Nat>)]-> 24[fold(
  '@1:Nat> <- '_+_['1.NzNat>,'@1:Nat>])]
42 -[label(rl '<_`,_`,_`,_>['P:Mode,'X:Nat>,'sleep.NcMode,'Y:Nat>] =>
    '<_`,_`,_`,_>['P:Mode,'X:Nat>,'wait.NcMode,'_+_['1.NzNat>,'X:Nat>]] [
    narrowing label('p2_sleep)] ., none)]-> 22[fold(
  '@1:Nat> <- '1.NzNat>)]
42 -[label(rl '<_`,_`,_`,_>['crit.Mode,'X:Nat>,'Q:Mode,'Y:Nat>] =>
    '<_`,_`,_`,_>['sleep.NcMode,'0.Zero>,'Q:Mode,'Y:Nat>] [narrowing label(
    'p1_crit)] ., none)]-> (0).Zero[fold(
  'X0:Nat> <- '0.Zero>)]
46 -[label(rl '<_`,_`,_`,_>['P:Mode,'X:Nat>,'sleep.NcMode,'Y:Nat>] =>
    '<_`,_`,_`,_>['P:Mode,'X:Nat>,'wait.NcMode,'_+_['1.NzNat>,'X:Nat>]] [
    narrowing label('p2_sleep)] ., 
  '@1:Nat> <- '@1:Nat>)]-> 22[fold(
  '@1:Nat> <- '_+_['1.NzNat>,'@1:Nat>])]
46 -[label(rl '<_`,_`,_`,_>['crit.Mode,'X:Nat>,'Q:Mode,'Y:Nat>] =>
    '<_`,_`,_`,_>['sleep.NcMode,'0.Zero>,'Q:Mode,'Y:Nat>] [narrowing label(
    'p1_crit)] ., 
  '@1:Nat> <- '@1:Nat>)]-> (0).Zero[fold(
  'X0:Nat> <- '0.Zero>)])
| 0 |-> state('<_`,_`,_`,_>['sleep.NcMode,'X0:Nat>,'sleep.NcMode,'X0:Nat>])
2 |-> state('<_`,_`,_`,_>['sleep.NcMode,'@1:Nat>,'wait.NcMode,'_+_['1.NzNat>,
    '@1:Nat>]])
4 |-> state('<_`,_`,_`,_>['wait.NcMode,'_+_['1.NzNat>,'@1:Nat>],'sleep.NcMode,
    '@1:Nat>])
6 |-> state('<_`,_`,_`,_>['sleep.NcMode,'0.Zero>,'crit.Mode,'1.NzNat>])
8 |-> state('<_`,_`,_`,_>['wait.NcMode,'_+_['1.NzNat>,'1.NzNat>,'@1:Nat>],
    'wait.NcMode,'_+_['1.NzNat>,'@1:Nat>]])
10 |-> state('<_`,_`,_`,_>['crit.Mode,'1.NzNat>,'sleep.NcMode,'0.Zero>])
12 |-> state('<_`,_`,_`,_>['wait.NcMode,'_+_['1.NzNat>,'@1:Nat>],'wait.NcMode,
    '_+_['1.NzNat>,'1.NzNat>,'@1:Nat>]])
14 |-> state('<_`,_`,_`,_>['crit.Mode,'1.NzNat>,'wait.NcMode,'_+_['1.NzNat>,
    '1.NzNat>]])
20 |-> state('<_`,_`,_`,_>['wait.NcMode,'_+_['1.NzNat>,'1.NzNat>],'crit.Mode,
    '1.NzNat>])
22 |-> state('<_`,_`,_`,_>['crit.Mode,'_+_['1.NzNat>,'@1:Nat>],'wait.NcMode,
    '_+_['1.NzNat>,'1.NzNat>,'@1:Nat>]])
24 |-> state('<_`,_`,_`,_>['wait.NcMode,'_+_['1.NzNat>,'1.NzNat>,'@1:Nat>],
    'crit.Mode,'_+_['1.NzNat>,'@1:Nat>]])
26 |-> state('<_`,_`,_`,_>['sleep.NcMode,'0.Zero>,'wait.NcMode,'_+_['1.NzNat>,
    '1.NzNat>]])
28 |-> state('<_`,_`,_`,_>['sleep.NcMode,'0.Zero>,'wait.NcMode,'_+_['1.NzNat>,
    '1.NzNat>,'@1:Nat>]])
30 |-> state('<_`,_`,_`,_>['wait.NcMode,'_+_['1.NzNat>,'1.NzNat>],
    'sleep.NcMode,'0.Zero>])
32 |-> state('<_`,_`,_`,_>['wait.NcMode,'_+_['1.NzNat>,'1.NzNat>,'@1:Nat>],
    'sleep.NcMode,'0.Zero>])
34 |-> state('<_`,_`,_`,_>['sleep.NcMode,'0.Zero>,'crit.Mode,'_+_['1.NzNat>,
    '1.NzNat>]])
38 |-> state('<_`,_`,_`,_>['sleep.NcMode,'0.Zero>,'crit.Mode,'_+_['1.NzNat>,
    '1.NzNat>,'@1:Nat>]])
42 |-> state('<_`,_`,_`,_>['crit.Mode,'_+_['1.NzNat>,'1.NzNat>],'sleep.NcMode,
    '0.Zero>])
46 |-> state('<_`,_`,_`,_>['crit.Mode,'_+_['1.NzNat>,'1.NzNat>,'@1:Nat>],
    'sleep.NcMode,'0.Zero>])
| 65
==========================================
reduce in BAKERY-FVP-CTOR-NARROWING-GRAPH : bfs(states(1 ; 2)) .
rewrites: 2180
result FoldedLabeledGraph: (0 -[label(rl '<_`,_`,_`,_>['P:Mode,'0.Zero>,'wait.NcMode,
    'Y:Nat>] => '<_`,_`,_`,_>['P:Mode,'0.Zero>,'crit.Mode,'Y:Nat>] [narrowing
    label('p2_wait)] .
rl '<_`,_`,_`,_>['P:Mode,'_+_['V1:Nat>,'V2:NzNat>],'wait.NcMode,'V1:Nat>] =>
    '<_`,_`,_`,_>['P:Mode,'_+_['V1:Nat>,'V2:NzNat>],'crit.Mode,'V1:Nat>] [
    narrowing label('p2_wait)] ., 
  'PC:Mode <- '@1:Mode ; 
  'QNC:NcMode <- 'wait.NcMode ; 
  'Y1:Nat> <- '0.Zero> ; 
  'Y2:Nat> <- '@2:Nat>)]-> 3
0 -[label(rl '<_`,_`,_`,_>['P:Mode,'0.Zero>,'wait.NcMode,'Y:Nat>] =>
    '<_`,_`,_`,_>['P:Mode,'0.Zero>,'crit.Mode,'Y:Nat>] [narrowing label(
    'p2_wait)] .
rl '<_`,_`,_`,_>['P:Mode,'_+_['V1:Nat>,'V2:NzNat>],'wait.NcMode,'V1:Nat>] =>
    '<_`,_`,_`,_>['P:Mode,'_+_['V1:Nat>,'V2:NzNat>],'crit.Mode,'V1:Nat>] [
    narrowing label('p2_wait)] ., 
  'PC:Mode <- '@1:Mode ; 
  'QNC:NcMode <- 'wait.NcMode ; 
  'Y1:Nat> <- '_+_['@2:Nat>,'@3:NzNat>] ; 
  'Y2:Nat> <- '@2:Nat>)]-> 5
0 -[label(rl '<_`,_`,_`,_>['wait.NcMode,'V1:Nat>,'Q:Mode,'_+_['V1:Nat>,
    'V2:Nat>]] => '<_`,_`,_`,_>['crit.Mode,'V1:Nat>,'Q:Mode,'_+_['V1:Nat>,
    'V2:Nat>]] [narrowing label('p1_wait)] .
rl '<_`,_`,_`,_>['wait.NcMode,'X:Nat>,'Q:Mode,'0.Zero>] => '<_`,_`,_`,_>[
    'crit.Mode,'X:Nat>,'Q:Mode,'0.Zero>] [narrowing label('p1_wait)] ., 
  'PC:Mode <- 'wait.NcMode ; 
  'QNC:NcMode <- '@1:NcMode ; 
  'Y1:Nat> <- '@2:Nat> ; 
  'Y2:Nat> <- '_+_['@2:Nat>,'@3:Nat>])]-> (0).Zero[fold(
  'PC:Mode <- 'crit.Mode ; 
  'QNC:NcMode <- '@1:NcMode ; 
  'Y1:Nat> <- '@2:Nat> ; 
  'Y2:Nat> <- '_+_['@2:Nat>,'@3:Nat>])]
0 -[label(rl '<_`,_`,_`,_>['wait.NcMode,'V1:Nat>,'Q:Mode,'_+_['V1:Nat>,
    'V2:Nat>]] => '<_`,_`,_`,_>['crit.Mode,'V1:Nat>,'Q:Mode,'_+_['V1:Nat>,
    'V2:Nat>]] [narrowing label('p1_wait)] .
rl '<_`,_`,_`,_>['wait.NcMode,'X:Nat>,'Q:Mode,'0.Zero>] => '<_`,_`,_`,_>[
    'crit.Mode,'X:Nat>,'Q:Mode,'0.Zero>] [narrowing label('p1_wait)] ., 
  'PC:Mode <- 'wait.NcMode ; 
  'QNC:NcMode <- '@2:NcMode ; 
  'Y1:Nat> <- '@1:Nat> ; 
  'Y2:Nat> <- '0.Zero>)]-> (0).Zero[fold(
  'PC:Mode <- 'crit.Mode ; 
  'QNC:NcMode <- '@2:NcMode ; 
  'Y1:Nat> <- '@1:Nat> ; 
  'Y2:Nat> <- '0.Zero>)]
0 -[label(rl '<_`,_`,_`,_>['P:Mode,'X:Nat>,'sleep.NcMode,'Y:Nat>] =>
    '<_`,_`,_`,_>['P:Mode,'X:Nat>,'wait.NcMode,'_+_['1.NzNat>,'X:Nat>]] [
    narrowing label('p2_sleep)] ., 
  'PC:Mode <- '@1:Mode ; 
  'QNC:NcMode <- 'sleep.NcMode ; 
  'Y1:Nat> <- '@2:Nat> ; 
  'Y2:Nat> <- '@3:Nat>)]-> (0).Zero[fold(
  'PC:Mode <- '@1:Mode ; 
  'QNC:NcMode <- 'wait.NcMode ; 
  'Y1:Nat> <- '@2:Nat> ; 
  'Y2:Nat> <- '_+_['1.NzNat>,'@2:Nat>])]
0 -[label(rl '<_`,_`,_`,_>['crit.Mode,'X:Nat>,'Q:Mode,'Y:Nat>] =>
    '<_`,_`,_`,_>['sleep.NcMode,'0.Zero>,'Q:Mode,'Y:Nat>] [narrowing label(
    'p1_crit)] ., 
  'PC:Mode <- 'crit.Mode ; 
  'QNC:NcMode <- '@2:NcMode ; 
  'Y1:Nat> <- '@1:Nat> ; 
  'Y2:Nat> <- '@3:Nat>)]-> (0).Zero[fold(
  'PC:Mode <- 'sleep.NcMode ; 
  'QNC:NcMode <- '@2:NcMode ; 
  'Y1:Nat> <- '0.Zero> ; 
  'Y2:Nat> <- '@3:Nat>)]
0 -[label(rl '<_`,_`,_`,_>['sleep.NcMode,'X:Nat>,'Q:Mode,'Y:Nat>] =>
    '<_`,_`,_`,_>['wait.NcMode,'_+_['1.NzNat>,'Y:Nat>],'Q:Mode,'Y:Nat>] [
    narrowing label('p1_sleep)] ., 
  'PC:Mode <- 'sleep.NcMode ; 
  'QNC:NcMode <- '@2:NcMode ; 
  'Y1:Nat> <- '@1:Nat> ; 
  'Y2:Nat> <- '@3:Nat>)]-> (0).Zero[fold(
  'PC:Mode <- 'wait.NcMode ; 
  'QNC:NcMode <- '@2:NcMode ; 
  'Y1:Nat> <- '_+_['1.NzNat>,'@3:Nat>] ; 
  'Y2:Nat> <- '@3:Nat>)]
1 -[label(rl '<_`,_`,_`,_>['P:Mode,'0.Zero>,'wait.NcMode,'Y:Nat>] =>
    '<_`,_`,_`,_>['P:Mode,'0.Zero>,'crit.Mode,'Y:Nat>] [narrowing label(
    'p2_wait)] .
rl '<_`,_`,_`,_>['P:Mode,'_+_['V1:Nat>,'V2:NzNat>],'wait.NcMode,'V1:Nat>] =>
    '<_`,_`,_`,_>['P:Mode,'_+_['V1:Nat>,'V2:NzNat>],'crit.Mode,'V1:Nat>] [
    narrowing label('p2_wait)] ., 
  'PNC:NcMode <- '@1:NcMode ; 
  'QC:Mode <- 'wait.NcMode ; 
  'X1:Nat> <- '0.Zero> ; 
  'X2:Nat> <- '@2:Nat>)]-> (1).NzNat[fold(
  'PNC:NcMode <- '@1:NcMode ; 
  'QC:Mode <- 'crit.Mode ; 
  'X1:Nat> <- '0.Zero> ; 
  'X2:Nat> <- '@2:Nat>)]
1 -[label(rl '<_`,_`,_`,_>['P:Mode,'0.Zero>,'wait.NcMode,'Y:Nat>] =>
    '<_`,_`,_`,_>['P:Mode,'0.Zero>,'crit.Mode,'Y:Nat>] [narrowing label(
    'p2_wait)] .
rl '<_`,_`,_`,_>['P:Mode,'_+_['V1:Nat>,'V2:NzNat>],'wait.NcMode,'V1:Nat>] =>
    '<_`,_`,_`,_>['P:Mode,'_+_['V1:Nat>,'V2:NzNat>],'crit.Mode,'V1:Nat>] [
    narrowing label('p2_wait)] ., 
  'PNC:NcMode <- '@1:NcMode ; 
  'QC:Mode <- 'wait.NcMode ; 
  'X1:Nat> <- '_+_['@2:Nat>,'@3:NzNat>] ; 
  'X2:Nat> <- '@2:Nat>)]-> (1).NzNat[fold(
  'PNC:NcMode <- '@1:NcMode ; 
  'QC:Mode <- 'crit.Mode ; 
  'X1:Nat> <- '_+_['@2:Nat>,'@3:NzNat>] ; 
  'X2:Nat> <- '@2:Nat>)]
1 -[label(rl '<_`,_`,_`,_>['wait.NcMode,'V1:Nat>,'Q:Mode,'_+_['V1:Nat>,
    'V2:Nat>]] => '<_`,_`,_`,_>['crit.Mode,'V1:Nat>,'Q:Mode,'_+_['V1:Nat>,
    'V2:Nat>]] [narrowing label('p1_wait)] .
rl '<_`,_`,_`,_>['wait.NcMode,'X:Nat>,'Q:Mode,'0.Zero>] => '<_`,_`,_`,_>[
    'crit.Mode,'X:Nat>,'Q:Mode,'0.Zero>] [narrowing label('p1_wait)] ., 
  'PNC:NcMode <- 'wait.NcMode ; 
  'QC:Mode <- '@1:Mode ; 
  'X1:Nat> <- '@2:Nat> ; 
  'X2:Nat> <- '_+_['@2:Nat>,'@3:Nat>])]-> 21
1 -[label(rl '<_`,_`,_`,_>['wait.NcMode,'V1:Nat>,'Q:Mode,'_+_['V1:Nat>,
    'V2:Nat>]] => '<_`,_`,_`,_>['crit.Mode,'V1:Nat>,'Q:Mode,'_+_['V1:Nat>,
    'V2:Nat>]] [narrowing label('p1_wait)] .
rl '<_`,_`,_`,_>['wait.NcMode,'X:Nat>,'Q:Mode,'0.Zero>] => '<_`,_`,_`,_>[
    'crit.Mode,'X:Nat>,'Q:Mode,'0.Zero>] [narrowing label('p1_wait)] ., 
  'PNC:NcMode <- 'wait.NcMode ; 
  'QC:Mode <- '@2:Mode ; 
  'X1:Nat> <- '@1:Nat> ; 
  'X2:Nat> <- '0.Zero>)]-> 23
1 -[label(rl '<_`,_`,_`,_>['P:Mode,'X:Nat>,'crit.Mode,'Y:Nat>] =>
    '<_`,_`,_`,_>['P:Mode,'X:Nat>,'sleep.NcMode,'0.Zero>] [narrowing label(
    'p2_crit)] ., 
  'PNC:NcMode <- '@1:NcMode ; 
  'QC:Mode <- 'crit.Mode ; 
  'X1:Nat> <- '@2:Nat> ; 
  'X2:Nat> <- '@3:Nat>)]-> (0).Zero[fold(
  'PC:Mode <- '@1:NcMode ; 
  'QNC:NcMode <- 'sleep.NcMode ; 
  'Y1:Nat> <- '@2:Nat> ; 
  'Y2:Nat> <- '0.Zero>)]
1 -[label(rl '<_`,_`,_`,_>['P:Mode,'X:Nat>,'sleep.NcMode,'Y:Nat>] =>
    '<_`,_`,_`,_>['P:Mode,'X:Nat>,'wait.NcMode,'_+_['1.NzNat>,'X:Nat>]] [
    narrowing label('p2_sleep)] ., 
  'PNC:NcMode <- '@1:NcMode ; 
  'QC:Mode <- 'sleep.NcMode ; 
  'X1:Nat> <- '@2:Nat> ; 
  'X2:Nat> <- '@3:Nat>)]-> (0).Zero[fold(
  'PC:Mode <- '@1:NcMode ; 
  'QNC:NcMode <- 'wait.NcMode ; 
  'Y1:Nat> <- '@2:Nat> ; 
  'Y2:Nat> <- '_+_['1.NzNat>,'@2:Nat>])]
1 -[label(rl '<_`,_`,_`,_>['sleep.NcMode,'X:Nat>,'Q:Mode,'Y:Nat>] =>
    '<_`,_`,_`,_>['wait.NcMode,'_+_['1.NzNat>,'Y:Nat>],'Q:Mode,'Y:Nat>] [
    narrowing label('p1_sleep)] ., 
  'PNC:NcMode <- 'sleep.NcMode ; 
  'QC:Mode <- '@2:Mode ; 
  'X1:Nat> <- '@1:Nat> ; 
  'X2:Nat> <- '@3:Nat>)]-> (1).NzNat[fold(
  'PNC:NcMode <- 'wait.NcMode ; 
  'QC:Mode <- '@2:Mode ; 
  'X1:Nat> <- '_+_['1.NzNat>,'@3:Nat>] ; 
  'X2:Nat> <- '@3:Nat>)]
3 -[label(rl '<_`,_`,_`,_>['wait.NcMode,'V1:Nat>,'Q:Mode,'_+_['V1:Nat>,
    'V2:Nat>]] => '<_`,_`,_`,_>['crit.Mode,'V1:Nat>,'Q:Mode,'_+_['V1:Nat>,
    'V2:Nat>]] [narrowing label('p1_wait)] .
rl '<_`,_`,_`,_>['wait.NcMode,'X:Nat>,'Q:Mode,'0.Zero>] => '<_`,_`,_`,_>[
    'crit.Mode,'X:Nat>,'Q:Mode,'0.Zero>] [narrowing label('p1_wait)] ., 
  '@1:Mode <- 'wait.NcMode ; 
  '@2:Nat> <- '0.Zero>)]-> 3[fold(
  '@1:Mode <- 'crit.Mode ; 
  '@2:Nat> <- '0.Zero>)]
3 -[label(rl '<_`,_`,_`,_>['wait.NcMode,'V1:Nat>,'Q:Mode,'_+_['V1:Nat>,
    'V2:Nat>]] => '<_`,_`,_`,_>['crit.Mode,'V1:Nat>,'Q:Mode,'_+_['V1:Nat>,
    'V2:Nat>]] [narrowing label('p1_wait)] .
rl '<_`,_`,_`,_>['wait.NcMode,'X:Nat>,'Q:Mode,'0.Zero>] => '<_`,_`,_`,_>[
    'crit.Mode,'X:Nat>,'Q:Mode,'0.Zero>] [narrowing label('p1_wait)] ., 
  '@1:Mode <- 'wait.NcMode ; 
  '@2:Nat> <- '@1:Nat>)]-> 3[fold(
  '@1:Mode <- 'crit.Mode ; 
  '@2:Nat> <- '@1:Nat>)]
3 -[label(rl '<_`,_`,_`,_>['P:Mode,'X:Nat>,'crit.Mode,'Y:Nat>] =>
    '<_`,_`,_`,_>['P:Mode,'X:Nat>,'sleep.NcMode,'0.Zero>] [narrowing label(
    'p2_crit)] ., 
  '@1:Mode <- '@1:Mode ; 
  '@2:Nat> <- '@2:Nat>)]-> (0).Zero[fold(
  'PC:Mode <- '@1:Mode ; 
  'QNC:NcMode <- 'sleep.NcMode ; 
  'Y1:Nat> <- '0.Zero> ; 
  'Y2:Nat> <- '0.Zero>)]
3 -[label(rl '<_`,_`,_`,_>['crit.Mode,'X:Nat>,'Q:Mode,'Y:Nat>] =>
    '<_`,_`,_`,_>['sleep.NcMode,'0.Zero>,'Q:Mode,'Y:Nat>] [narrowing label(
    'p1_crit)] ., 
  '@1:Mode <- 'crit.Mode ; 
  '@2:Nat> <- '@1:Nat>)]-> (1).NzNat[fold(
  'PNC:NcMode <- 'sleep.NcMode ; 
  'QC:Mode <- 'crit.Mode ; 
  'X1:Nat> <- '0.Zero> ; 
  'X2:Nat> <- '@1:Nat>)]
3 -[label(rl '<_`,_`,_`,_>['sleep.NcMode,'X:Nat>,'Q:Mode,'Y:Nat>] =>
    '<_`,_`,_`,_>['wait.NcMode,'_+_['1.NzNat>,'Y:Nat>],'Q:Mode,'Y:Nat>] [
    narrowing label('p1_sleep)] ., 
  '@1:Mode <- 'sleep.NcMode ; 
  '@2:Nat> <- '@1:Nat>)]-> (1).NzNat[fold(
  'PNC:NcMode <- 'wait.NcMode ; 
  'QC:Mode <- 'crit.Mode ; 
  'X1:Nat> <- '_+_['1.NzNat>,'@1:Nat>] ; 
  'X2:Nat> <- '@1:Nat>)]
5 -[label(rl '<_`,_`,_`,_>['wait.NcMode,'V1:Nat>,'Q:Mode,'_+_['V1:Nat>,
    'V2:Nat>]] => '<_`,_`,_`,_>['crit.Mode,'V1:Nat>,'Q:Mode,'_+_['V1:Nat>,
    'V2:Nat>]] [narrowing label('p1_wait)] .
rl '<_`,_`,_`,_>['wait.NcMode,'X:Nat>,'Q:Mode,'0.Zero>] => '<_`,_`,_`,_>[
    'crit.Mode,'X:Nat>,'Q:Mode,'0.Zero>] [narrowing label('p1_wait)] ., 
  '@1:Mode <- 'wait.NcMode ; 
  '@2:Nat> <- '0.Zero> ; 
  '@3:NzNat> <- '@1:NzNat>)]-> 5[fold(
  '@1:Mode <- 'crit.Mode ; 
  '@2:Nat> <- '0.Zero> ; 
  '@3:NzNat> <- '@1:NzNat>)]
5 -[label(rl '<_`,_`,_`,_>['P:Mode,'X:Nat>,'crit.Mode,'Y:Nat>] =>
    '<_`,_`,_`,_>['P:Mode,'X:Nat>,'sleep.NcMode,'0.Zero>] [narrowing label(
    'p2_crit)] ., 
  '@1:Mode <- '@1:Mode ; 
  '@2:Nat> <- '@2:Nat> ; 
  '@3:NzNat> <- '@3:NzNat>)]-> (0).Zero[fold(
  'PC:Mode <- '@1:Mode ; 
  'QNC:NcMode <- 'sleep.NcMode ; 
  'Y1:Nat> <- '_+_['@2:Nat>,'@3:NzNat>] ; 
  'Y2:Nat> <- '0.Zero>)]
5 -[label(rl '<_`,_`,_`,_>['crit.Mode,'X:Nat>,'Q:Mode,'Y:Nat>] =>
    '<_`,_`,_`,_>['sleep.NcMode,'0.Zero>,'Q:Mode,'Y:Nat>] [narrowing label(
    'p1_crit)] ., 
  '@1:Mode <- 'crit.Mode ; 
  '@2:Nat> <- '@1:Nat> ; 
  '@3:NzNat> <- '@2:NzNat>)]-> (1).NzNat[fold(
  'PNC:NcMode <- 'sleep.NcMode ; 
  'QC:Mode <- 'crit.Mode ; 
  'X1:Nat> <- '0.Zero> ; 
  'X2:Nat> <- '@1:Nat>)]
5 -[label(rl '<_`,_`,_`,_>['sleep.NcMode,'X:Nat>,'Q:Mode,'Y:Nat>] =>
    '<_`,_`,_`,_>['wait.NcMode,'_+_['1.NzNat>,'Y:Nat>],'Q:Mode,'Y:Nat>] [
    narrowing label('p1_sleep)] ., 
  '@1:Mode <- 'sleep.NcMode ; 
  '@2:Nat> <- '@1:Nat> ; 
  '@3:NzNat> <- '@2:NzNat>)]-> (1).NzNat[fold(
  'PNC:NcMode <- 'wait.NcMode ; 
  'QC:Mode <- 'crit.Mode ; 
  'X1:Nat> <- '_+_['1.NzNat>,'@1:Nat>] ; 
  'X2:Nat> <- '@1:Nat>)]
21 -[label(rl '<_`,_`,_`,_>['P:Mode,'0.Zero>,'wait.NcMode,'Y:Nat>] =>
    '<_`,_`,_`,_>['P:Mode,'0.Zero>,'crit.Mode,'Y:Nat>] [narrowing label(
    'p2_wait)] .
rl '<_`,_`,_`,_>['P:Mode,'_+_['V1:Nat>,'V2:NzNat>],'wait.NcMode,'V1:Nat>] =>
    '<_`,_`,_`,_>['P:Mode,'_+_['V1:Nat>,'V2:NzNat>],'crit.Mode,'V1:Nat>] [
    narrowing label('p2_wait)] ., 
  '@1:Mode <- 'wait.NcMode ; 
  '@2:Nat> <- '0.Zero> ; 
  '@3:Nat> <- '@1:Nat>)]-> 3[fold(
  '@1:Mode <- 'crit.Mode ; 
  '@2:Nat> <- '@1:Nat>)]
21 -[label(rl '<_`,_`,_`,_>['P:Mode,'X:Nat>,'crit.Mode,'Y:Nat>] =>
    '<_`,_`,_`,_>['P:Mode,'X:Nat>,'sleep.NcMode,'0.Zero>] [narrowing label(
    'p2_crit)] ., 
  '@1:Mode <- 'crit.Mode ; 
  '@2:Nat> <- '@1:Nat> ; 
  '@3:Nat> <- '@2:Nat>)]-> (0).Zero[fold(
  'PC:Mode <- 'crit.Mode ; 
  'QNC:NcMode <- 'sleep.NcMode ; 
  'Y1:Nat> <- '@1:Nat> ; 
  'Y2:Nat> <- '0.Zero>)]
21 -[label(rl '<_`,_`,_`,_>['P:Mode,'X:Nat>,'sleep.NcMode,'Y:Nat>] =>
    '<_`,_`,_`,_>['P:Mode,'X:Nat>,'wait.NcMode,'_+_['1.NzNat>,'X:Nat>]] [
    narrowing label('p2_sleep)] ., 
  '@1:Mode <- 'sleep.NcMode ; 
  '@2:Nat> <- '@1:Nat> ; 
  '@3:Nat> <- '@2:Nat>)]-> (0).Zero[fold(
  'PC:Mode <- 'crit.Mode ; 
  'QNC:NcMode <- 'wait.NcMode ; 
  'Y1:Nat> <- '@1:Nat> ; 
  'Y2:Nat> <- '_+_['1.NzNat>,'@1:Nat>])]
21 -[label(rl '<_`,_`,_`,_>['crit.Mode,'X:Nat>,'Q:Mode,'Y:Nat>] =>
    '<_`,_`,_`,_>['sleep.NcMode,'0.Zero>,'Q:Mode,'Y:Nat>] [narrowing label(
    'p1_crit)] ., 
  '@1:Mode <- '@1:Mode ; 
  '@2:Nat> <- '@2:Nat> ; 
  '@3:Nat> <- '@3:Nat>)]-> (1).NzNat[fold(
  'PNC:NcMode <- 'sleep.NcMode ; 
  'QC:Mode <- '@1:Mode ; 
  'X1:Nat> <- '0.Zero> ; 
  'X2:Nat> <- '_+_['@2:Nat>,'@3:Nat>])]
23 -[label(rl '<_`,_`,_`,_>['P:Mode,'0.Zero>,'wait.NcMode,'Y:Nat>] =>
    '<_`,_`,_`,_>['P:Mode,'0.Zero>,'crit.Mode,'Y:Nat>] [narrowing label(
    'p2_wait)] .
rl '<_`,_`,_`,_>['P:Mode,'_+_['V1:Nat>,'V2:NzNat>],'wait.NcMode,'V1:Nat>] =>
    '<_`,_`,_`,_>['P:Mode,'_+_['V1:Nat>,'V2:NzNat>],'crit.Mode,'V1:Nat>] [
    narrowing label('p2_wait)] ., 
  '@1:Nat> <- '0.Zero> ; 
  '@2:Mode <- 'wait.NcMode)]-> 3[fold(
  '@1:Mode <- 'crit.Mode ; 
  '@2:Nat> <- '0.Zero>)]
23 -[label(rl '<_`,_`,_`,_>['P:Mode,'0.Zero>,'wait.NcMode,'Y:Nat>] =>
    '<_`,_`,_`,_>['P:Mode,'0.Zero>,'crit.Mode,'Y:Nat>] [narrowing label(
    'p2_wait)] .
rl '<_`,_`,_`,_>['P:Mode,'_+_['V1:Nat>,'V2:NzNat>],'wait.NcMode,'V1:Nat>] =>
    '<_`,_`,_`,_>['P:Mode,'_+_['V1:Nat>,'V2:NzNat>],'crit.Mode,'V1:Nat>] [
    narrowing label('p2_wait)] ., 
  '@1:Nat> <- '@1:NzNat> ; 
  '@2:Mode <- 'wait.NcMode)]-> 5[fold(
  '@1:Mode <- 'crit.Mode ; 
  '@2:Nat> <- '0.Zero> ; 
  '@3:NzNat> <- '@1:NzNat>)]
23 -[label(rl '<_`,_`,_`,_>['P:Mode,'X:Nat>,'crit.Mode,'Y:Nat>] =>
    '<_`,_`,_`,_>['P:Mode,'X:Nat>,'sleep.NcMode,'0.Zero>] [narrowing label(
    'p2_crit)] ., 
  '@1:Nat> <- '@1:Nat> ; 
  '@2:Mode <- 'crit.Mode)]-> (0).Zero[fold(
  'PC:Mode <- 'crit.Mode ; 
  'QNC:NcMode <- 'sleep.NcMode ; 
  'Y1:Nat> <- '@1:Nat> ; 
  'Y2:Nat> <- '0.Zero>)]
23 -[label(rl '<_`,_`,_`,_>['P:Mode,'X:Nat>,'sleep.NcMode,'Y:Nat>] =>
    '<_`,_`,_`,_>['P:Mode,'X:Nat>,'wait.NcMode,'_+_['1.NzNat>,'X:Nat>]] [
    narrowing label('p2_sleep)] ., 
  '@1:Nat> <- '@1:Nat> ; 
  '@2:Mode <- 'sleep.NcMode)]-> (0).Zero[fold(
  'PC:Mode <- 'crit.Mode ; 
  'QNC:NcMode <- 'wait.NcMode ; 
  'Y1:Nat> <- '@1:Nat> ; 
  'Y2:Nat> <- '_+_['1.NzNat>,'@1:Nat>])]
23 -[label(rl '<_`,_`,_`,_>['crit.Mode,'X:Nat>,'Q:Mode,'Y:Nat>] =>
    '<_`,_`,_`,_>['sleep.NcMode,'0.Zero>,'Q:Mode,'Y:Nat>] [narrowing label(
    'p1_crit)] ., 
  '@1:Nat> <- '@1:Nat> ; 
  '@2:Mode <- '@2:Mode)]-> (1).NzNat[fold(
  'PNC:NcMode <- 'sleep.NcMode ; 
  'QC:Mode <- '@2:Mode ; 
  'X1:Nat> <- '0.Zero> ; 
  'X2:Nat> <- '0.Zero>)])
| 0 |-> state('<_`,_`,_`,_>['PC:Mode,'Y1:Nat>,'QNC:NcMode,'Y2:Nat>])
1 |-> state('<_`,_`,_`,_>['PNC:NcMode,'X1:Nat>,'QC:Mode,'X2:Nat>])
3 |-> state('<_`,_`,_`,_>['@1:Mode,'0.Zero>,'crit.Mode,'@2:Nat>])
5 |-> state('<_`,_`,_`,_>['@1:Mode,'_+_['@2:Nat>,'@3:NzNat>],'crit.Mode,
    '@2:Nat>])
21 |-> state('<_`,_`,_`,_>['crit.Mode,'@2:Nat>,'@1:Mode,'_+_['@2:Nat>,
    '@3:Nat>]])
23 |-> state('<_`,_`,_`,_>['crit.Mode,'@1:Nat>,'@2:Mode,'0.Zero>])
| 66
==========================================
reduce in BAKERY-FVP-CTOR-NARROWING-GRAPH : nodes(bfs(states(1))) .
rewrites: 945
result NeNodeSet: state('<_`,_`,_`,_>['PNC:NcMode,'X1:Nat>,'QC:Mode,'X2:Nat>])
    ; state('<_`,_`,_`,_>['crit.Mode,'@1:Nat>,'@2:Mode,'0.Zero>]) ; state(
    '<_`,_`,_`,_>['crit.Mode,'@2:Nat>,'@1:Mode,'_+_['@2:Nat>,'@3:Nat>]])
==========================================
reduce in BAKERY-FVP-CTOR-NARROWING-GRAPH : nodes(bfs(states(2))) .
rewrites: 942
result NeNodeSet: state('<_`,_`,_`,_>['@1:Mode,'0.Zero>,'crit.Mode,'@2:Nat>]) ;
    state('<_`,_`,_`,_>['@1:Mode,'_+_['@2:Nat>,'@3:NzNat>],'crit.Mode,
    '@2:Nat>]) ; state('<_`,_`,_`,_>['PC:Mode,'Y1:Nat>,'QNC:NcMode,'Y2:Nat>])
==========================================
reduce in BAKERY-FVP-CTOR-NARROWING-GRAPH : nodes(bfs(states(3))) .
rewrites: 4858
result NeNodeSet: state('<_`,_`,_`,_>['crit.Mode,'1.NzNat>,'sleep.NcMode,
    '0.Zero>]) ; state('<_`,_`,_`,_>['crit.Mode,'1.NzNat>,'wait.NcMode,'_+_[
    '1.NzNat>,'1.NzNat>]]) ; state('<_`,_`,_`,_>['crit.Mode,'_+_['1.NzNat>,
    '1.NzNat>],'sleep.NcMode,'0.Zero>]) ; state('<_`,_`,_`,_>['crit.Mode,'_+_[
    '1.NzNat>,'@1:Nat>],'wait.NcMode,'_+_['1.NzNat>,'1.NzNat>,'@1:Nat>]]) ;
    state('<_`,_`,_`,_>['crit.Mode,'_+_['1.NzNat>,'1.NzNat>,'@1:Nat>],
    'sleep.NcMode,'0.Zero>]) ; state('<_`,_`,_`,_>['sleep.NcMode,'0.Zero>,
    'crit.Mode,'1.NzNat>]) ; state('<_`,_`,_`,_>['sleep.NcMode,'0.Zero>,
    'crit.Mode,'_+_['1.NzNat>,'1.NzNat>]]) ; state('<_`,_`,_`,_>['sleep.NcMode,
    '0.Zero>,'crit.Mode,'_+_['1.NzNat>,'1.NzNat>,'@1:Nat>]]) ; state(
    '<_`,_`,_`,_>['sleep.NcMode,'0.Zero>,'wait.NcMode,'_+_['1.NzNat>,
    '1.NzNat>]]) ; state('<_`,_`,_`,_>['sleep.NcMode,'0.Zero>,'wait.NcMode,
    '_+_['1.NzNat>,'1.NzNat>,'@1:Nat>]]) ; state('<_`,_`,_`,_>['sleep.NcMode,
    '@1:Nat>,'wait.NcMode,'_+_['1.NzNat>,'@1:Nat>]]) ; state('<_`,_`,_`,_>[
    'sleep.NcMode,'X0:Nat>,'sleep.NcMode,'X0:Nat>]) ; state('<_`,_`,_`,_>[
    'wait.NcMode,'_+_['1.NzNat>,'1.NzNat>],'crit.Mode,'1.NzNat>]) ; state(
    '<_`,_`,_`,_>['wait.NcMode,'_+_['1.NzNat>,'1.NzNat>],'sleep.NcMode,
    '0.Zero>]) ; state('<_`,_`,_`,_>['wait.NcMode,'_+_['1.NzNat>,'@1:Nat>],
    'sleep.NcMode,'@1:Nat>]) ; state('<_`,_`,_`,_>['wait.NcMode,'_+_['1.NzNat>,
    '@1:Nat>],'wait.NcMode,'_+_['1.NzNat>,'1.NzNat>,'@1:Nat>]]) ; state(
    '<_`,_`,_`,_>['wait.NcMode,'_+_['1.NzNat>,'1.NzNat>,'@1:Nat>],'crit.Mode,
    '_+_['1.NzNat>,'@1:Nat>]]) ; state('<_`,_`,_`,_>['wait.NcMode,'_+_[
    '1.NzNat>,'1.NzNat>,'@1:Nat>],'sleep.NcMode,'0.Zero>]) ; state(
    '<_`,_`,_`,_>['wait.NcMode,'_+_['1.NzNat>,'1.NzNat>,'@1:Nat>],'wait.NcMode,
    '_+_['1.NzNat>,'@1:Nat>]])
==========================================
reduce in BAKERY-FVP-CTOR-NARROWING-GRAPH : nodes(bfs(states(1 ; 2))) .
rewrites: 2192
result NeNodeSet: state('<_`,_`,_`,_>['@1:Mode,'0.Zero>,'crit.Mode,'@2:Nat>]) ;
    state('<_`,_`,_`,_>['@1:Mode,'_+_['@2:Nat>,'@3:NzNat>],'crit.Mode,
    '@2:Nat>]) ; state('<_`,_`,_`,_>['PC:Mode,'Y1:Nat>,'QNC:NcMode,'Y2:Nat>]) ;
    state('<_`,_`,_`,_>['PNC:NcMode,'X1:Nat>,'QC:Mode,'X2:Nat>]) ; state(
    '<_`,_`,_`,_>['crit.Mode,'@1:Nat>,'@2:Mode,'0.Zero>]) ; state(
    '<_`,_`,_`,_>['crit.Mode,'@2:Nat>,'@1:Mode,'_+_['@2:Nat>,'@3:Nat>]])
==========================================
reduce in BAKERY-FVP-CTOR-NARROWING-GRAPH : nodes(bfs(states(1 ; 2))) <= (
    nodes(bfs(states(1))) ; nodes(bfs(states(2)))) .
rewrites: 4080
result Bool: true
==========================================
reduce in BAKERY-FVP-CTOR-NARROWING-GRAPH : (nodes(bfs(states(1))) ; nodes(bfs(
    states(2)))) <= nodes(bfs(states(1 ; 2))) .
rewrites: 4080
result Bool: true
==========================================
reduce in BAKERY-FVP-CTOR-NARROWING-GRAPH : states(3) <= states(1 ; 2) .
rewrites: 12
result Bool: true
==========================================
reduce in BAKERY-FVP-CTOR-NARROWING-GRAPH : states(3) <= nodes(bfs(states(1 ;
    2))) .
rewrites: 2205
result Bool: true
==========================================
reduce in BAKERY-FVP-CTOR-NARROWING-GRAPH : states(1 ; 2) <= nodes(extend(
    states(1 ; 2))) .
rewrites: 858
result Bool: true
==========================================
reduce in BAKERY-FVP-CTOR-NARROWING-GRAPH : states(1 ; 2) <= nodes(bfs(states(1
    ; 2))) .
rewrites: 2215
result Bool: true
==========================================
reduce in BAKERY-FVP-CTOR-NARROWING-GRAPH : nodes(extend(states(1 ; 2))) <=
    states(1 ; 2) .
rewrites: 846
result [Bool]: ((((state('<_`,_`,_`,_>['crit.Mode,'@2:Nat>,'@1:Mode,'_+_[
    '@2:Nat>,'@3:Nat>]]) <= (state('<_`,_`,_`,_>['PC:Mode,'Y1:Nat>,'QNC:NcMode,
    'Y2:Nat>]) ; state('<_`,_`,_`,_>['PNC:NcMode,'X1:Nat>,'QC:Mode,'X2:Nat>]))
    and-then state('<_`,_`,_`,_>['crit.Mode,'@1:Nat>,'@2:Mode,'0.Zero>]) <= (
    state('<_`,_`,_`,_>['PC:Mode,'Y1:Nat>,'QNC:NcMode,'Y2:Nat>]) ; state(
    '<_`,_`,_`,_>['PNC:NcMode,'X1:Nat>,'QC:Mode,'X2:Nat>]))) and-then state(
    '<_`,_`,_`,_>['PNC:NcMode,'X1:Nat>,'QC:Mode,'X2:Nat>]) <= (state(
    '<_`,_`,_`,_>['PC:Mode,'Y1:Nat>,'QNC:NcMode,'Y2:Nat>]) ; state(
    '<_`,_`,_`,_>['PNC:NcMode,'X1:Nat>,'QC:Mode,'X2:Nat>]))) and-then state(
    '<_`,_`,_`,_>['PC:Mode,'Y1:Nat>,'QNC:NcMode,'Y2:Nat>]) <= (state(
    '<_`,_`,_`,_>['PC:Mode,'Y1:Nat>,'QNC:NcMode,'Y2:Nat>]) ; state(
    '<_`,_`,_`,_>['PNC:NcMode,'X1:Nat>,'QC:Mode,'X2:Nat>]))) and-then state(
    '<_`,_`,_`,_>['@1:Mode,'_+_['@2:Nat>,'@3:NzNat>],'crit.Mode,'@2:Nat>]) <= (
    state('<_`,_`,_`,_>['PC:Mode,'Y1:Nat>,'QNC:NcMode,'Y2:Nat>]) ; state(
    '<_`,_`,_`,_>['PNC:NcMode,'X1:Nat>,'QC:Mode,'X2:Nat>]))) and-then state(
    '<_`,_`,_`,_>['@1:Mode,'0.Zero>,'crit.Mode,'@2:Nat>]) <= (state(
    '<_`,_`,_`,_>['PC:Mode,'Y1:Nat>,'QNC:NcMode,'Y2:Nat>]) ; state(
    '<_`,_`,_`,_>['PNC:NcMode,'X1:Nat>,'QC:Mode,'X2:Nat>]))
==========================================
reduce in BAKERY-FVP-CTOR-NARROWING-GRAPH : nodes(extend(states(1 ; 2))) <=
    nodes(bfs(states(1 ; 2))) .
rewrites: 3023
result Bool: true
==========================================
reduce in BAKERY-FVP-CTOR-NARROWING-GRAPH : nodes(extend(states(5 ; 6 ; 7 ;
    8))) <= states(5 ; 6 ; 7 ; 8) .
rewrites: 870
result [Bool]: (((((state('<_`,_`,_`,_>['sleep.NcMode,'0.Zero>,'@2:NcMode,
    '@3:Nat>]) <= (state('<_`,_`,_`,_>['PC:Mode,'Y1:NzNat>,'QNC:NcMode,
    'Y2:Nat>]) ; state('<_`,_`,_`,_>['PNC:NcMode,'X1:Nat>,'QC:Mode,'X2:NzNat>])
    ; state('<_`,_`,_`,_>['QC:Mode,'Y1:NzNat>,'wait.NcMode,'Y2:Nat>]) ; state(
    '<_`,_`,_`,_>['wait.NcMode,'Y1:Nat>,'QC:Mode,'Y2:NzNat>])) and-then state(
    '<_`,_`,_`,_>['crit.Mode,'@2:NzNat>,'@1:Mode,'_+_['@3:Nat>,'@2:NzNat>]]) <=
    (state('<_`,_`,_`,_>['PC:Mode,'Y1:NzNat>,'QNC:NcMode,'Y2:Nat>]) ; state(
    '<_`,_`,_`,_>['PNC:NcMode,'X1:Nat>,'QC:Mode,'X2:NzNat>]) ; state(
    '<_`,_`,_`,_>['QC:Mode,'Y1:NzNat>,'wait.NcMode,'Y2:Nat>]) ; state(
    '<_`,_`,_`,_>['wait.NcMode,'Y1:Nat>,'QC:Mode,'Y2:NzNat>]))) and-then state(
    '<_`,_`,_`,_>['crit.Mode,'@2:Nat>,'@1:Mode,'_+_['@2:Nat>,'@3:NzNat>]]) <= (
    state('<_`,_`,_`,_>['PC:Mode,'Y1:NzNat>,'QNC:NcMode,'Y2:Nat>]) ; state(
    '<_`,_`,_`,_>['PNC:NcMode,'X1:Nat>,'QC:Mode,'X2:NzNat>]) ; state(
    '<_`,_`,_`,_>['QC:Mode,'Y1:NzNat>,'wait.NcMode,'Y2:Nat>]) ; state(
    '<_`,_`,_`,_>['wait.NcMode,'Y1:Nat>,'QC:Mode,'Y2:NzNat>]))) and-then state(
    '<_`,_`,_`,_>['PNC:NcMode,'X1:Nat>,'QC:Mode,'X2:NzNat>]) <= (state(
    '<_`,_`,_`,_>['PC:Mode,'Y1:NzNat>,'QNC:NcMode,'Y2:Nat>]) ; state(
    '<_`,_`,_`,_>['PNC:NcMode,'X1:Nat>,'QC:Mode,'X2:NzNat>]) ; state(
    '<_`,_`,_`,_>['QC:Mode,'Y1:NzNat>,'wait.NcMode,'Y2:Nat>]) ; state(
    '<_`,_`,_`,_>['wait.NcMode,'Y1:Nat>,'QC:Mode,'Y2:NzNat>]))) and-then state(
    '<_`,_`,_`,_>['PC:Mode,'Y1:NzNat>,'QNC:NcMode,'Y2:Nat>]) <= (state(
    '<_`,_`,_`,_>['PC:Mode,'Y1:NzNat>,'QNC:NcMode,'Y2:Nat>]) ; state(
    '<_`,_`,_`,_>['PNC:NcMode,'X1:Nat>,'QC:Mode,'X2:NzNat>]) ; state(
    '<_`,_`,_`,_>['QC:Mode,'Y1:NzNat>,'wait.NcMode,'Y2:Nat>]) ; state(
    '<_`,_`,_`,_>['wait.NcMode,'Y1:Nat>,'QC:Mode,'Y2:NzNat>]))) and-then state(
    '<_`,_`,_`,_>['@1:NcMode,'@2:Nat>,'sleep.NcMode,'0.Zero>]) <= (state(
    '<_`,_`,_`,_>['PC:Mode,'Y1:NzNat>,'QNC:NcMode,'Y2:Nat>]) ; state(
    '<_`,_`,_`,_>['PNC:NcMode,'X1:Nat>,'QC:Mode,'X2:NzNat>]) ; state(
    '<_`,_`,_`,_>['QC:Mode,'Y1:NzNat>,'wait.NcMode,'Y2:Nat>]) ; state(
    '<_`,_`,_`,_>['wait.NcMode,'Y1:Nat>,'QC:Mode,'Y2:NzNat>]))) and-then state(
    '<_`,_`,_`,_>['@1:Mode,'_+_['@2:Nat>,'@3:NzNat>],'crit.Mode,'@2:Nat>]) <= (
    state('<_`,_`,_`,_>['PC:Mode,'Y1:NzNat>,'QNC:NcMode,'Y2:Nat>]) ; state(
    '<_`,_`,_`,_>['PNC:NcMode,'X1:Nat>,'QC:Mode,'X2:NzNat>]) ; state(
    '<_`,_`,_`,_>['QC:Mode,'Y1:NzNat>,'wait.NcMode,'Y2:Nat>]) ; state(
    '<_`,_`,_`,_>['wait.NcMode,'Y1:Nat>,'QC:Mode,'Y2:NzNat>]))
==========================================
reduce in BAKERY-FVP-CTOR-NARROWING-GRAPH : nodes(bfs(states(3))) <= states(1 ;
    2) .
rewrites: 5009
result Bool: true
==========================================
reduce in BAKERY-FVP-CTOR-NARROWING-GRAPH : invariant(states(1 ; 2)) .
rewrites: 847
result [Bool]: ((((state('<_`,_`,_`,_>['crit.Mode,'@2:Nat>,'@1:Mode,'_+_[
    '@2:Nat>,'@3:Nat>]]) <= (state('<_`,_`,_`,_>['PC:Mode,'Y1:Nat>,'QNC:NcMode,
    'Y2:Nat>]) ; state('<_`,_`,_`,_>['PNC:NcMode,'X1:Nat>,'QC:Mode,'X2:Nat>]))
    and-then state('<_`,_`,_`,_>['crit.Mode,'@1:Nat>,'@2:Mode,'0.Zero>]) <= (
    state('<_`,_`,_`,_>['PC:Mode,'Y1:Nat>,'QNC:NcMode,'Y2:Nat>]) ; state(
    '<_`,_`,_`,_>['PNC:NcMode,'X1:Nat>,'QC:Mode,'X2:Nat>]))) and-then state(
    '<_`,_`,_`,_>['PNC:NcMode,'X1:Nat>,'QC:Mode,'X2:Nat>]) <= (state(
    '<_`,_`,_`,_>['PC:Mode,'Y1:Nat>,'QNC:NcMode,'Y2:Nat>]) ; state(
    '<_`,_`,_`,_>['PNC:NcMode,'X1:Nat>,'QC:Mode,'X2:Nat>]))) and-then state(
    '<_`,_`,_`,_>['PC:Mode,'Y1:Nat>,'QNC:NcMode,'Y2:Nat>]) <= (state(
    '<_`,_`,_`,_>['PC:Mode,'Y1:Nat>,'QNC:NcMode,'Y2:Nat>]) ; state(
    '<_`,_`,_`,_>['PNC:NcMode,'X1:Nat>,'QC:Mode,'X2:Nat>]))) and-then state(
    '<_`,_`,_`,_>['@1:Mode,'_+_['@2:Nat>,'@3:NzNat>],'crit.Mode,'@2:Nat>]) <= (
    state('<_`,_`,_`,_>['PC:Mode,'Y1:Nat>,'QNC:NcMode,'Y2:Nat>]) ; state(
    '<_`,_`,_`,_>['PNC:NcMode,'X1:Nat>,'QC:Mode,'X2:Nat>]))) and-then state(
    '<_`,_`,_`,_>['@1:Mode,'0.Zero>,'crit.Mode,'@2:Nat>]) <= (state(
    '<_`,_`,_`,_>['PC:Mode,'Y1:Nat>,'QNC:NcMode,'Y2:Nat>]) ; state(
    '<_`,_`,_`,_>['PNC:NcMode,'X1:Nat>,'QC:Mode,'X2:Nat>]))
==========================================
reduce in BAKERY-FVP-CTOR-NARROWING-GRAPH : invariant(states(4 ; 5 ; 6)) .
rewrites: 1033
result [Bool]: (((((state('<_`,_`,_`,_>['sleep.NcMode,'0.Zero>,'@2:NcMode,
    '@3:Nat>]) <= (state('<_`,_`,_`,_>['PC:Mode,'Y1:NzNat>,'QNC:NcMode,
    'Y2:Nat>]) ; state('<_`,_`,_`,_>['PNC:NcMode,'X1:Nat>,'QC:Mode,'X2:NzNat>])
    ; state('<_`,_`,_`,_>['sleep.NcMode,'X0:Nat>,'sleep.NcMode,'X1:Nat>]))
    and-then state('<_`,_`,_`,_>['crit.Mode,'@2:NzNat>,'@1:Mode,'_+_['@3:Nat>,
    '@2:NzNat>]]) <= (state('<_`,_`,_`,_>['PC:Mode,'Y1:NzNat>,'QNC:NcMode,
    'Y2:Nat>]) ; state('<_`,_`,_`,_>['PNC:NcMode,'X1:Nat>,'QC:Mode,'X2:NzNat>])
    ; state('<_`,_`,_`,_>['sleep.NcMode,'X0:Nat>,'sleep.NcMode,'X1:Nat>])))
    and-then state('<_`,_`,_`,_>['crit.Mode,'@2:Nat>,'@1:Mode,'_+_['@2:Nat>,
    '@3:NzNat>]]) <= (state('<_`,_`,_`,_>['PC:Mode,'Y1:NzNat>,'QNC:NcMode,
    'Y2:Nat>]) ; state('<_`,_`,_`,_>['PNC:NcMode,'X1:Nat>,'QC:Mode,'X2:NzNat>])
    ; state('<_`,_`,_`,_>['sleep.NcMode,'X0:Nat>,'sleep.NcMode,'X1:Nat>])))
    and-then state('<_`,_`,_`,_>['PNC:NcMode,'X1:Nat>,'QC:Mode,'X2:NzNat>]) <=
    (state('<_`,_`,_`,_>['PC:Mode,'Y1:NzNat>,'QNC:NcMode,'Y2:Nat>]) ; state(
    '<_`,_`,_`,_>['PNC:NcMode,'X1:Nat>,'QC:Mode,'X2:NzNat>]) ; state(
    '<_`,_`,_`,_>['sleep.NcMode,'X0:Nat>,'sleep.NcMode,'X1:Nat>]))) and-then
    state('<_`,_`,_`,_>['PC:Mode,'Y1:NzNat>,'QNC:NcMode,'Y2:Nat>]) <= (state(
    '<_`,_`,_`,_>['PC:Mode,'Y1:NzNat>,'QNC:NcMode,'Y2:Nat>]) ; state(
    '<_`,_`,_`,_>['PNC:NcMode,'X1:Nat>,'QC:Mode,'X2:NzNat>]) ; state(
    '<_`,_`,_`,_>['sleep.NcMode,'X0:Nat>,'sleep.NcMode,'X1:Nat>]))) and-then
    state('<_`,_`,_`,_>['@1:NcMode,'@2:Nat>,'sleep.NcMode,'0.Zero>]) <= (state(
    '<_`,_`,_`,_>['PC:Mode,'Y1:NzNat>,'QNC:NcMode,'Y2:Nat>]) ; state(
    '<_`,_`,_`,_>['PNC:NcMode,'X1:Nat>,'QC:Mode,'X2:NzNat>]) ; state(
    '<_`,_`,_`,_>['sleep.NcMode,'X0:Nat>,'sleep.NcMode,'X1:Nat>]))) and-then
    state('<_`,_`,_`,_>['@1:Mode,'_+_['@2:Nat>,'@3:NzNat>],'crit.Mode,
    '@2:Nat>]) <= (state('<_`,_`,_`,_>['PC:Mode,'Y1:NzNat>,'QNC:NcMode,
    'Y2:Nat>]) ; state('<_`,_`,_`,_>['PNC:NcMode,'X1:Nat>,'QC:Mode,'X2:NzNat>])
    ; state('<_`,_`,_`,_>['sleep.NcMode,'X0:Nat>,'sleep.NcMode,'X1:Nat>]))
==========================================
reduce in BAKERY-FVP-CTOR-NARROWING-GRAPH : invariant(states(5 ; 6 ; 7 ; 8)) .
rewrites: 871
result [Bool]: (((((state('<_`,_`,_`,_>['sleep.NcMode,'0.Zero>,'@2:NcMode,
    '@3:Nat>]) <= (state('<_`,_`,_`,_>['PC:Mode,'Y1:NzNat>,'QNC:NcMode,
    'Y2:Nat>]) ; state('<_`,_`,_`,_>['PNC:NcMode,'X1:Nat>,'QC:Mode,'X2:NzNat>])
    ; state('<_`,_`,_`,_>['QC:Mode,'Y1:NzNat>,'wait.NcMode,'Y2:Nat>]) ; state(
    '<_`,_`,_`,_>['wait.NcMode,'Y1:Nat>,'QC:Mode,'Y2:NzNat>])) and-then state(
    '<_`,_`,_`,_>['crit.Mode,'@2:NzNat>,'@1:Mode,'_+_['@3:Nat>,'@2:NzNat>]]) <=
    (state('<_`,_`,_`,_>['PC:Mode,'Y1:NzNat>,'QNC:NcMode,'Y2:Nat>]) ; state(
    '<_`,_`,_`,_>['PNC:NcMode,'X1:Nat>,'QC:Mode,'X2:NzNat>]) ; state(
    '<_`,_`,_`,_>['QC:Mode,'Y1:NzNat>,'wait.NcMode,'Y2:Nat>]) ; state(
    '<_`,_`,_`,_>['wait.NcMode,'Y1:Nat>,'QC:Mode,'Y2:NzNat>]))) and-then state(
    '<_`,_`,_`,_>['crit.Mode,'@2:Nat>,'@1:Mode,'_+_['@2:Nat>,'@3:NzNat>]]) <= (
    state('<_`,_`,_`,_>['PC:Mode,'Y1:NzNat>,'QNC:NcMode,'Y2:Nat>]) ; state(
    '<_`,_`,_`,_>['PNC:NcMode,'X1:Nat>,'QC:Mode,'X2:NzNat>]) ; state(
    '<_`,_`,_`,_>['QC:Mode,'Y1:NzNat>,'wait.NcMode,'Y2:Nat>]) ; state(
    '<_`,_`,_`,_>['wait.NcMode,'Y1:Nat>,'QC:Mode,'Y2:NzNat>]))) and-then state(
    '<_`,_`,_`,_>['PNC:NcMode,'X1:Nat>,'QC:Mode,'X2:NzNat>]) <= (state(
    '<_`,_`,_`,_>['PC:Mode,'Y1:NzNat>,'QNC:NcMode,'Y2:Nat>]) ; state(
    '<_`,_`,_`,_>['PNC:NcMode,'X1:Nat>,'QC:Mode,'X2:NzNat>]) ; state(
    '<_`,_`,_`,_>['QC:Mode,'Y1:NzNat>,'wait.NcMode,'Y2:Nat>]) ; state(
    '<_`,_`,_`,_>['wait.NcMode,'Y1:Nat>,'QC:Mode,'Y2:NzNat>]))) and-then state(
    '<_`,_`,_`,_>['PC:Mode,'Y1:NzNat>,'QNC:NcMode,'Y2:Nat>]) <= (state(
    '<_`,_`,_`,_>['PC:Mode,'Y1:NzNat>,'QNC:NcMode,'Y2:Nat>]) ; state(
    '<_`,_`,_`,_>['PNC:NcMode,'X1:Nat>,'QC:Mode,'X2:NzNat>]) ; state(
    '<_`,_`,_`,_>['QC:Mode,'Y1:NzNat>,'wait.NcMode,'Y2:Nat>]) ; state(
    '<_`,_`,_`,_>['wait.NcMode,'Y1:Nat>,'QC:Mode,'Y2:NzNat>]))) and-then state(
    '<_`,_`,_`,_>['@1:NcMode,'@2:Nat>,'sleep.NcMode,'0.Zero>]) <= (state(
    '<_`,_`,_`,_>['PC:Mode,'Y1:NzNat>,'QNC:NcMode,'Y2:Nat>]) ; state(
    '<_`,_`,_`,_>['PNC:NcMode,'X1:Nat>,'QC:Mode,'X2:NzNat>]) ; state(
    '<_`,_`,_`,_>['QC:Mode,'Y1:NzNat>,'wait.NcMode,'Y2:Nat>]) ; state(
    '<_`,_`,_`,_>['wait.NcMode,'Y1:Nat>,'QC:Mode,'Y2:NzNat>]))) and-then state(
    '<_`,_`,_`,_>['@1:Mode,'_+_['@2:Nat>,'@3:NzNat>],'crit.Mode,'@2:Nat>]) <= (
    state('<_`,_`,_`,_>['PC:Mode,'Y1:NzNat>,'QNC:NcMode,'Y2:Nat>]) ; state(
    '<_`,_`,_`,_>['PNC:NcMode,'X1:Nat>,'QC:Mode,'X2:NzNat>]) ; state(
    '<_`,_`,_`,_>['QC:Mode,'Y1:NzNat>,'wait.NcMode,'Y2:Nat>]) ; state(
    '<_`,_`,_`,_>['wait.NcMode,'Y1:Nat>,'QC:Mode,'Y2:NzNat>]))
==========================================
reduce in BAKERY-FVP-CTOR-NARROWING-GRAPH : nodes(bfs(states(1 ; 2))) <=
    states(1 ; 2) .
rewrites: 2203
result [Bool]: ((((state('<_`,_`,_`,_>['crit.Mode,'@2:Nat>,'@1:Mode,'_+_[
    '@2:Nat>,'@3:Nat>]]) <= (state('<_`,_`,_`,_>['PC:Mode,'Y1:Nat>,'QNC:NcMode,
    'Y2:Nat>]) ; state('<_`,_`,_`,_>['PNC:NcMode,'X1:Nat>,'QC:Mode,'X2:Nat>]))
    and-then state('<_`,_`,_`,_>['crit.Mode,'@1:Nat>,'@2:Mode,'0.Zero>]) <= (
    state('<_`,_`,_`,_>['PC:Mode,'Y1:Nat>,'QNC:NcMode,'Y2:Nat>]) ; state(
    '<_`,_`,_`,_>['PNC:NcMode,'X1:Nat>,'QC:Mode,'X2:Nat>]))) and-then state(
    '<_`,_`,_`,_>['PNC:NcMode,'X1:Nat>,'QC:Mode,'X2:Nat>]) <= (state(
    '<_`,_`,_`,_>['PC:Mode,'Y1:Nat>,'QNC:NcMode,'Y2:Nat>]) ; state(
    '<_`,_`,_`,_>['PNC:NcMode,'X1:Nat>,'QC:Mode,'X2:Nat>]))) and-then state(
    '<_`,_`,_`,_>['PC:Mode,'Y1:Nat>,'QNC:NcMode,'Y2:Nat>]) <= (state(
    '<_`,_`,_`,_>['PC:Mode,'Y1:Nat>,'QNC:NcMode,'Y2:Nat>]) ; state(
    '<_`,_`,_`,_>['PNC:NcMode,'X1:Nat>,'QC:Mode,'X2:Nat>]))) and-then state(
    '<_`,_`,_`,_>['@1:Mode,'_+_['@2:Nat>,'@3:NzNat>],'crit.Mode,'@2:Nat>]) <= (
    state('<_`,_`,_`,_>['PC:Mode,'Y1:Nat>,'QNC:NcMode,'Y2:Nat>]) ; state(
    '<_`,_`,_`,_>['PNC:NcMode,'X1:Nat>,'QC:Mode,'X2:Nat>]))) and-then state(
    '<_`,_`,_`,_>['@1:Mode,'0.Zero>,'crit.Mode,'@2:Nat>]) <= (state(
    '<_`,_`,_`,_>['PC:Mode,'Y1:Nat>,'QNC:NcMode,'Y2:Nat>]) ; state(
    '<_`,_`,_`,_>['PNC:NcMode,'X1:Nat>,'QC:Mode,'X2:Nat>]))
==========================================
reduce in BAKERY-FVP-CTOR-NARROWING-GRAPH : check states(3) stable in states(1
    ; 2) .
rewrites: 856
result [Bool]: ((((state('<_`,_`,_`,_>['crit.Mode,'@2:Nat>,'@1:Mode,'_+_[
    '@2:Nat>,'@3:Nat>]]) <= (state('<_`,_`,_`,_>['PC:Mode,'Y1:Nat>,'QNC:NcMode,
    'Y2:Nat>]) ; state('<_`,_`,_`,_>['PNC:NcMode,'X1:Nat>,'QC:Mode,'X2:Nat>]))
    and-then state('<_`,_`,_`,_>['crit.Mode,'@1:Nat>,'@2:Mode,'0.Zero>]) <= (
    state('<_`,_`,_`,_>['PC:Mode,'Y1:Nat>,'QNC:NcMode,'Y2:Nat>]) ; state(
    '<_`,_`,_`,_>['PNC:NcMode,'X1:Nat>,'QC:Mode,'X2:Nat>]))) and-then state(
    '<_`,_`,_`,_>['PNC:NcMode,'X1:Nat>,'QC:Mode,'X2:Nat>]) <= (state(
    '<_`,_`,_`,_>['PC:Mode,'Y1:Nat>,'QNC:NcMode,'Y2:Nat>]) ; state(
    '<_`,_`,_`,_>['PNC:NcMode,'X1:Nat>,'QC:Mode,'X2:Nat>]))) and-then state(
    '<_`,_`,_`,_>['PC:Mode,'Y1:Nat>,'QNC:NcMode,'Y2:Nat>]) <= (state(
    '<_`,_`,_`,_>['PC:Mode,'Y1:Nat>,'QNC:NcMode,'Y2:Nat>]) ; state(
    '<_`,_`,_`,_>['PNC:NcMode,'X1:Nat>,'QC:Mode,'X2:Nat>]))) and-then state(
    '<_`,_`,_`,_>['@1:Mode,'_+_['@2:Nat>,'@3:NzNat>],'crit.Mode,'@2:Nat>]) <= (
    state('<_`,_`,_`,_>['PC:Mode,'Y1:Nat>,'QNC:NcMode,'Y2:Nat>]) ; state(
    '<_`,_`,_`,_>['PNC:NcMode,'X1:Nat>,'QC:Mode,'X2:Nat>]))) and-then state(
    '<_`,_`,_`,_>['@1:Mode,'0.Zero>,'crit.Mode,'@2:Nat>]) <= (state(
    '<_`,_`,_`,_>['PC:Mode,'Y1:Nat>,'QNC:NcMode,'Y2:Nat>]) ; state(
    '<_`,_`,_`,_>['PNC:NcMode,'X1:Nat>,'QC:Mode,'X2:Nat>]))
==========================================
reduce in BAKERY-FVP-CTOR-NARROWING-GRAPH : states(3) =>* states(9) .
rewrites: 7408
result Bool: false
==========================================
reduce in BAKERY-FVP-CTOR-NARROWING-GRAPH : states(1 ; 2) =>* states(9) .
rewrites: 1751
result Bool: true
Bye.
